<html>
<body>
<pre>
<h1>礦ision Build Log</h1>
<h2>Tool Versions:</h2>
IDE-Version: μVision V5.15
Copyright (C) 2015 ARM Ltd and ARM Germany GmbH. All rights reserved.
License Information: huangjie18 Microsoft, Microsoft, LIC=GE72Z-J1B51-HP4ZN-YB5S8-LD2AH-93K8B
 
Tool Versions:
Toolchain:       MDK-ARM Professional  Version: 5.15.0
Toolchain Path:  C:\Keil_v5\ARM\ARMCC\Bin
C Compiler:      Armcc.exe V5.05 update 2 (build 169)
Assembler:       Armasm.exe V5.05 update 2 (build 169)
Linker/Locator:  ArmLink.exe V5.05 update 2 (build 169)
Library Manager: ArmAr.exe V5.05 update 2 (build 169)
Hex Converter:   FromElf.exe V5.05 update 2 (build 169)
CPU DLL:         SARMCM3.DLL V5.15.0
Dialog DLL:      DCM.DLL V1.13.2.0
Target DLL:      STLink\ST-LINKIII-KEIL_SWO.dll V2.0.15.0_KEIL
Dialog DLL:      TCM.DLL V1.14.5.0
 
<h2>Project:</h2>
D:\GitHub\LCD_Drive\F1系列\F1VET6_1.54寸-spi\USER\LED.uvprojx
Project File Date:  06/27/2018

<h2>Output:</h2>
*** Using Compiler 'V5.05 update 2 (build 169)', folder: 'C:\Keil_v5\ARM\ARMCC\Bin'
Build target 'LED'
compiling lcd.c...
..\HARDWARE\SPI\spi.h(9): warning:  #47-D: incompatible redefinition of macro "SCL" (declared at line 50 of "..\HARDWARE\LCD\lcd.h")
  #define SCL PBout(13) 
..\HARDWARE\SPI\spi.h(10): warning:  #47-D: incompatible redefinition of macro "SDA" (declared at line 49 of "..\HARDWARE\LCD\lcd.h")
  #define SDA PBout(15)
..\HARDWARE\SPI\spi.h(17): warning:  #1-D: last line of file ends without a newline
  #endif
..\HARDWARE\LCD\lcd.c(278): warning:  #1-D: last line of file ends without a newline
  }
..\HARDWARE\LCD\lcd.c: 4 warnings, 0 errors
linking...
Program Size: Code=2592 RO-data=336 RW-data=32 ZI-data=1832  
FromELF: creating hex file...
"..\OBJ\LED.axf" - 0 Error(s), 4 Warning(s).

<h2>Collection of Component include folders:</h2>
  D:\GitHub\LCD_Drive\F1系列\F1VET6_1.54寸-spi\USER\RTE
  C:\Keil_v5\ARM\PACK\Keil\STM32F1xx_DFP\2.2.0\Device\Include

<h2>Collection of Component Files used:</h2>
</pre>
</body>
</html>
