<html>
<body>
<pre>
<h1>礦ision Build Log</h1>
<h2>Tool Versions:</h2>
IDE-Version: μVision V5.14.0.0
Copyright (C) 2015 ARM Ltd and ARM Germany GmbH. All rights reserved.
License Information: huangjie18 Microsoft, Microsoft, LIC=FQQBS-L8JIL-04LSQ-NRN9R-0BQKG-HDE7P
 
Tool Versions:
Toolchain:       MDK-ARM Professional  Version: 5.14.0.0
Toolchain Path:  C:\Keil_v5\ARM\ARMCC\Bin
C Compiler:      Armcc.exe V5.05 update 1 (build 106)
Assembler:       Armasm.exe V5.05 update 1 (build 106)
Linker/Locator:  ArmLink.exe V5.05 update 1 (build 106)
Library Manager: ArmAr.exe V5.05 update 1 (build 106)
Hex Converter:   FromElf.exe V5.05 update 1 (build 106)
CPU DLL:         SARMCM3.DLL V5.14.0.0
Dialog DLL:      DARMCM1.DLL V1.12.0.0
Target DLL:      STLink\ST-LINKIII-KEIL_SWO.dll V2.0.14.0_KEIL
Dialog DLL:      TARMCM1.DLL V1.9.0.0
 
<h2>Project:</h2>
E:\STM32F0开发\LCD-ucgui - 1 - lib版\USER\LCD.uvprojx
Project File Date:  10/19/2017

<h2>Output:</h2>
Build target 'LCD'
compiling main.c...
..\HARDWARE\TIMER\timer.h(18): warning:  #1-D: last line of file ends without a newline
  #endif
main.c: 1 warning, 0 errors
compiling stm32f0xx_it.c...
..\HARDWARE\TIMER\timer.h(18): warning:  #1-D: last line of file ends without a newline
  #endif
stm32f0xx_it.c: 1 warning, 0 errors
compiling system_stm32f0xx.c...
assembling startup_stm32f030.s...
compiling stm32f0xx_gpio.c...
compiling stm32f0xx_rcc.c...
compiling stm32f0xx_tim.c...
compiling stm32f0xx_misc.c...
compiling delay.c...
compiling sys.c...
compiling ili7735r.c...
..\HARDWARE\LCD\ili7735r.c(41): warning:  #177-D: variable "temp" was declared but never referenced
        u8 i,addr2 = 0,addr3,temp;
..\HARDWARE\LCD\ili7735r.c(274): warning:  #1-D: last line of file ends without a newline
  }
..\HARDWARE\LCD\ili7735r.c: 2 warnings, 0 errors
compiling timer.c...
..\HARDWARE\TIMER\timer.h(18): warning:  #1-D: last line of file ends without a newline
  #endif
..\HARDWARE\TIMER\timer.c(35): warning:  #1-D: last line of file ends without a newline
  }
..\HARDWARE\TIMER\timer.c: 2 warnings, 0 errors
compiling GUI_X.c...
compiling LCDDummy.c...
compiling LCDNull.c...
compiling LCDWin.c...
linking...
Program Size: Code=8008 RO-data=2112 RW-data=28 ZI-data=1692  
FromELF: creating hex file...
"..\OBJ\LCD.axf" - 0 Error(s), 6 Warning(s).

<h2>Collection of Component include folders:</h2>
  E:\STM32F0开发\LCD-ucgui - 1 - lib版\USER\RTE
  C:\Keil_v5\ARM\PACK\Keil\STM32F0xx_DFP\1.5.0

<h2>Collection of Component Files used:</h2>
</pre>
</body>
</html>
