<html>
<body>
<pre>
<h1>礦ision Build Log</h1>
<h2>Tool Versions:</h2>
IDE-Version: μVision V5.15
Copyright (C) 2015 ARM Ltd and ARM Germany GmbH. All rights reserved.
License Information: huangjie18 Microsoft, Microsoft, LIC=GE72Z-J1B51-HP4ZN-YB5S8-LD2AH-93K8B
 
Tool Versions:
Toolchain:       MDK-ARM Professional  Version: 5.15.0
Toolchain Path:  C:\Keil_v5\ARM\ARMCC\Bin
C Compiler:      Armcc.exe V5.05 update 2 (build 169)
Assembler:       Armasm.exe V5.05 update 2 (build 169)
Linker/Locator:  ArmLink.exe V5.05 update 2 (build 169)
Library Manager: ArmAr.exe V5.05 update 2 (build 169)
Hex Converter:   FromElf.exe V5.05 update 2 (build 169)
CPU DLL:         SARMCM3.DLL V5.15.0
Dialog DLL:      DARMSTM.DLL V1.65.0.0
Target DLL:      STLink\ST-LINKIII-KEIL_SWO.dll V2.0.15.0_KEIL
Dialog DLL:      TARMSTM.DLL V1.64.0.0
 
<h2>Project:</h2>
E:\STM32F1开发\2022文件\2022-最终-5\USER\LED.uvprojx
Project File Date:  02/01/2018

<h2>Output:</h2>
*** Using Compiler 'V5.05 update 2 (build 169)', folder: 'C:\Keil_v5\ARM\ARMCC\Bin'
Build target 'LED'
compiling main.c...
main.c(54): warning:  #177-D: variable "adcx" was declared but never referenced
        u16 adcx;
main.c: 1 warning, 0 errors
compiling control.c...
..\HARDWARE\CONTORL\control.c(215): warning:  #177-D: variable "Last_encoder_b" was declared but never referenced
        static u8 Last_encoder_b;
..\HARDWARE\CONTORL\control.c(276): warning:  #177-D: variable "Last_encoder_2b" was declared but never referenced
        static u8 Last_encoder_2b;
..\HARDWARE\CONTORL\control.c(334): warning:  #177-D: variable "Last_encoder_3b" was declared but never referenced
        static u8 Last_encoder_3b;
..\HARDWARE\CONTORL\control.c(392): warning:  #177-D: variable "Last_encoder_4b" was declared but never referenced
        static u8 Last_encoder_4b;
..\HARDWARE\CONTORL\control.c(521): warning:  #1-D: last line of file ends without a newline
  }
..\HARDWARE\CONTORL\control.c: 5 warnings, 0 errors
linking...
Program Size: Code=10544 RO-data=336 RW-data=344 ZI-data=1912  
FromELF: creating hex file...
"..\OBJ\LED.axf" - 0 Error(s), 6 Warning(s).

<h2>Collection of Component include folders:</h2>
  E:\STM32F1开发\2022文件\2022-最终-5\USER\RTE
  C:\Keil_v5\ARM\PACK\Keil\STM32F1xx_DFP\2.2.0\Device\Include

<h2>Collection of Component Files used:</h2>
</pre>
</body>
</html>
