Component: ARM Compiler 5.05 update 1 (build 106) Tool: armlink [4d0efa]

==============================================================================

Section Cross References

    main.o(i.main) refers to delay.o(i.delay_init) for delay_init
    main.o(i.main) refers to timer.o(i.TIM3_Int_Init) for TIM3_Int_Init
    main.o(i.main) refers to guicore.o(i.GUI_Init) for GUI_Init
    main.o(i.main) refers to gui_dispstring.o(i.GUI_DispString) for GUI_DispString
    main.o(i.main) refers to guival.o(i.GUI_DispDecAt) for GUI_DispDecAt
    system_stm32f0xx.o(i.SystemCoreClockUpdate) refers to aeabi_sdiv.o(.text) for __aeabi_uidivmod
    system_stm32f0xx.o(i.SystemCoreClockUpdate) refers to system_stm32f0xx.o(.data) for SystemCoreClock
    system_stm32f0xx.o(i.SystemInit) refers to system_stm32f0xx.o(i.SetSysClock) for SetSysClock
    startup_stm32f030.o(STACK) refers (Special) to heapauxi.o(.text) for __use_two_region_memory
    startup_stm32f030.o(HEAP) refers (Special) to heapauxi.o(.text) for __use_two_region_memory
    startup_stm32f030.o(RESET) refers (Special) to heapauxi.o(.text) for __use_two_region_memory
    startup_stm32f030.o(RESET) refers to startup_stm32f030.o(STACK) for __initial_sp
    startup_stm32f030.o(RESET) refers to startup_stm32f030.o(.text) for Reset_Handler
    startup_stm32f030.o(RESET) refers to stm32f0xx_it.o(i.NMI_Handler) for NMI_Handler
    startup_stm32f030.o(RESET) refers to stm32f0xx_it.o(i.HardFault_Handler) for HardFault_Handler
    startup_stm32f030.o(RESET) refers to stm32f0xx_it.o(i.SVC_Handler) for SVC_Handler
    startup_stm32f030.o(RESET) refers to stm32f0xx_it.o(i.PendSV_Handler) for PendSV_Handler
    startup_stm32f030.o(RESET) refers to stm32f0xx_it.o(i.SysTick_Handler) for SysTick_Handler
    startup_stm32f030.o(RESET) refers to timer.o(i.TIM3_IRQHandler) for TIM3_IRQHandler
    startup_stm32f030.o(.text) refers (Special) to heapauxi.o(.text) for __use_two_region_memory
    startup_stm32f030.o(.text) refers to startup_stm32f030.o(STACK) for __initial_sp
    startup_stm32f030.o(.text) refers to system_stm32f0xx.o(i.SystemInit) for SystemInit
    startup_stm32f030.o(.text) refers to __main.o(!!!main) for __main
    startup_stm32f030.o(.text) refers to startup_stm32f030.o(HEAP) for Heap_Mem
    stm32f0xx_gpio.o(i.GPIO_DeInit) refers to stm32f0xx_rcc.o(i.RCC_AHBPeriphResetCmd) for RCC_AHBPeriphResetCmd
    stm32f0xx_rcc.o(i.RCC_GetClocksFreq) refers to aeabi_sdiv.o(.text) for __aeabi_uidivmod
    stm32f0xx_rcc.o(i.RCC_GetClocksFreq) refers to stm32f0xx_rcc.o(.data) for APBAHBPrescTable
    stm32f0xx_rcc.o(i.RCC_WaitForHSEStartUp) refers to stm32f0xx_rcc.o(i.RCC_GetFlagStatus) for RCC_GetFlagStatus
    stm32f0xx_tim.o(i.TIM_DeInit) refers to stm32f0xx_rcc.o(i.RCC_APB2PeriphResetCmd) for RCC_APB2PeriphResetCmd
    stm32f0xx_tim.o(i.TIM_DeInit) refers to stm32f0xx_rcc.o(i.RCC_APB1PeriphResetCmd) for RCC_APB1PeriphResetCmd
    stm32f0xx_tim.o(i.TIM_ETRClockMode1Config) refers to stm32f0xx_tim.o(i.TIM_ETRConfig) for TIM_ETRConfig
    stm32f0xx_tim.o(i.TIM_ETRClockMode2Config) refers to stm32f0xx_tim.o(i.TIM_ETRConfig) for TIM_ETRConfig
    stm32f0xx_tim.o(i.TIM_ICInit) refers to stm32f0xx_tim.o(i.TI1_Config) for TI1_Config
    stm32f0xx_tim.o(i.TIM_ICInit) refers to stm32f0xx_tim.o(i.TIM_SetIC1Prescaler) for TIM_SetIC1Prescaler
    stm32f0xx_tim.o(i.TIM_ICInit) refers to stm32f0xx_tim.o(i.TI2_Config) for TI2_Config
    stm32f0xx_tim.o(i.TIM_ICInit) refers to stm32f0xx_tim.o(i.TIM_SetIC2Prescaler) for TIM_SetIC2Prescaler
    stm32f0xx_tim.o(i.TIM_ICInit) refers to stm32f0xx_tim.o(i.TI3_Config) for TI3_Config
    stm32f0xx_tim.o(i.TIM_ICInit) refers to stm32f0xx_tim.o(i.TIM_SetIC3Prescaler) for TIM_SetIC3Prescaler
    stm32f0xx_tim.o(i.TIM_ICInit) refers to stm32f0xx_tim.o(i.TI4_Config) for TI4_Config
    stm32f0xx_tim.o(i.TIM_ICInit) refers to stm32f0xx_tim.o(i.TIM_SetIC4Prescaler) for TIM_SetIC4Prescaler
    stm32f0xx_tim.o(i.TIM_ITRxExternalClockConfig) refers to stm32f0xx_tim.o(i.TIM_SelectInputTrigger) for TIM_SelectInputTrigger
    stm32f0xx_tim.o(i.TIM_PWMIConfig) refers to stm32f0xx_tim.o(i.TI1_Config) for TI1_Config
    stm32f0xx_tim.o(i.TIM_PWMIConfig) refers to stm32f0xx_tim.o(i.TIM_SetIC1Prescaler) for TIM_SetIC1Prescaler
    stm32f0xx_tim.o(i.TIM_PWMIConfig) refers to stm32f0xx_tim.o(i.TI2_Config) for TI2_Config
    stm32f0xx_tim.o(i.TIM_PWMIConfig) refers to stm32f0xx_tim.o(i.TIM_SetIC2Prescaler) for TIM_SetIC2Prescaler
    stm32f0xx_tim.o(i.TIM_TIxExternalClockConfig) refers to stm32f0xx_tim.o(i.TI2_Config) for TI2_Config
    stm32f0xx_tim.o(i.TIM_TIxExternalClockConfig) refers to stm32f0xx_tim.o(i.TI1_Config) for TI1_Config
    stm32f0xx_tim.o(i.TIM_TIxExternalClockConfig) refers to stm32f0xx_tim.o(i.TIM_SelectInputTrigger) for TIM_SelectInputTrigger
    delay.o(i.delay_init) refers to stm32f0xx_misc.o(i.SysTick_CLKSourceConfig) for SysTick_CLKSourceConfig
    delay.o(i.delay_init) refers to delay.o(.data) for fac_us
[...]
    libinit.o(.ARM.Collect$$libinit$$00000000) refers (Special) to libinit2.o(.ARM.Collect$$libinit$$0000002C) for __rt_lib_init_argv_1
    libinit.o(.ARM.Collect$$libinit$$00000000) refers (Special) to libinit2.o(.ARM.Collect$$libinit$$0000001B) for __rt_lib_init_atexit_1
    libinit.o(.ARM.Collect$$libinit$$00000000) refers (Special) to libinit2.o(.ARM.Collect$$libinit$$00000021) for __rt_lib_init_clock_1
    libinit.o(.ARM.Collect$$libinit$$00000000) refers (Special) to libinit2.o(.ARM.Collect$$libinit$$00000032) for __rt_lib_init_cpp_1
    libinit.o(.ARM.Collect$$libinit$$00000000) refers (Special) to libinit2.o(.ARM.Collect$$libinit$$00000030) for __rt_lib_init_exceptions_1
    libinit.o(.ARM.Collect$$libinit$$00000000) refers (Special) to libinit2.o(.ARM.Collect$$libinit$$00000002) for __rt_lib_init_fp_1
    libinit.o(.ARM.Collect$$libinit$$00000000) refers (Special) to libinit2.o(.ARM.Collect$$libinit$$0000001F) for __rt_lib_init_fp_trap_1
    libinit.o(.ARM.Collect$$libinit$$00000000) refers (Special) to libinit2.o(.ARM.Collect$$libinit$$00000023) for __rt_lib_init_getenv_1
    libinit.o(.ARM.Collect$$libinit$$00000000) refers (Special) to libinit2.o(.ARM.Collect$$libinit$$0000000A) for __rt_lib_init_heap_1
    libinit.o(.ARM.Collect$$libinit$$00000000) refers (Special) to libinit2.o(.ARM.Collect$$libinit$$00000011) for __rt_lib_init_lc_collate_1
    libinit.o(.ARM.Collect$$libinit$$00000000) refers (Special) to libinit2.o(.ARM.Collect$$libinit$$00000013) for __rt_lib_init_lc_ctype_1
    libinit.o(.ARM.Collect$$libinit$$00000000) refers (Special) to libinit2.o(.ARM.Collect$$libinit$$00000015) for __rt_lib_init_lc_monetary_1
    libinit.o(.ARM.Collect$$libinit$$00000000) refers (Special) to libinit2.o(.ARM.Collect$$libinit$$00000017) for __rt_lib_init_lc_numeric_1
    libinit.o(.ARM.Collect$$libinit$$00000000) refers (Special) to libinit2.o(.ARM.Collect$$libinit$$00000019) for __rt_lib_init_lc_time_1
    libinit.o(.ARM.Collect$$libinit$$00000000) refers (Special) to libinit2.o(.ARM.Collect$$libinit$$00000004) for __rt_lib_init_preinit_1
    libinit.o(.ARM.Collect$$libinit$$00000000) refers (Special) to libinit2.o(.ARM.Collect$$libinit$$0000000E) for __rt_lib_init_rand_1
    libinit.o(.ARM.Collect$$libinit$$00000000) refers (Special) to libinit2.o(.ARM.Collect$$libinit$$00000033) for __rt_lib_init_return
    libinit.o(.ARM.Collect$$libinit$$00000000) refers (Special) to libinit2.o(.ARM.Collect$$libinit$$0000001D) for __rt_lib_init_signal_1
    libinit.o(.ARM.Collect$$libinit$$00000000) refers (Special) to libinit2.o(.ARM.Collect$$libinit$$00000025) for __rt_lib_init_stdio_1
    libinit.o(.ARM.Collect$$libinit$$00000000) refers (Special) to libinit2.o(.ARM.Collect$$libinit$$0000000C) for __rt_lib_init_user_alloc_1
    libspace.o(.text) refers to libspace.o(.bss) for __libspace_start
    rtexit.o(.ARM.Collect$$rtexit$$00000000) refers (Special) to rtexit2.o(.ARM.Collect$$rtexit$$00000004) for __rt_exit_exit
    rtexit.o(.ARM.Collect$$rtexit$$00000000) refers (Special) to rtexit2.o(.ARM.Collect$$rtexit$$00000003) for __rt_exit_ls
    rtexit.o(.ARM.Collect$$rtexit$$00000000) refers (Special) to rtexit2.o(.ARM.Collect$$rtexit$$00000002) for __rt_exit_prels_1
    rtexit.o(.ARM.exidx) refers (Special) to rtexit2.o(.ARM.Collect$$rtexit$$00000004) for __rt_exit_exit
    rtexit.o(.ARM.exidx) refers (Special) to rtexit2.o(.ARM.Collect$$rtexit$$00000003) for __rt_exit_ls
    rtexit.o(.ARM.exidx) refers (Special) to rtexit2.o(.ARM.Collect$$rtexit$$00000002) for __rt_exit_prels_1
    rtexit.o(.ARM.exidx) refers to rtexit.o(.ARM.Collect$$rtexit$$00000000) for .ARM.Collect$$rtexit$$00000000
    rt_raise.o(.text) refers to __raise.o(.text) for __raise
    rt_raise.o(.text) refers to sys_exit.o(.text) for _sys_exit
    defsig_exit.o(.text) refers to sys_exit.o(.text) for _sys_exit
    defsig_fpe_inner.o(.text) refers to defsig_general.o(.text) for __default_signal_display
    libinit2.o(.ARM.Collect$$libinit$$00000010) refers to libinit2.o(.ARM.Collect$$libinit$$0000000F) for .ARM.Collect$$libinit$$0000000F
    libinit2.o(.ARM.Collect$$libinit$$00000012) refers to libinit2.o(.ARM.Collect$$libinit$$0000000F) for .ARM.Collect$$libinit$$0000000F
    libinit2.o(.ARM.Collect$$libinit$$00000014) refers to libinit2.o(.ARM.Collect$$libinit$$0000000F) for .ARM.Collect$$libinit$$0000000F
    libinit2.o(.ARM.Collect$$libinit$$00000016) refers to libinit2.o(.ARM.Collect$$libinit$$0000000F) for .ARM.Collect$$libinit$$0000000F
    libinit2.o(.ARM.Collect$$libinit$$00000018) refers to libinit2.o(.ARM.Collect$$libinit$$0000000F) for .ARM.Collect$$libinit$$0000000F
    libinit2.o(.ARM.Collect$$libinit$$00000026) refers to argv_veneer.o(.text) for __ARM_argv_veneer
    libinit2.o(.ARM.Collect$$libinit$$00000027) refers to argv_veneer.o(.text) for __ARM_argv_veneer
    sys_exit.o(.text) refers (Special) to use_no_semi.o(.text) for __I$use$semihosting
    sys_exit.o(.text) refers (Special) to indicate_semi.o(.text) for __semihosting_library_function
    rtexit2.o(.ARM.Collect$$rtexit$$00000003) refers to libshutdown.o(.ARM.Collect$$libshutdown$$00000000) for __rt_lib_shutdown
    rtexit2.o(.ARM.Collect$$rtexit$$00000004) refers to sys_exit.o(.text) for _sys_exit
    rtexit2.o(.ARM.exidx) refers to rtexit2.o(.ARM.Collect$$rtexit$$00000001) for .ARM.Collect$$rtexit$$00000001
    rtexit2.o(.ARM.exidx) refers to rtexit2.o(.ARM.Collect$$rtexit$$00000003) for .ARM.Collect$$rtexit$$00000003
    rtexit2.o(.ARM.exidx) refers to rtexit2.o(.ARM.Collect$$rtexit$$00000004) for .ARM.Collect$$rtexit$$00000004
    __raise.o(.text) refers to defsig.o(CL$$defsig) for __default_signal_handler
    defsig_general.o(.text) refers to sys_wrch.o(.text) for _ttywrch
    sys_wrch.o(.text) refers (Special) to use_no_semi.o(.text) for __I$use$semihosting
    sys_wrch.o(.text) refers (Special) to indicate_semi.o(.text) for __semihosting_library_function
    defsig.o(CL$$defsig) refers to defsig_fpe_inner.o(.text) for __rt_SIGFPE_inner
    defsig.o(CL$$defsig) refers to defsig_rtmem_inner.o(.text) for __rt_SIGRTMEM_inner
    _get_argv_nomalloc.o(.text) refers (Special) to hrguard.o(.text) for __heap_region$guard
    _get_argv_nomalloc.o(.text) refers to defsig_rtmem_outer.o(.text) for __rt_SIGRTMEM
    _get_argv_nomalloc.o(.text) refers to sys_command.o(.text) for _sys_command_string
    libshutdown.o(.ARM.Collect$$libshutdown$$00000000) refers (Special) to libshutdown2.o(.ARM.Collect$$libshutdown$$00000006) for __rt_lib_shutdown_fp_trap_1
    libshutdown.o(.ARM.Collect$$libshutdown$$00000000) refers (Special) to libshutdown2.o(.ARM.Collect$$libshutdown$$0000000E) for __rt_lib_shutdown_heap_1
    libshutdown.o(.ARM.Collect$$libshutdown$$00000000) refers (Special) to libshutdown2.o(.ARM.Collect$$libshutdown$$0000000F) for __rt_lib_shutdown_return
    libshutdown.o(.ARM.Collect$$libshutdown$$00000000) refers (Special) to libshutdown2.o(.ARM.Collect$$libshutdown$$00000009) for __rt_lib_shutdown_signal_1
    libshutdown.o(.ARM.Collect$$libshutdown$$00000000) refers (Special) to libshutdown2.o(.ARM.Collect$$libshutdown$$00000003) for __rt_lib_shutdown_stdio_1
    libshutdown.o(.ARM.Collect$$libshutdown$$00000000) refers (Special) to libshutdown2.o(.ARM.Collect$$libshutdown$$0000000B) for __rt_lib_shutdown_user_alloc_1
    sys_command.o(.text) refers (Special) to use_no_semi.o(.text) for __I$use$semihosting
    sys_command.o(.text) refers (Special) to indicate_semi.o(.text) for __semihosting_library_function
    defsig_abrt_inner.o(.text) refers to defsig_general.o(.text) for __default_signal_display
    defsig_rtred_inner.o(.text) refers to defsig_general.o(.text) for __default_signal_display
    defsig_rtmem_inner.o(.text) refers to defsig_general.o(.text) for __default_signal_display
    defsig_rtmem_outer.o(.text) refers to defsig_rtmem_inner.o(.text) for __rt_SIGRTMEM_inner
    defsig_rtmem_outer.o(.text) refers to defsig_exit.o(.text) for __sig_exit
    defsig_rtmem_formal.o(.text) refers to rt_raise.o(.text) for __rt_raise
    defsig_stak_inner.o(.text) refers to defsig_general.o(.text) for __default_signal_display
    defsig_pvfn_inner.o(.text) refers to defsig_general.o(.text) for __default_signal_display
    defsig_cppl_inner.o(.text) refers to defsig_general.o(.text) for __default_signal_display
    defsig_segv_inner.o(.text) refers to defsig_general.o(.text) for __default_signal_display
    defsig_other.o(.text) refers to defsig_general.o(.text) for __default_signal_display


==============================================================================

Removing Unused input sections from the image.

    Removing main.o(.rev16_text), (4 bytes).
    Removing main.o(.revsh_text), (4 bytes).
    Removing stm32f0xx_it.o(.rev16_text), (4 bytes).
    Removing stm32f0xx_it.o(.revsh_text), (4 bytes).
    Removing system_stm32f0xx.o(.rev16_text), (4 bytes).
    Removing system_stm32f0xx.o(.revsh_text), (4 bytes).
    Removing system_stm32f0xx.o(i.SystemCoreClockUpdate), (176 bytes).
    Removing system_stm32f0xx.o(.data), (20 bytes).
    Removing stm32f0xx_gpio.o(.rev16_text), (4 bytes).
    Removing stm32f0xx_gpio.o(.revsh_text), (4 bytes).
    Removing stm32f0xx_gpio.o(i.GPIO_DeInit), (176 bytes).
    Removing stm32f0xx_gpio.o(i.GPIO_PinAFConfig), (68 bytes).
    Removing stm32f0xx_gpio.o(i.GPIO_PinLockConfig), (34 bytes).
    Removing stm32f0xx_gpio.o(i.GPIO_ReadInputData), (6 bytes).
    Removing stm32f0xx_gpio.o(i.GPIO_ReadInputDataBit), (20 bytes).
    Removing stm32f0xx_gpio.o(i.GPIO_ReadOutputData), (6 bytes).
    Removing stm32f0xx_gpio.o(i.GPIO_ReadOutputDataBit), (20 bytes).
    Removing stm32f0xx_gpio.o(i.GPIO_StructInit), (24 bytes).
    Removing stm32f0xx_gpio.o(i.GPIO_Write), (4 bytes).
    Removing stm32f0xx_gpio.o(i.GPIO_WriteBit), (12 bytes).
    Removing stm32f0xx_rcc.o(.rev16_text), (4 bytes).
    Removing stm32f0xx_rcc.o(.revsh_text), (4 bytes).
    Removing stm32f0xx_rcc.o(i.RCC_ADCCLKConfig), (56 bytes).
    Removing stm32f0xx_rcc.o(i.RCC_AHBPeriphResetCmd), (32 bytes).
    Removing stm32f0xx_rcc.o(i.RCC_APB1PeriphResetCmd), (32 bytes).
    Removing stm32f0xx_rcc.o(i.RCC_APB2PeriphClockCmd), (32 bytes).
    Removing stm32f0xx_rcc.o(i.RCC_APB2PeriphResetCmd), (32 bytes).
    Removing stm32f0xx_rcc.o(i.RCC_AdjustHSI14CalibrationValue), (32 bytes).
    Removing stm32f0xx_rcc.o(i.RCC_AdjustHSICalibrationValue), (32 bytes).
    Removing stm32f0xx_rcc.o(i.RCC_BackupResetCmd), (40 bytes).
    Removing stm32f0xx_rcc.o(i.RCC_CECCLKConfig), (28 bytes).
    Removing stm32f0xx_rcc.o(i.RCC_ClearFlag), (20 bytes).
    Removing stm32f0xx_rcc.o(i.RCC_ClearITPendingBit), (12 bytes).
    Removing stm32f0xx_rcc.o(i.RCC_ClockSecuritySystemCmd), (40 bytes).
    Removing stm32f0xx_rcc.o(i.RCC_DeInit), (120 bytes).
    Removing stm32f0xx_rcc.o(i.RCC_GetClocksFreq), (584 bytes).
    Removing stm32f0xx_rcc.o(i.RCC_GetFlagStatus), (72 bytes).
    Removing stm32f0xx_rcc.o(i.RCC_GetITStatus), (28 bytes).
    Removing stm32f0xx_rcc.o(i.RCC_GetSYSCLKSource), (16 bytes).
    Removing stm32f0xx_rcc.o(i.RCC_HCLKConfig), (32 bytes).
    Removing stm32f0xx_rcc.o(i.RCC_HSEConfig), (16 bytes).
    Removing stm32f0xx_rcc.o(i.RCC_HSI14ADCRequestCmd), (36 bytes).
    Removing stm32f0xx_rcc.o(i.RCC_HSI14Cmd), (36 bytes).
    Removing stm32f0xx_rcc.o(i.RCC_HSI48Cmd), (40 bytes).
    Removing stm32f0xx_rcc.o(i.RCC_HSICmd), (36 bytes).
    Removing stm32f0xx_rcc.o(i.RCC_I2CCLKConfig), (28 bytes).
    Removing stm32f0xx_rcc.o(i.RCC_ITConfig), (32 bytes).
    Removing stm32f0xx_rcc.o(i.RCC_LSEConfig), (40 bytes).
    Removing stm32f0xx_rcc.o(i.RCC_LSEDriveConfig), (28 bytes).
    Removing stm32f0xx_rcc.o(i.RCC_LSICmd), (36 bytes).
    Removing stm32f0xx_rcc.o(i.RCC_MCOConfig), (28 bytes).
    Removing stm32f0xx_rcc.o(i.RCC_PCLKConfig), (36 bytes).
    Removing stm32f0xx_rcc.o(i.RCC_PLLCmd), (40 bytes).
    Removing stm32f0xx_rcc.o(i.RCC_PLLConfig), (36 bytes).
    Removing stm32f0xx_rcc.o(i.RCC_PREDIV1Config), (28 bytes).
    Removing stm32f0xx_rcc.o(i.RCC_RTCCLKCmd), (40 bytes).
    Removing stm32f0xx_rcc.o(i.RCC_RTCCLKConfig), (16 bytes).
    Removing stm32f0xx_rcc.o(i.RCC_SYSCLKConfig), (28 bytes).
    Removing stm32f0xx_rcc.o(i.RCC_USARTCLKConfig), (72 bytes).
    Removing stm32f0xx_rcc.o(i.RCC_USBCLKConfig), (28 bytes).
    Removing stm32f0xx_rcc.o(i.RCC_WaitForHSEStartUp), (60 bytes).
    Removing stm32f0xx_rcc.o(.data), (16 bytes).
    Removing stm32f0xx_tim.o(.rev16_text), (4 bytes).
    Removing stm32f0xx_tim.o(.revsh_text), (4 bytes).
    Removing stm32f0xx_tim.o(i.TI1_Config), (56 bytes).
    Removing stm32f0xx_tim.o(i.TI2_Config), (76 bytes).
    Removing stm32f0xx_tim.o(i.TI3_Config), (72 bytes).
    Removing stm32f0xx_tim.o(i.TI4_Config), (80 bytes).
    Removing stm32f0xx_tim.o(i.TIM_ARRPreloadConfig), (28 bytes).
    Removing stm32f0xx_tim.o(i.TIM_BDTRConfig), (32 bytes).
    Removing stm32f0xx_tim.o(i.TIM_BDTRStructInit), (18 bytes).
    Removing stm32f0xx_tim.o(i.TIM_CCPreloadControl), (28 bytes).
    Removing stm32f0xx_tim.o(i.TIM_CCxCmd), (30 bytes).
    Removing stm32f0xx_tim.o(i.TIM_CCxNCmd), (30 bytes).
    Removing stm32f0xx_tim.o(i.TIM_ClearFlag), (6 bytes).
    Removing stm32f0xx_tim.o(i.TIM_ClearOC1Ref), (24 bytes).
    Removing stm32f0xx_tim.o(i.TIM_ClearOC2Ref), (20 bytes).
    Removing stm32f0xx_tim.o(i.TIM_ClearOC3Ref), (24 bytes).
    Removing stm32f0xx_tim.o(i.TIM_ClearOC4Ref), (20 bytes).
    Removing stm32f0xx_tim.o(i.TIM_CounterModeConfig), (24 bytes).
    Removing stm32f0xx_tim.o(i.TIM_CtrlPWMOutputs), (34 bytes).
    Removing stm32f0xx_tim.o(i.TIM_DMACmd), (20 bytes).
    Removing stm32f0xx_tim.o(i.TIM_DMAConfig), (12 bytes).
    Removing stm32f0xx_tim.o(i.TIM_DeInit), (260 bytes).
    Removing stm32f0xx_tim.o(i.TIM_ETRClockMode1Config), (52 bytes).
    Removing stm32f0xx_tim.o(i.TIM_ETRClockMode2Config), (34 bytes).
    Removing stm32f0xx_tim.o(i.TIM_ETRConfig), (24 bytes).
    Removing stm32f0xx_tim.o(i.TIM_EncoderInterfaceConfig), (68 bytes).
    Removing stm32f0xx_tim.o(i.TIM_ForcedOC1Config), (24 bytes).
    Removing stm32f0xx_tim.o(i.TIM_ForcedOC2Config), (24 bytes).
    Removing stm32f0xx_tim.o(i.TIM_ForcedOC3Config), (24 bytes).
    Removing stm32f0xx_tim.o(i.TIM_ForcedOC4Config), (24 bytes).
    Removing stm32f0xx_tim.o(i.TIM_GenerateEvent), (4 bytes).
    Removing stm32f0xx_tim.o(i.TIM_GetCapture1), (6 bytes).
    Removing stm32f0xx_tim.o(i.TIM_GetCapture2), (6 bytes).
    Removing stm32f0xx_tim.o(i.TIM_GetCapture3), (6 bytes).
    Removing stm32f0xx_tim.o(i.TIM_GetCapture4), (6 bytes).
    Removing stm32f0xx_tim.o(i.TIM_GetCounter), (6 bytes).
    Removing stm32f0xx_tim.o(i.TIM_GetFlagStatus), (20 bytes).
    Removing stm32f0xx_tim.o(i.TIM_GetPrescaler), (6 bytes).
    Removing stm32f0xx_tim.o(i.TIM_ICInit), (112 bytes).
    Removing stm32f0xx_tim.o(i.TIM_ICStructInit), (18 bytes).
    Removing stm32f0xx_tim.o(i.TIM_ITRxExternalClockConfig), (24 bytes).
    Removing stm32f0xx_tim.o(i.TIM_InternalClockConfig), (16 bytes).
    Removing stm32f0xx_tim.o(i.TIM_OC1FastConfig), (24 bytes).
    Removing stm32f0xx_tim.o(i.TIM_OC1Init), (148 bytes).
    Removing stm32f0xx_tim.o(i.TIM_OC1NPolarityConfig), (24 bytes).
    Removing stm32f0xx_tim.o(i.TIM_OC1PolarityConfig), (24 bytes).
    Removing stm32f0xx_tim.o(i.TIM_OC1PreloadConfig), (24 bytes).
    Removing stm32f0xx_tim.o(i.TIM_OC2FastConfig), (24 bytes).
    Removing stm32f0xx_tim.o(i.TIM_OC2Init), (172 bytes).
    Removing stm32f0xx_tim.o(i.TIM_OC2NPolarityConfig), (24 bytes).
    Removing stm32f0xx_tim.o(i.TIM_OC2PolarityConfig), (24 bytes).
    Removing stm32f0xx_tim.o(i.TIM_OC2PreloadConfig), (24 bytes).
    Removing stm32f0xx_tim.o(i.TIM_OC3FastConfig), (24 bytes).
    Removing stm32f0xx_tim.o(i.TIM_OC3Init), (152 bytes).
    Removing stm32f0xx_tim.o(i.TIM_OC3NPolarityConfig), (24 bytes).
    Removing stm32f0xx_tim.o(i.TIM_OC3PolarityConfig), (24 bytes).
    Removing stm32f0xx_tim.o(i.TIM_OC3PreloadConfig), (24 bytes).
    Removing stm32f0xx_tim.o(i.TIM_OC4FastConfig), (24 bytes).
    Removing stm32f0xx_tim.o(i.TIM_OC4Init), (112 bytes).
    Removing stm32f0xx_tim.o(i.TIM_OC4PolarityConfig), (24 bytes).
    Removing stm32f0xx_tim.o(i.TIM_OC4PreloadConfig), (24 bytes).
    Removing stm32f0xx_tim.o(i.TIM_OCStructInit), (20 bytes).
    Removing stm32f0xx_tim.o(i.TIM_PWMIConfig), (124 bytes).
    Removing stm32f0xx_tim.o(i.TIM_PrescalerConfig), (6 bytes).
    Removing stm32f0xx_tim.o(i.TIM_RemapConfig), (6 bytes).
    Removing stm32f0xx_tim.o(i.TIM_SelectCCDMA), (28 bytes).
    Removing stm32f0xx_tim.o(i.TIM_SelectCOM), (28 bytes).
    Removing stm32f0xx_tim.o(i.TIM_SelectHallSensor), (28 bytes).
    Removing stm32f0xx_tim.o(i.TIM_SelectInputTrigger), (24 bytes).
    Removing stm32f0xx_tim.o(i.TIM_SelectMasterSlaveMode), (20 bytes).
    Removing stm32f0xx_tim.o(i.TIM_SelectOCREFClear), (20 bytes).
    Removing stm32f0xx_tim.o(i.TIM_SelectOCxM), (82 bytes).
    Removing stm32f0xx_tim.o(i.TIM_SelectOnePulseMode), (20 bytes).
    Removing stm32f0xx_tim.o(i.TIM_SelectOutputTrigger), (20 bytes).
    Removing stm32f0xx_tim.o(i.TIM_SelectSlaveMode), (20 bytes).
    Removing stm32f0xx_tim.o(i.TIM_SetAutoreload), (4 bytes).
    Removing stm32f0xx_tim.o(i.TIM_SetClockDivision), (20 bytes).
    Removing stm32f0xx_tim.o(i.TIM_SetCompare1), (4 bytes).
    Removing stm32f0xx_tim.o(i.TIM_SetCompare2), (4 bytes).
    Removing stm32f0xx_tim.o(i.TIM_SetCompare3), (4 bytes).
    Removing stm32f0xx_tim.o(i.TIM_SetCompare4), (4 bytes).
    Removing stm32f0xx_tim.o(i.TIM_SetCounter), (4 bytes).
    Removing stm32f0xx_tim.o(i.TIM_SetIC1Prescaler), (20 bytes).
    Removing stm32f0xx_tim.o(i.TIM_SetIC2Prescaler), (24 bytes).
    Removing stm32f0xx_tim.o(i.TIM_SetIC3Prescaler), (20 bytes).
    Removing stm32f0xx_tim.o(i.TIM_SetIC4Prescaler), (24 bytes).
    Removing stm32f0xx_tim.o(i.TIM_TIxExternalClockConfig), (58 bytes).
    Removing stm32f0xx_tim.o(i.TIM_TimeBaseStructInit), (18 bytes).
    Removing stm32f0xx_tim.o(i.TIM_UpdateDisableConfig), (28 bytes).
    Removing stm32f0xx_tim.o(i.TIM_UpdateRequestConfig), (28 bytes).
    Removing stm32f0xx_misc.o(.rev16_text), (4 bytes).
    Removing stm32f0xx_misc.o(.revsh_text), (4 bytes).
    Removing stm32f0xx_misc.o(i.NVIC_SystemLPConfig), (32 bytes).
    Removing delay.o(.rev16_text), (4 bytes).
    Removing delay.o(.revsh_text), (4 bytes).
    Removing delay.o(i.delay_us), (84 bytes).
    Removing sys.o(.rev16_text), (4 bytes).
    Removing sys.o(.revsh_text), (4 bytes).
    Removing ili7735r.o(.rev16_text), (4 bytes).
    Removing ili7735r.o(.revsh_text), (4 bytes).
    Removing ili7735r.o(i.display_pic), (46 bytes).
    Removing timer.o(.rev16_text), (4 bytes).
    Removing timer.o(.revsh_text), (4 bytes).
    Removing gui_x.o(i.GUI_X_Delay), (24 bytes).
    Removing gui_x.o(i.GUI_X_ErrorOut), (4 bytes).
    Removing gui_x.o(i.GUI_X_ExecIdle), (2 bytes).
    Removing gui_x.o(i.GUI_X_GetTime), (12 bytes).
    Removing gui_x.o(i.GUI_X_Log), (4 bytes).
    Removing gui_x.o(i.GUI_X_Warn), (4 bytes).
    Removing lcddummy.o(.rev16_text), (4 bytes).
    Removing lcddummy.o(.revsh_text), (4 bytes).
    Removing lcddummy.o(i.LCD_L0_DrawHLine), (64 bytes).
    Removing lcddummy.o(i.LCD_L0_DrawVLine), (64 bytes).
    Removing lcddummy.o(i.LCD_L0_Off), (2 bytes).
    Removing lcddummy.o(i.LCD_L0_SetLUTEntry), (6 bytes).
    Removing lcddummy.o(i.LCD_L0_SetOrg), (6 bytes).
    Removing lcddummy.o(i.LCD_L0_SetPixelIndex), (20 bytes).
    Removing lcddummy.o(i.LCD_L0_XorPixel), (36 bytes).
    Removing lcdnull.o(i.LCDNull_c), (2 bytes).
    Removing lcdwin.o(i.LCDWin_c), (2 bytes).
    Removing guicore.o(i.GUI_Clear), (28 bytes).
    Removing guicore.o(i.GUI_ClearRect), (38 bytes).
    Removing guival.o(i.GUI_DispDec), (18 bytes).
    Removing guival.o(i.GUI_DispDecMin), (24 bytes).
    Removing guival.o(i.GUI_DispDecShift), (32 bytes).
    Removing guival.o(i.GUI_DispDecSpace), (76 bytes).
    Removing guival.o(i.GUI_DispSDec), (18 bytes).
    Removing guival.o(i.GUI_DispSDecShift), (48 bytes).
    Removing gui_adddecmin.o(i.GUI_AddDecMin), (28 bytes).
    Removing gui_adddecshift.o(i.GUI_AddSign), (30 bytes).
    Removing gui_adddecshift.o(i.GUI_Long2Len), (48 bytes).
    Removing gui_goto.o(i.GUI_GotoX), (16 bytes).
    Removing gui_goto.o(i.GUI_GotoXY), (26 bytes).
    Removing gui_goto.o(i.GUI_GotoY), (16 bytes).
    Removing gui_goto.o(i._GotoX), (16 bytes).
    Removing gui_goto.o(i._GotoY), (16 bytes).
    Removing gui_uc.o(i.GUI_UC_Encode), (28 bytes).
    Removing gui_uc.o(i.GUI_UC_GetCharCode), (24 bytes).
    Removing gui_uc.o(i.GUI_UC_GetCharSize), (24 bytes).
    Removing gui_uc.o(i.GUI_UC__CalcSizeOfChar), (20 bytes).
    Removing gui_uc.o(i.GUI_UC__NumBytes2NumChars), (44 bytes).
    Removing gui_uc_encodenone.o(i.GUI_UC_SetEncodeNone), (16 bytes).
    Removing guichar.o(i.GL_DispChar), (56 bytes).
    Removing guichar.o(i.GUI_DispNextLine), (32 bytes).
    Removing lcd.o(i.LCD_DrawHLine), (88 bytes).
    Removing lcd.o(i.LCD_DrawPixel), (96 bytes).
    Removing lcd.o(i.LCD_Index2Color), (12 bytes).
    Removing lcd_l0_generic.o(i.LCD_L0_GetIndexMask), (8 bytes).
    Removing lcd_l0_generic.o(i.LCD_L0_Index2Color), (12 bytes).
    Removing lcdpm565.o(i.LCD_GetIndexMask_M565), (8 bytes).
    Removing lcdcolor.o(i.LCD_GetpPalConvTable), (12 bytes).
    Removing lcdcolor.o(i.LCD_GetpPalConvTableUncached), (68 bytes).
    Removing lcdcolor.o(.bss), (512 bytes).
    Removing lcdpm565_index2color.o(i.LCD_Index2Color_M565), (62 bytes).

216 unused section(s) (total 7724 bytes) removed from the image.

==============================================================================

Image Symbol Table

    Local Symbols

    Symbol Name                              Value     Ov Type        Size  Object(Section)

    ../clib/angel/boardlib.s                 0x00000000   Number         0  boardinit1.o ABSOLUTE
    ../clib/angel/boardlib.s                 0x00000000   Number         0  boardinit2.o ABSOLUTE
    ../clib/angel/boardlib.s                 0x00000000   Number         0  boardshut.o ABSOLUTE
    ../clib/angel/boardlib.s                 0x00000000   Number         0  boardinit3.o ABSOLUTE
    ../clib/angel/handlers.s                 0x00000000   Number         0  __scatter_copy.o ABSOLUTE
    ../clib/angel/handlers.s                 0x00000000   Number         0  __scatter_zi.o ABSOLUTE
    ../clib/angel/kernel.s                   0x00000000   Number         0  rtexit.o ABSOLUTE
    ../clib/angel/kernel.s                   0x00000000   Number         0  __rtentry4.o ABSOLUTE
    ../clib/angel/kernel.s                   0x00000000   Number         0  __rtentry2.o ABSOLUTE
    ../clib/angel/kernel.s                   0x00000000   Number         0  __rtentry.o ABSOLUTE
    ../clib/angel/kernel.s                   0x00000000   Number         0  rtexit2.o ABSOLUTE
    ../clib/angel/rt.s                       0x00000000   Number         0  aeabi_idiv0_sigfpe.o ABSOLUTE
    ../clib/angel/rt.s                       0x00000000   Number         0  rt_raise.o ABSOLUTE
    ../clib/angel/rt.s                       0x00000000   Number         0  aeabi_idiv0.o ABSOLUTE
    ../clib/angel/rt.s                       0x00000000   Number         0  rt_div0.o ABSOLUTE
    ../clib/angel/scatterp.s                 0x00000000   Number         0  __scatter.o ABSOLUTE
    ../clib/angel/startup.s                  0x00000000   Number         0  __main.o ABSOLUTE
    ../clib/angel/sys.s                      0x00000000   Number         0  indicate_semi.o ABSOLUTE
    ../clib/angel/sys.s                      0x00000000   Number         0  tempstk.o ABSOLUTE
    ../clib/angel/sys.s                      0x00000000   Number         0  use_no_semi.o ABSOLUTE
    ../clib/angel/sys.s                      0x00000000   Number         0  libspace.o ABSOLUTE
    ../clib/angel/sys.s                      0x00000000   Number         0  sys_stackheap_outer.o ABSOLUTE
    ../clib/angel/sysapp.c                   0x00000000   Number         0  sys_wrch.o ABSOLUTE
    ../clib/angel/sysapp.c                   0x00000000   Number         0  sys_exit.o ABSOLUTE
    ../clib/angel/sysapp.c                   0x00000000   Number         0  sys_command.o ABSOLUTE
    ../clib/armsys.c                         0x00000000   Number         0  argv_veneer.o ABSOLUTE
    ../clib/armsys.c                         0x00000000   Number         0  no_argv.o ABSOLUTE
    ../clib/armsys.c                         0x00000000   Number         0  _get_argv_nomalloc.o ABSOLUTE
    ../clib/division.s                       0x00000000   Number         0  aeabi_sdiv_div0.o ABSOLUTE
    ../clib/division.s                       0x00000000   Number         0  aeabi_sdiv.o ABSOLUTE
    ../clib/heapalloc.c                      0x00000000   Number         0  hrguard.o ABSOLUTE
    ../clib/heapaux.c                        0x00000000   Number         0  heapauxi.o ABSOLUTE
    ../clib/libinit.s                        0x00000000   Number         0  libshutdown2.o ABSOLUTE
    ../clib/libinit.s                        0x00000000   Number         0  libshutdown.o ABSOLUTE
    ../clib/libinit.s                        0x00000000   Number         0  libinit.o ABSOLUTE
    ../clib/libinit.s                        0x00000000   Number         0  libinit2.o ABSOLUTE
    ../clib/memcpset.c                       0x00000000   Number         0  rt_memcpy.o ABSOLUTE
    ../clib/memcpset.c                       0x00000000   Number         0  rt_memcpy.o ABSOLUTE
    ../clib/signal.c                         0x00000000   Number         0  defsig_other.o ABSOLUTE
    ../clib/signal.c                         0x00000000   Number         0  defsig_segv_inner.o ABSOLUTE
    ../clib/signal.c                         0x00000000   Number         0  defsig_general.o ABSOLUTE
    ../clib/signal.c                         0x00000000   Number         0  __raise.o ABSOLUTE
    ../clib/signal.c                         0x00000000   Number         0  defsig_pvfn_inner.o ABSOLUTE
    ../clib/signal.c                         0x00000000   Number         0  defsig_stak_inner.o ABSOLUTE
    ../clib/signal.c                         0x00000000   Number         0  defsig_rtmem_formal.o ABSOLUTE
    ../clib/signal.c                         0x00000000   Number         0  defsig_rtmem_outer.o ABSOLUTE
    ../clib/signal.c                         0x00000000   Number         0  defsig_rtmem_inner.o ABSOLUTE
    ../clib/signal.c                         0x00000000   Number         0  defsig_abrt_inner.o ABSOLUTE
    ../clib/signal.c                         0x00000000   Number         0  defsig_fpe_outer.o ABSOLUTE
    ../clib/signal.c                         0x00000000   Number         0  defsig_fpe_formal.o ABSOLUTE
    ../clib/signal.c                         0x00000000   Number         0  defsig_cppl_inner.o ABSOLUTE
    ../clib/signal.c                         0x00000000   Number         0  defsig_fpe_inner.o ABSOLUTE
    ../clib/signal.c                         0x00000000   Number         0  defsig_exit.o ABSOLUTE
    ../clib/signal.c                         0x00000000   Number         0  defsig_rtred_inner.o ABSOLUTE
    ../clib/signal.s                         0x00000000   Number         0  defsig.o ABSOLUTE
    ../clib/stdlib.c                         0x00000000   Number         0  exit.o ABSOLUTE
    ../fplib/cfplib/fpinit.c                 0x00000000   Number         0  fpinit.o ABSOLUTE
    ..\CORE\startup_stm32f030.s              0x00000000   Number         0  startup_stm32f030.o ABSOLUTE
    ..\Config\GUI_X.c                        0x00000000   Number         0  gui_x.o ABSOLUTE
    ..\FWLIB\src\stm32f0xx_gpio.c            0x00000000   Number         0  stm32f0xx_gpio.o ABSOLUTE
    ..\FWLIB\src\stm32f0xx_misc.c            0x00000000   Number         0  stm32f0xx_misc.o ABSOLUTE
    ..\FWLIB\src\stm32f0xx_rcc.c             0x00000000   Number         0  stm32f0xx_rcc.o ABSOLUTE
    ..\FWLIB\src\stm32f0xx_tim.c             0x00000000   Number         0  stm32f0xx_tim.o ABSOLUTE
    ..\GUI\ConvertColor\LCDPM565.c           0x00000000   Number         0  lcdpm565.o ABSOLUTE
    ..\GUI\Core\GUIChar.c                    0x00000000   Number         0  guichar.o ABSOLUTE
    ..\GUI\Core\GUICharLine.c                0x00000000   Number         0  guicharline.o ABSOLUTE
    ..\GUI\Core\GUICharM.c                   0x00000000   Number         0  guicharm.o ABSOLUTE
    ..\GUI\Core\GUICore.c                    0x00000000   Number         0  guicore.o ABSOLUTE
    ..\GUI\Core\GUIVal.c                     0x00000000   Number         0  guival.o ABSOLUTE
    ..\GUI\Core\GUI_AddDecMin.c              0x00000000   Number         0  gui_adddecmin.o ABSOLUTE
    ..\GUI\Core\GUI_AddDecShift.c            0x00000000   Number         0  gui_adddecshift.o ABSOLUTE
    ..\GUI\Core\GUI_DispString.c             0x00000000   Number         0  gui_dispstring.o ABSOLUTE
    ..\GUI\Core\GUI_DispStringAt.c           0x00000000   Number         0  gui_dispstringat.o ABSOLUTE
    ..\GUI\Core\GUI_Goto.c                   0x00000000   Number         0  gui_goto.o ABSOLUTE
    ..\GUI\Core\GUI_RectsIntersect.c         0x00000000   Number         0  gui_rectsintersect.o ABSOLUTE
    ..\GUI\Core\GUI_UC.c                     0x00000000   Number         0  gui_uc.o ABSOLUTE
    ..\GUI\Core\GUI_UC_EncodeNone.c          0x00000000   Number         0  gui_uc_encodenone.o ABSOLUTE
    ..\GUI\Core\LCD.c                        0x00000000   Number         0  lcd.o ABSOLUTE
    ..\GUI\Core\LCDColor.c                   0x00000000   Number         0  lcdcolor.o ABSOLUTE
    ..\GUI\Core\LCDPM565_Index2Color.c       0x00000000   Number         0  lcdpm565_index2color.o ABSOLUTE
    ..\GUI\Core\LCD_L0_Generic.c             0x00000000   Number         0  lcd_l0_generic.o ABSOLUTE
    ..\GUI\Font\F6x8.c                       0x00000000   Number         0  f6x8.o ABSOLUTE
    ..\GUI\LCDDriver\LCDDummy.c              0x00000000   Number         0  lcddummy.o ABSOLUTE
    ..\GUI\LCDDriver\LCDNull.c               0x00000000   Number         0  lcdnull.o ABSOLUTE
    ..\GUI\LCDDriver\LCDWin.c                0x00000000   Number         0  lcdwin.o ABSOLUTE
    ..\HARDWARE\LCD\ili7735r.c               0x00000000   Number         0  ili7735r.o ABSOLUTE
    ..\HARDWARE\TIMER\timer.c                0x00000000   Number         0  timer.o ABSOLUTE
    ..\SYSTEM\delay\delay.c                  0x00000000   Number         0  delay.o ABSOLUTE
    ..\SYSTEM\sys\sys.c                      0x00000000   Number         0  sys.o ABSOLUTE
    ..\\FWLIB\\src\\stm32f0xx_gpio.c         0x00000000   Number         0  stm32f0xx_gpio.o ABSOLUTE
    ..\\FWLIB\\src\\stm32f0xx_misc.c         0x00000000   Number         0  stm32f0xx_misc.o ABSOLUTE
    ..\\FWLIB\\src\\stm32f0xx_rcc.c          0x00000000   Number         0  stm32f0xx_rcc.o ABSOLUTE
    ..\\FWLIB\\src\\stm32f0xx_tim.c          0x00000000   Number         0  stm32f0xx_tim.o ABSOLUTE
    ..\\GUI\\LCDDriver\\LCDDummy.c           0x00000000   Number         0  lcddummy.o ABSOLUTE
    ..\\HARDWARE\\LCD\\ili7735r.c            0x00000000   Number         0  ili7735r.o ABSOLUTE
    ..\\HARDWARE\\TIMER\\timer.c             0x00000000   Number         0  timer.o ABSOLUTE
    ..\\SYSTEM\\delay\\delay.c               0x00000000   Number         0  delay.o ABSOLUTE
    ..\\SYSTEM\\sys\\sys.c                   0x00000000   Number         0  sys.o ABSOLUTE
    dc.s                                     0x00000000   Number         0  dc.o ABSOLUTE
    main.c                                   0x00000000   Number         0  main.o ABSOLUTE
    main.c                                   0x00000000   Number         0  main.o ABSOLUTE
    stm32f0xx_it.c                           0x00000000   Number         0  stm32f0xx_it.o ABSOLUTE
    stm32f0xx_it.c                           0x00000000   Number         0  stm32f0xx_it.o ABSOLUTE
    system_stm32f0xx.c                       0x00000000   Number         0  system_stm32f0xx.o ABSOLUTE
    system_stm32f0xx.c                       0x00000000   Number         0  system_stm32f0xx.o ABSOLUTE
    RESET                                    0x08000000   Section      180  startup_stm32f030.o(RESET)
    !!!main                                  0x080000b4   Section        8  __main.o(!!!main)
    !!!scatter                               0x080000bc   Section       60  __scatter.o(!!!scatter)
    !!handler_copy                           0x080000f8   Section       26  __scatter_copy.o(!!handler_copy)
    !!handler_zi                             0x08000114   Section       28  __scatter_zi.o(!!handler_zi)
    .ARM.Collect$$libinit$$00000000          0x08000130   Section        2  libinit.o(.ARM.Collect$$libinit$$00000000)
    .ARM.Collect$$libinit$$00000002          0x08000132   Section        0  libinit2.o(.ARM.Collect$$libinit$$00000002)
    .ARM.Collect$$libinit$$00000004          0x08000132   Section        0  libinit2.o(.ARM.Collect$$libinit$$00000004)
    .ARM.Collect$$libinit$$0000000A          0x08000132   Section        0  libinit2.o(.ARM.Collect$$libinit$$0000000A)
    .ARM.Collect$$libinit$$0000000C          0x08000132   Section        0  libinit2.o(.ARM.Collect$$libinit$$0000000C)
    .ARM.Collect$$libinit$$0000000E          0x08000132   Section        0  libinit2.o(.ARM.Collect$$libinit$$0000000E)
    .ARM.Collect$$libinit$$00000011          0x08000132   Section        0  libinit2.o(.ARM.Collect$$libinit$$00000011)
    .ARM.Collect$$libinit$$00000013          0x08000132   Section        0  libinit2.o(.ARM.Collect$$libinit$$00000013)
    .ARM.Collect$$libinit$$00000015          0x08000132   Section        0  libinit2.o(.ARM.Collect$$libinit$$00000015)
    .ARM.Collect$$libinit$$00000017          0x08000132   Section        0  libinit2.o(.ARM.Collect$$libinit$$00000017)
    .ARM.Collect$$libinit$$00000019          0x08000132   Section        0  libinit2.o(.ARM.Collect$$libinit$$00000019)
    .ARM.Collect$$libinit$$0000001B          0x08000132   Section        0  libinit2.o(.ARM.Collect$$libinit$$0000001B)
    .ARM.Collect$$libinit$$0000001D          0x08000132   Section        0  libinit2.o(.ARM.Collect$$libinit$$0000001D)
    .ARM.Collect$$libinit$$0000001F          0x08000132   Section        0  libinit2.o(.ARM.Collect$$libinit$$0000001F)
    .ARM.Collect$$libinit$$00000021          0x08000132   Section        0  libinit2.o(.ARM.Collect$$libinit$$00000021)
    .ARM.Collect$$libinit$$00000023          0x08000132   Section        0  libinit2.o(.ARM.Collect$$libinit$$00000023)
    .ARM.Collect$$libinit$$00000025          0x08000132   Section        0  libinit2.o(.ARM.Collect$$libinit$$00000025)
    .ARM.Collect$$libinit$$0000002C          0x08000132   Section        0  libinit2.o(.ARM.Collect$$libinit$$0000002C)
    .ARM.Collect$$libinit$$0000002E          0x08000132   Section        0  libinit2.o(.ARM.Collect$$libinit$$0000002E)
    .ARM.Collect$$libinit$$00000030          0x08000132   Section        0  libinit2.o(.ARM.Collect$$libinit$$00000030)
    .ARM.Collect$$libinit$$00000032          0x08000132   Section        0  libinit2.o(.ARM.Collect$$libinit$$00000032)
    .ARM.Collect$$libinit$$00000033          0x08000132   Section        2  libinit2.o(.ARM.Collect$$libinit$$00000033)
    .ARM.Collect$$libshutdown$$00000000      0x08000134   Section        2  libshutdown.o(.ARM.Collect$$libshutdown$$00000000)
    .ARM.Collect$$libshutdown$$00000003      0x08000136   Section        0  libshutdown2.o(.ARM.Collect$$libshutdown$$00000003)
    .ARM.Collect$$libshutdown$$00000006      0x08000136   Section        0  libshutdown2.o(.ARM.Collect$$libshutdown$$00000006)
    .ARM.Collect$$libshutdown$$00000009      0x08000136   Section        0  libshutdown2.o(.ARM.Collect$$libshutdown$$00000009)
    .ARM.Collect$$libshutdown$$0000000B      0x08000136   Section        0  libshutdown2.o(.ARM.Collect$$libshutdown$$0000000B)
    .ARM.Collect$$libshutdown$$0000000E      0x08000136   Section        0  libshutdown2.o(.ARM.Collect$$libshutdown$$0000000E)
    .ARM.Collect$$libshutdown$$0000000F      0x08000136   Section        2  libshutdown2.o(.ARM.Collect$$libshutdown$$0000000F)
    .ARM.Collect$$rtentry$$00000000          0x08000138   Section        0  __rtentry.o(.ARM.Collect$$rtentry$$00000000)
    .ARM.Collect$$rtentry$$00000002          0x08000138   Section        0  __rtentry2.o(.ARM.Collect$$rtentry$$00000002)
    .ARM.Collect$$rtentry$$00000004          0x08000138   Section        6  __rtentry4.o(.ARM.Collect$$rtentry$$00000004)
    .ARM.Collect$$rtentry$$00000009          0x0800013e   Section        0  __rtentry2.o(.ARM.Collect$$rtentry$$00000009)
    .ARM.Collect$$rtentry$$0000000A          0x0800013e   Section        4  __rtentry2.o(.ARM.Collect$$rtentry$$0000000A)
    .ARM.Collect$$rtentry$$0000000C          0x08000142   Section        0  __rtentry2.o(.ARM.Collect$$rtentry$$0000000C)
    .ARM.Collect$$rtentry$$0000000D          0x08000142   Section        8  __rtentry2.o(.ARM.Collect$$rtentry$$0000000D)
    .ARM.Collect$$rtexit$$00000000           0x0800014a   Section        2  rtexit.o(.ARM.Collect$$rtexit$$00000000)
    .ARM.Collect$$rtexit$$00000002           0x0800014c   Section        0  rtexit2.o(.ARM.Collect$$rtexit$$00000002)
    .ARM.Collect$$rtexit$$00000003           0x0800014c   Section        4  rtexit2.o(.ARM.Collect$$rtexit$$00000003)
    .ARM.Collect$$rtexit$$00000004           0x08000150   Section        6  rtexit2.o(.ARM.Collect$$rtexit$$00000004)
    .emb_text                                0x08000158   Section       56  rt_memcpy.o(.emb_text)
    .text                                    0x08000190   Section      116  startup_stm32f030.o(.text)
    .text                                    0x08000204   Section        0  rt_memcpy.o(.text)
    .text                                    0x08000286   Section      346  aeabi_sdiv.o(.text)
    .text                                    0x080003e0   Section        0  heapauxi.o(.text)
    .text                                    0x080003e6   Section       62  sys_stackheap_outer.o(.text)
    .text                                    0x08000424   Section        0  exit.o(.text)
    .text                                    0x08000430   Section        8  libspace.o(.text)
    .text                                    0x08000438   Section        0  sys_exit.o(.text)
    .text                                    0x08000444   Section        2  use_no_semi.o(.text)
    .text                                    0x08000446   Section        0  indicate_semi.o(.text)
    i.DrawBitLine16BPP                       0x08000448   Section        0  lcddummy.o(i.DrawBitLine16BPP)
    DrawBitLine16BPP                         0x08000449   Thumb Code   166  lcddummy.o(i.DrawBitLine16BPP)
    i.GPIO_Init                              0x080004f4   Section        0  stm32f0xx_gpio.o(i.GPIO_Init)
    i.GPIO_ResetBits                         0x08000584   Section        0  stm32f0xx_gpio.o(i.GPIO_ResetBits)
    i.GPIO_SetBits                           0x08000588   Section        0  stm32f0xx_gpio.o(i.GPIO_SetBits)
    i.GUIMONO_DispChar                       0x0800058c   Section        0  guicharm.o(i.GUIMONO_DispChar)
    i.GUIMONO_GetCharDistX                   0x08000718   Section        0  guicharm.o(i.GUIMONO_GetCharDistX)
    i.GUIMONO_GetFontInfo                    0x0800072c   Section        0  guicharm.o(i.GUIMONO_GetFontInfo)
    i.GUIMONO_IsInFont                       0x08000734   Section        0  guicharm.o(i.GUIMONO_IsInFont)
    i.GUI_AddDecShift                        0x08000768   Section        0  gui_adddecshift.o(i.GUI_AddDecShift)
    i.GUI_DispDecAt                          0x080007f4   Section        0  guival.o(i.GUI_DispDecAt)
    i.GUI_DispString                         0x08000820   Section        0  gui_dispstring.o(i.GUI_DispString)
    i.GUI_DispStringAt                       0x08000968   Section        0  gui_dispstringat.o(i.GUI_DispStringAt)
    i.GUI_GetCharDistX                       0x08000988   Section        0  guichar.o(i.GUI_GetCharDistX)
    i.GUI_GetFontDistY                       0x080009a0   Section        0  guichar.o(i.GUI_GetFontDistY)
    i.GUI_GetYAdjust                         0x080009ac   Section        0  guichar.o(i.GUI_GetYAdjust)
    i.GUI_Init                               0x080009f8   Section        0  guicore.o(i.GUI_Init)
    i.GUI_RectsIntersect                     0x08000a1c   Section        0  gui_rectsintersect.o(i.GUI_RectsIntersect)
    i.GUI_UC__GetCharCodeInc                 0x08000a58   Section        0  gui_uc.o(i.GUI_UC__GetCharCodeInc)
    i.GUI_UC__NumChars2NumBytes              0x08000a80   Section        0  gui_uc.o(i.GUI_UC__NumChars2NumBytes)
    i.GUI_X_Init                             0x08000aac   Section        0  gui_x.o(i.GUI_X_Init)
    i.GUI__DispLine                          0x08000ab0   Section        0  guicharline.o(i.GUI__DispLine)
    i.GUI__GetLineDistX                      0x08000af8   Section        0  guicharline.o(i.GUI__GetLineDistX)
    i.GUI__GetLineNumChars                   0x08000b40   Section        0  guicharline.o(i.GUI__GetLineNumChars)
    i.HardFault_Handler                      0x08000b8c   Section        0  stm32f0xx_it.o(i.HardFault_Handler)
    i.LCD_Color2Index                        0x08000b90   Section        0  lcd.o(i.LCD_Color2Index)
    i.LCD_Color2Index_M565                   0x08000b9c   Section        0  lcdpm565.o(i.LCD_Color2Index_M565)
    i.LCD_DrawBitmap                         0x08000bb8   Section        0  lcd.o(i.LCD_DrawBitmap)
    i.LCD_Fast_DrawPoint                     0x08000df0   Section        0  ili7735r.o(i.LCD_Fast_DrawPoint)
    i.LCD_Fill                               0x08000e0e   Section        0  ili7735r.o(i.LCD_Fill)
    i.LCD_FillRect                           0x08000e58   Section        0  lcd.o(i.LCD_FillRect)
    i.LCD_GPIO_Init                          0x08000ebc   Section        0  ili7735r.o(i.LCD_GPIO_Init)
    i.LCD_Init                               0x08000f00   Section        0  lcd.o(i.LCD_Init)
    i.LCD_InitLUT                            0x08000f38   Section        0  lcdcolor.o(i.LCD_InitLUT)
    i.LCD_L0_Color2Index                     0x08000f3a   Section        0  lcd_l0_generic.o(i.LCD_L0_Color2Index)
    i.LCD_L0_DrawBitmap                      0x08000f4a   Section        0  lcddummy.o(i.LCD_L0_DrawBitmap)
    i.LCD_L0_FillRect                        0x08000fe0   Section        0  lcddummy.o(i.LCD_L0_FillRect)
    i.LCD_L0_GetPixelIndex                   0x08001004   Section        0  lcddummy.o(i.LCD_L0_GetPixelIndex)
    i.LCD_L0_GetRect                         0x0800100a   Section        0  lcd_l0_generic.o(i.LCD_L0_GetRect)
    i.LCD_L0_Init                            0x0800101a   Section        0  lcddummy.o(i.LCD_L0_Init)
    i.LCD_L0_On                              0x08001024   Section        0  lcddummy.o(i.LCD_L0_On)
    i.LCD_SetBkColor                         0x08001028   Section        0  lcd.o(i.LCD_SetBkColor)
    i.LCD_SetBkColorIndex                    0x0800104c   Section        0  lcd.o(i.LCD_SetBkColorIndex)
    i.LCD_SetClipRectMax                     0x08001064   Section        0  lcd.o(i.LCD_SetClipRectMax)
    i.LCD_SetColor                           0x08001074   Section        0  lcd.o(i.LCD_SetColor)
    i.LCD_SetColorIndex                      0x08001098   Section        0  lcd.o(i.LCD_SetColorIndex)
    i.LCD_SetDrawMode                        0x080010b0   Section        0  lcd.o(i.LCD_SetDrawMode)
    i.LCD_WR_command                         0x080010e0   Section        0  ili7735r.o(i.LCD_WR_command)
    i.LCD_WR_data                            0x08001154   Section        0  ili7735r.o(i.LCD_WR_data)
    i.LCD_WR_para                            0x0800123c   Section        0  ili7735r.o(i.LCD_WR_para)
    i.LCD_qu                                 0x080012b0   Section        0  ili7735r.o(i.LCD_qu)
    i.NMI_Handler                            0x08001306   Section        0  stm32f0xx_it.o(i.NMI_Handler)
    i.NVIC_Init                              0x08001308   Section        0  stm32f0xx_misc.o(i.NVIC_Init)
    i.PendSV_Handler                         0x08001378   Section        0  stm32f0xx_it.o(i.PendSV_Handler)
    i.RCC_AHBPeriphClockCmd                  0x0800137c   Section        0  stm32f0xx_rcc.o(i.RCC_AHBPeriphClockCmd)
    i.RCC_APB1PeriphClockCmd                 0x0800139c   Section        0  stm32f0xx_rcc.o(i.RCC_APB1PeriphClockCmd)
    i.SVC_Handler                            0x080013bc   Section        0  stm32f0xx_it.o(i.SVC_Handler)
    i.SetSysClock                            0x080013c0   Section        0  system_stm32f0xx.o(i.SetSysClock)
    SetSysClock                              0x080013c1   Thumb Code   322  system_stm32f0xx.o(i.SetSysClock)
    i.SysTick_CLKSourceConfig                0x08001510   Section        0  stm32f0xx_misc.o(i.SysTick_CLKSourceConfig)
    i.SysTick_Handler                        0x08001534   Section        0  stm32f0xx_it.o(i.SysTick_Handler)
    i.SystemInit                             0x08001538   Section        0  system_stm32f0xx.o(i.SystemInit)
    i.TFT_Init                               0x080015b4   Section        0  ili7735r.o(i.TFT_Init)
    i.TIM3_IRQHandler                        0x080017bc   Section        0  timer.o(i.TIM3_IRQHandler)
    i.TIM3_Int_Init                          0x080017e8   Section        0  timer.o(i.TIM3_Int_Init)
    i.TIM_ClearITPendingBit                  0x08001834   Section        0  stm32f0xx_tim.o(i.TIM_ClearITPendingBit)
    i.TIM_Cmd                                0x0800183c   Section        0  stm32f0xx_tim.o(i.TIM_Cmd)
    i.TIM_GetITStatus                        0x08001858   Section        0  stm32f0xx_tim.o(i.TIM_GetITStatus)
    i.TIM_ITConfig                           0x0800187e   Section        0  stm32f0xx_tim.o(i.TIM_ITConfig)
    i.TIM_TimeBaseInit                       0x08001894   Section        0  stm32f0xx_tim.o(i.TIM_TimeBaseInit)
    i._CalcSizeOfChar                        0x08001910   Section        0  gui_uc_encodenone.o(i._CalcSizeOfChar)
    _CalcSizeOfChar                          0x08001911   Thumb Code     8  gui_uc_encodenone.o(i._CalcSizeOfChar)
    i._Check_NegLong                         0x08001918   Section        0  gui_adddecshift.o(i._Check_NegLong)
    _Check_NegLong                           0x08001919   Thumb Code    34  gui_adddecshift.o(i._Check_NegLong)
    i._DispLine                              0x0800193c   Section        0  guicharline.o(i._DispLine)
    _DispLine                                0x0800193d   Thumb Code   104  guicharline.o(i._DispLine)
    i._DrawBitLine1BPP                       0x080019ac   Section        0  lcddummy.o(i._DrawBitLine1BPP)
    _DrawBitLine1BPP                         0x080019ad   Thumb Code   238  lcddummy.o(i._DrawBitLine1BPP)
    i._DrawBitLine2BPP                       0x08001aa0   Section        0  lcddummy.o(i._DrawBitLine2BPP)
    _DrawBitLine2BPP                         0x08001aa1   Thumb Code   390  lcddummy.o(i._DrawBitLine2BPP)
    i._DrawBitLine4BPP                       0x08001c2c   Section        0  lcddummy.o(i._DrawBitLine4BPP)
    _DrawBitLine4BPP                         0x08001c2d   Thumb Code   390  lcddummy.o(i._DrawBitLine4BPP)
    i._DrawBitLine8BPP                       0x08001db8   Section        0  lcddummy.o(i._DrawBitLine8BPP)
    _DrawBitLine8BPP                         0x08001db9   Thumb Code   176  lcddummy.o(i._DrawBitLine8BPP)
    i._Encode                                0x08001e6c   Section        0  gui_uc_encodenone.o(i._Encode)
    _Encode                                  0x08001e6d   Thumb Code     8  gui_uc_encodenone.o(i._Encode)
    i._GetCharCode                           0x08001e74   Section        0  gui_uc_encodenone.o(i._GetCharCode)
    _GetCharCode                             0x08001e75   Thumb Code     6  gui_uc_encodenone.o(i._GetCharCode)
    i._GetCharSize                           0x08001e7a   Section        0  gui_uc_encodenone.o(i._GetCharSize)
    _GetCharSize                             0x08001e7b   Thumb Code     8  gui_uc_encodenone.o(i._GetCharSize)
    i._GetColorIndex                         0x08001e84   Section        0  lcd.o(i._GetColorIndex)
    _GetColorIndex                           0x08001e85   Thumb Code    22  lcd.o(i._GetColorIndex)
    i._InitContext                           0x08001ea0   Section        0  guicore.o(i._InitContext)
    _InitContext                             0x08001ea1   Thumb Code    50  guicore.o(i._InitContext)
    i.delay_init                             0x08001ee8   Section        0  delay.o(i.delay_init)
    i.delay_ms                               0x08001f20   Section        0  delay.o(i.delay_ms)
    i.delay_xms                              0x08001f5c   Section        0  delay.o(i.delay_xms)
    i.main                                   0x08001fb0   Section        0  main.o(i.main)
    .constdata                               0x08001ffc   Section     1844  f6x8.o(.constdata)
    .constdata                               0x08002730   Section       40  gui_adddecshift.o(.constdata)
    .constdata                               0x08002758   Section       16  gui_uc_encodenone.o(.constdata)
    .data                                    0x20000000   Section        4  delay.o(.data)
    fac_us                                   0x20000000   Data           1  delay.o(.data)
    fac_ms                                   0x20000002   Data           2  delay.o(.data)
    .data                                    0x20000004   Section        4  gui_x.o(.data)
    .data                                    0x20000008   Section       20  guicore.o(.data)
    .bss                                     0x2000001c   Section       56  guicore.o(.bss)
    .bss                                     0x20000054   Section       96  libspace.o(.bss)
    HEAP                                     0x200000b8   Section      512  startup_stm32f030.o(HEAP)
    Heap_Mem                                 0x200000b8   Data         512  startup_stm32f030.o(HEAP)
    STACK                                    0x200002b8   Section     1024  startup_stm32f030.o(STACK)
    Stack_Mem                                0x200002b8   Data        1024  startup_stm32f030.o(STACK)
    __initial_sp                             0x200006b8   Data           0  startup_stm32f030.o(STACK)

    Global Symbols

    Symbol Name                              Value     Ov Type        Size  Object(Section)

    BuildAttributes$$THM_ISAv3M$S$PE$A:L22$X:L11$S22$IEEE1$IW$USESV6$~STKCKD$USESV7$~SHL$OSPACE$ROPI$EBA8$UX$STANDARDLIB$REQ8$PRES8$EABIv2 0x00000000   Number         0  anon$$obj.o ABSOLUTE
    __ARM_use_no_argv                        0x00000000   Number         0  main.o ABSOLUTE
    __ARM_exceptions_init                     - Undefined Weak Reference
    __alloca_initialize                       - Undefined Weak Reference
    __arm_preinit_                            - Undefined Weak Reference
    __cpp_initialize__aeabi_                  - Undefined Weak Reference
    __cxa_finalize                            - Undefined Weak Reference
    __rt_locale                               - Undefined Weak Reference
    __sigvec_lookup                           - Undefined Weak Reference
    _atexit_init                              - Undefined Weak Reference
    _call_atexit_fns                          - Undefined Weak Reference
    _clock_init                               - Undefined Weak Reference
    _fp_trap_init                             - Undefined Weak Reference
    _fp_trap_shutdown                         - Undefined Weak Reference
    _get_lc_collate                           - Undefined Weak Reference
    _get_lc_ctype                             - Undefined Weak Reference
    _get_lc_monetary                          - Undefined Weak Reference
    _get_lc_numeric                           - Undefined Weak Reference
    _get_lc_time                              - Undefined Weak Reference
    _getenv_init                              - Undefined Weak Reference
    _handle_redirection                       - Undefined Weak Reference
    _init_alloc                               - Undefined Weak Reference
    _init_user_alloc                          - Undefined Weak Reference
    _initio                                   - Undefined Weak Reference
    _rand_init                                - Undefined Weak Reference
    _signal_finish                            - Undefined Weak Reference
    _signal_init                              - Undefined Weak Reference
    _terminate_alloc                          - Undefined Weak Reference
    _terminate_user_alloc                     - Undefined Weak Reference
    _terminateio                              - Undefined Weak Reference
    __Vectors_Size                           0x000000b4   Number         0  startup_stm32f030.o ABSOLUTE
    __Vectors                                0x08000000   Data           4  startup_stm32f030.o(RESET)
    __Vectors_End                            0x080000b4   Data           0  startup_stm32f030.o(RESET)
    __main                                   0x080000b5   Thumb Code     8  __main.o(!!!main)
    __scatterload                            0x080000bd   Thumb Code     0  __scatter.o(!!!scatter)
    __scatterload_rt2                        0x080000bd   Thumb Code    52  __scatter.o(!!!scatter)
    __scatterload_rt2_thumb_only             0x080000bd   Thumb Code     0  __scatter.o(!!!scatter)
    __scatterload_null                       0x080000cd   Thumb Code     0  __scatter.o(!!!scatter)
    __scatterload_copy                       0x080000f9   Thumb Code    26  __scatter_copy.o(!!handler_copy)
    __scatterload_zeroinit                   0x08000115   Thumb Code    28  __scatter_zi.o(!!handler_zi)
    __rt_lib_init                            0x08000131   Thumb Code     0  libinit.o(.ARM.Collect$$libinit$$00000000)
    __rt_lib_init_alloca_1                   0x08000133   Thumb Code     0  libinit2.o(.ARM.Collect$$libinit$$0000002E)
    __rt_lib_init_argv_1                     0x08000133   Thumb Code     0  libinit2.o(.ARM.Collect$$libinit$$0000002C)
    __rt_lib_init_atexit_1                   0x08000133   Thumb Code     0  libinit2.o(.ARM.Collect$$libinit$$0000001B)
    __rt_lib_init_clock_1                    0x08000133   Thumb Code     0  libinit2.o(.ARM.Collect$$libinit$$00000021)
    __rt_lib_init_cpp_1                      0x08000133   Thumb Code     0  libinit2.o(.ARM.Collect$$libinit$$00000032)
    __rt_lib_init_exceptions_1               0x08000133   Thumb Code     0  libinit2.o(.ARM.Collect$$libinit$$00000030)
    __rt_lib_init_fp_1                       0x08000133   Thumb Code     0  libinit2.o(.ARM.Collect$$libinit$$00000002)
    __rt_lib_init_fp_trap_1                  0x08000133   Thumb Code     0  libinit2.o(.ARM.Collect$$libinit$$0000001F)
    __rt_lib_init_getenv_1                   0x08000133   Thumb Code     0  libinit2.o(.ARM.Collect$$libinit$$00000023)
    __rt_lib_init_heap_1                     0x08000133   Thumb Code     0  libinit2.o(.ARM.Collect$$libinit$$0000000A)
    __rt_lib_init_lc_collate_1               0x08000133   Thumb Code     0  libinit2.o(.ARM.Collect$$libinit$$00000011)
    __rt_lib_init_lc_ctype_1                 0x08000133   Thumb Code     0  libinit2.o(.ARM.Collect$$libinit$$00000013)
    __rt_lib_init_lc_monetary_1              0x08000133   Thumb Code     0  libinit2.o(.ARM.Collect$$libinit$$00000015)
    __rt_lib_init_lc_numeric_1               0x08000133   Thumb Code     0  libinit2.o(.ARM.Collect$$libinit$$00000017)
    __rt_lib_init_lc_time_1                  0x08000133   Thumb Code     0  libinit2.o(.ARM.Collect$$libinit$$00000019)
    __rt_lib_init_preinit_1                  0x08000133   Thumb Code     0  libinit2.o(.ARM.Collect$$libinit$$00000004)
    __rt_lib_init_rand_1                     0x08000133   Thumb Code     0  libinit2.o(.ARM.Collect$$libinit$$0000000E)
    __rt_lib_init_return                     0x08000133   Thumb Code     0  libinit2.o(.ARM.Collect$$libinit$$00000033)
    __rt_lib_init_signal_1                   0x08000133   Thumb Code     0  libinit2.o(.ARM.Collect$$libinit$$0000001D)
    __rt_lib_init_stdio_1                    0x08000133   Thumb Code     0  libinit2.o(.ARM.Collect$$libinit$$00000025)
    __rt_lib_init_user_alloc_1               0x08000133   Thumb Code     0  libinit2.o(.ARM.Collect$$libinit$$0000000C)
    __rt_lib_shutdown                        0x08000135   Thumb Code     0  libshutdown.o(.ARM.Collect$$libshutdown$$00000000)
    __rt_lib_shutdown_fp_trap_1              0x08000137   Thumb Code     0  libshutdown2.o(.ARM.Collect$$libshutdown$$00000006)
    __rt_lib_shutdown_heap_1                 0x08000137   Thumb Code     0  libshutdown2.o(.ARM.Collect$$libshutdown$$0000000E)
    __rt_lib_shutdown_return                 0x08000137   Thumb Code     0  libshutdown2.o(.ARM.Collect$$libshutdown$$0000000F)
    __rt_lib_shutdown_signal_1               0x08000137   Thumb Code     0  libshutdown2.o(.ARM.Collect$$libshutdown$$00000009)
    __rt_lib_shutdown_stdio_1                0x08000137   Thumb Code     0  libshutdown2.o(.ARM.Collect$$libshutdown$$00000003)
    __rt_lib_shutdown_user_alloc_1           0x08000137   Thumb Code     0  libshutdown2.o(.ARM.Collect$$libshutdown$$0000000B)
    __rt_entry                               0x08000139   Thumb Code     0  __rtentry.o(.ARM.Collect$$rtentry$$00000000)
    __rt_entry_presh_1                       0x08000139   Thumb Code     0  __rtentry2.o(.ARM.Collect$$rtentry$$00000002)
    __rt_entry_sh                            0x08000139   Thumb Code     0  __rtentry4.o(.ARM.Collect$$rtentry$$00000004)
    __rt_entry_li                            0x0800013f   Thumb Code     0  __rtentry2.o(.ARM.Collect$$rtentry$$0000000A)
    __rt_entry_postsh_1                      0x0800013f   Thumb Code     0  __rtentry2.o(.ARM.Collect$$rtentry$$00000009)
    __rt_entry_main                          0x08000143   Thumb Code     0  __rtentry2.o(.ARM.Collect$$rtentry$$0000000D)
    __rt_entry_postli_1                      0x08000143   Thumb Code     0  __rtentry2.o(.ARM.Collect$$rtentry$$0000000C)
    __rt_exit                                0x0800014b   Thumb Code     0  rtexit.o(.ARM.Collect$$rtexit$$00000000)
    __rt_exit_ls                             0x0800014d   Thumb Code     0  rtexit2.o(.ARM.Collect$$rtexit$$00000003)
    __rt_exit_prels_1                        0x0800014d   Thumb Code     0  rtexit2.o(.ARM.Collect$$rtexit$$00000002)
    __rt_exit_exit                           0x08000151   Thumb Code     0  rtexit2.o(.ARM.Collect$$rtexit$$00000004)
    __aeabi_memcpy4                          0x08000159   Thumb Code    56  rt_memcpy.o(.emb_text)
    __aeabi_memcpy8                          0x08000159   Thumb Code     0  rt_memcpy.o(.emb_text)
    Reset_Handler                            0x08000191   Thumb Code    38  startup_stm32f030.o(.text)
    ADC1_IRQHandler                          0x080001c1   Thumb Code     0  startup_stm32f030.o(.text)
    DMA1_Channel1_IRQHandler                 0x080001c1   Thumb Code     0  startup_stm32f030.o(.text)
    DMA1_Channel2_3_IRQHandler               0x080001c1   Thumb Code     0  startup_stm32f030.o(.text)
    DMA1_Channel4_5_IRQHandler               0x080001c1   Thumb Code     0  startup_stm32f030.o(.text)
    EXTI0_1_IRQHandler                       0x080001c1   Thumb Code     0  startup_stm32f030.o(.text)
    EXTI2_3_IRQHandler                       0x080001c1   Thumb Code     0  startup_stm32f030.o(.text)
    EXTI4_15_IRQHandler                      0x080001c1   Thumb Code     0  startup_stm32f030.o(.text)
    FLASH_IRQHandler                         0x080001c1   Thumb Code     0  startup_stm32f030.o(.text)
    I2C1_IRQHandler                          0x080001c1   Thumb Code     0  startup_stm32f030.o(.text)
    I2C2_IRQHandler                          0x080001c1   Thumb Code     0  startup_stm32f030.o(.text)
    RCC_IRQHandler                           0x080001c1   Thumb Code     0  startup_stm32f030.o(.text)
    RTC_IRQHandler                           0x080001c1   Thumb Code     0  startup_stm32f030.o(.text)
    SPI1_IRQHandler                          0x080001c1   Thumb Code     0  startup_stm32f030.o(.text)
    SPI2_IRQHandler                          0x080001c1   Thumb Code     0  startup_stm32f030.o(.text)
    TIM14_IRQHandler                         0x080001c1   Thumb Code     0  startup_stm32f030.o(.text)
    TIM15_IRQHandler                         0x080001c1   Thumb Code     0  startup_stm32f030.o(.text)
    TIM16_IRQHandler                         0x080001c1   Thumb Code     0  startup_stm32f030.o(.text)
    TIM17_IRQHandler                         0x080001c1   Thumb Code     0  startup_stm32f030.o(.text)
    TIM1_BRK_UP_TRG_COM_IRQHandler           0x080001c1   Thumb Code     0  startup_stm32f030.o(.text)
    TIM1_CC_IRQHandler                       0x080001c1   Thumb Code     0  startup_stm32f030.o(.text)
    USART1_IRQHandler                        0x080001c1   Thumb Code     0  startup_stm32f030.o(.text)
    USART2_IRQHandler                        0x080001c1   Thumb Code     0  startup_stm32f030.o(.text)
    WWDG_IRQHandler                          0x080001c1   Thumb Code     0  startup_stm32f030.o(.text)
    __user_initial_stackheap                 0x080001c5   Thumb Code     0  startup_stm32f030.o(.text)
    __aeabi_memcpy                           0x08000205   Thumb Code   130  rt_memcpy.o(.text)
    __rt_memcpy                              0x08000205   Thumb Code     0  rt_memcpy.o(.text)
    __aeabi_uidiv                            0x08000287   Thumb Code     0  aeabi_sdiv.o(.text)
    __aeabi_uidivmod                         0x08000287   Thumb Code    20  aeabi_sdiv.o(.text)
    __aeabi_idiv                             0x0800029b   Thumb Code     0  aeabi_sdiv.o(.text)
    __aeabi_idivmod                          0x0800029b   Thumb Code   326  aeabi_sdiv.o(.text)
    __use_two_region_memory                  0x080003e1   Thumb Code     2  heapauxi.o(.text)
    __rt_heap_escrow$2region                 0x080003e3   Thumb Code     2  heapauxi.o(.text)
    __rt_heap_expand$2region                 0x080003e5   Thumb Code     2  heapauxi.o(.text)
    __user_setup_stackheap                   0x080003e7   Thumb Code    62  sys_stackheap_outer.o(.text)
    exit                                     0x08000425   Thumb Code    12  exit.o(.text)
    __user_libspace                          0x08000431   Thumb Code     8  libspace.o(.text)
    __user_perproc_libspace                  0x08000431   Thumb Code     0  libspace.o(.text)
    __user_perthread_libspace                0x08000431   Thumb Code     0  libspace.o(.text)
    _sys_exit                                0x08000439   Thumb Code     8  sys_exit.o(.text)
    __I$use$semihosting                      0x08000445   Thumb Code     0  use_no_semi.o(.text)
    __use_no_semihosting_swi                 0x08000445   Thumb Code     2  use_no_semi.o(.text)
    __semihosting_library_function           0x08000447   Thumb Code     0  indicate_semi.o(.text)
    GPIO_Init                                0x080004f5   Thumb Code   144  stm32f0xx_gpio.o(i.GPIO_Init)
    GPIO_ResetBits                           0x08000585   Thumb Code     4  stm32f0xx_gpio.o(i.GPIO_ResetBits)
    GPIO_SetBits                             0x08000589   Thumb Code     4  stm32f0xx_gpio.o(i.GPIO_SetBits)
    GUIMONO_DispChar                         0x0800058d   Thumb Code   392  guicharm.o(i.GUIMONO_DispChar)
    GUIMONO_GetCharDistX                     0x08000719   Thumb Code    14  guicharm.o(i.GUIMONO_GetCharDistX)
    GUIMONO_GetFontInfo                      0x0800072d   Thumb Code     8  guicharm.o(i.GUIMONO_GetFontInfo)
    GUIMONO_IsInFont                         0x08000735   Thumb Code    50  guicharm.o(i.GUIMONO_IsInFont)
    GUI_AddDecShift                          0x08000769   Thumb Code   132  gui_adddecshift.o(i.GUI_AddDecShift)
    GUI_DispDecAt                            0x080007f5   Thumb Code    42  guival.o(i.GUI_DispDecAt)
    GUI_DispString                           0x08000821   Thumb Code   318  gui_dispstring.o(i.GUI_DispString)
    GUI_DispStringAt                         0x08000969   Thumb Code    26  gui_dispstringat.o(i.GUI_DispStringAt)
    GUI_GetCharDistX                         0x08000989   Thumb Code    20  guichar.o(i.GUI_GetCharDistX)
    GUI_GetFontDistY                         0x080009a1   Thumb Code     8  guichar.o(i.GUI_GetFontDistY)
    GUI_GetYAdjust                           0x080009ad   Thumb Code    70  guichar.o(i.GUI_GetYAdjust)
    GUI_Init                                 0x080009f9   Thumb Code    28  guicore.o(i.GUI_Init)
    GUI_RectsIntersect                       0x08000a1d   Thumb Code    58  gui_rectsintersect.o(i.GUI_RectsIntersect)
    GUI_UC__GetCharCodeInc                   0x08000a59   Thumb Code    36  gui_uc.o(i.GUI_UC__GetCharCodeInc)
    GUI_UC__NumChars2NumBytes                0x08000a81   Thumb Code    38  gui_uc.o(i.GUI_UC__NumChars2NumBytes)
    GUI_X_Init                               0x08000aad   Thumb Code     2  gui_x.o(i.GUI_X_Init)
    GUI__DispLine                            0x08000ab1   Thumb Code    64  guicharline.o(i.GUI__DispLine)
    GUI__GetLineDistX                        0x08000af9   Thumb Code    68  guicharline.o(i.GUI__GetLineDistX)
    GUI__GetLineNumChars                     0x08000b41   Thumb Code    70  guicharline.o(i.GUI__GetLineNumChars)
    HardFault_Handler                        0x08000b8d   Thumb Code     4  stm32f0xx_it.o(i.HardFault_Handler)
    LCD_Color2Index                          0x08000b91   Thumb Code    12  lcd.o(i.LCD_Color2Index)
    LCD_Color2Index_M565                     0x08000b9d   Thumb Code    26  lcdpm565.o(i.LCD_Color2Index_M565)
    LCD_DrawBitmap                           0x08000bb9   Thumb Code   560  lcd.o(i.LCD_DrawBitmap)
    LCD_Fast_DrawPoint                       0x08000df1   Thumb Code    30  ili7735r.o(i.LCD_Fast_DrawPoint)
    LCD_Fill                                 0x08000e0f   Thumb Code    72  ili7735r.o(i.LCD_Fill)
    LCD_FillRect                             0x08000e59   Thumb Code    96  lcd.o(i.LCD_FillRect)
    LCD_GPIO_Init                            0x08000ebd   Thumb Code    58  ili7735r.o(i.LCD_GPIO_Init)
    LCD_Init                                 0x08000f01   Thumb Code    50  lcd.o(i.LCD_Init)
    LCD_InitLUT                              0x08000f39   Thumb Code     2  lcdcolor.o(i.LCD_InitLUT)
    LCD_L0_Color2Index                       0x08000f3b   Thumb Code    16  lcd_l0_generic.o(i.LCD_L0_Color2Index)
    LCD_L0_DrawBitmap                        0x08000f4b   Thumb Code   150  lcddummy.o(i.LCD_L0_DrawBitmap)
    LCD_L0_FillRect                          0x08000fe1   Thumb Code    32  lcddummy.o(i.LCD_L0_FillRect)
    LCD_L0_GetPixelIndex                     0x08001005   Thumb Code     6  lcddummy.o(i.LCD_L0_GetPixelIndex)
    LCD_L0_GetRect                           0x0800100b   Thumb Code    16  lcd_l0_generic.o(i.LCD_L0_GetRect)
    LCD_L0_Init                              0x0800101b   Thumb Code    10  lcddummy.o(i.LCD_L0_Init)
    LCD_L0_On                                0x08001025   Thumb Code     2  lcddummy.o(i.LCD_L0_On)
    LCD_SetBkColor                           0x08001029   Thumb Code    30  lcd.o(i.LCD_SetBkColor)
    LCD_SetBkColorIndex                      0x0800104d   Thumb Code    18  lcd.o(i.LCD_SetBkColorIndex)
    LCD_SetClipRectMax                       0x08001065   Thumb Code    10  lcd.o(i.LCD_SetClipRectMax)
    LCD_SetColor                             0x08001075   Thumb Code    30  lcd.o(i.LCD_SetColor)
    LCD_SetColorIndex                        0x08001099   Thumb Code    18  lcd.o(i.LCD_SetColorIndex)
    LCD_SetDrawMode                          0x080010b1   Thumb Code    42  lcd.o(i.LCD_SetDrawMode)
    LCD_WR_command                           0x080010e1   Thumb Code   112  ili7735r.o(i.LCD_WR_command)
    LCD_WR_data                              0x08001155   Thumb Code   226  ili7735r.o(i.LCD_WR_data)
    LCD_WR_para                              0x0800123d   Thumb Code   112  ili7735r.o(i.LCD_WR_para)
    LCD_qu                                   0x080012b1   Thumb Code    86  ili7735r.o(i.LCD_qu)
    NMI_Handler                              0x08001307   Thumb Code     2  stm32f0xx_it.o(i.NMI_Handler)
    NVIC_Init                                0x08001309   Thumb Code   106  stm32f0xx_misc.o(i.NVIC_Init)
    PendSV_Handler                           0x08001379   Thumb Code     2  stm32f0xx_it.o(i.PendSV_Handler)
    RCC_AHBPeriphClockCmd                    0x0800137d   Thumb Code    28  stm32f0xx_rcc.o(i.RCC_AHBPeriphClockCmd)
    RCC_APB1PeriphClockCmd                   0x0800139d   Thumb Code    28  stm32f0xx_rcc.o(i.RCC_APB1PeriphClockCmd)
    SVC_Handler                              0x080013bd   Thumb Code     2  stm32f0xx_it.o(i.SVC_Handler)
    SysTick_CLKSourceConfig                  0x08001511   Thumb Code    32  stm32f0xx_misc.o(i.SysTick_CLKSourceConfig)
    SysTick_Handler                          0x08001535   Thumb Code     2  stm32f0xx_it.o(i.SysTick_Handler)
    SystemInit                               0x08001539   Thumb Code   110  system_stm32f0xx.o(i.SystemInit)
    TFT_Init                                 0x080015b5   Thumb Code   514  ili7735r.o(i.TFT_Init)
    TIM3_IRQHandler                          0x080017bd   Thumb Code    34  timer.o(i.TIM3_IRQHandler)
    TIM3_Int_Init                            0x080017e9   Thumb Code    72  timer.o(i.TIM3_Int_Init)
    TIM_ClearITPendingBit                    0x08001835   Thumb Code     6  stm32f0xx_tim.o(i.TIM_ClearITPendingBit)
    TIM_Cmd                                  0x0800183d   Thumb Code    24  stm32f0xx_tim.o(i.TIM_Cmd)
    TIM_GetITStatus                          0x08001859   Thumb Code    38  stm32f0xx_tim.o(i.TIM_GetITStatus)
    TIM_ITConfig                             0x0800187f   Thumb Code    20  stm32f0xx_tim.o(i.TIM_ITConfig)
    TIM_TimeBaseInit                         0x08001895   Thumb Code    90  stm32f0xx_tim.o(i.TIM_TimeBaseInit)
    delay_init                               0x08001ee9   Thumb Code    46  delay.o(i.delay_init)
    delay_ms                                 0x08001f21   Thumb Code    58  delay.o(i.delay_ms)
    delay_xms                                0x08001f5d   Thumb Code    74  delay.o(i.delay_xms)
    main                                     0x08001fb1   Thumb Code    50  main.o(i.main)
    GUI_acFont6x8                            0x08001ffc   Data        1304  f6x8.o(.constdata)
    GUI_F6x8_TL8859_1                        0x08002514   Data         448  f6x8.o(.constdata)
    GUI_F6x8_TI8859_1                        0x080026d4   Data           8  f6x8.o(.constdata)
    GUI_F6x8_Mono                            0x080026dc   Data          20  f6x8.o(.constdata)
    GUI_Font6x8                              0x080026f0   Data          32  f6x8.o(.constdata)
    GUI_Font6x9                              0x08002710   Data          32  f6x8.o(.constdata)
    GUI_Pow10                                0x08002730   Data          40  gui_adddecshift.o(.constdata)
    GUI__API_TableNone                       0x08002758   Data          16  gui_uc_encodenone.o(.constdata)
    Region$$Table$$Base                      0x08002768   Number         0  anon$$obj.o(Region$$Table)
    Region$$Table$$Limit                     0x08002788   Number         0  anon$$obj.o(Region$$Table)
    OS_TimeMS                                0x20000004   Data           4  gui_x.o(.data)
    GUI_DecChar                              0x20000008   Data           1  guicore.o(.data)
    GUI_pfTimerExec                          0x2000000c   Data           4  guicore.o(.data)
    WM_pfHandlePID                           0x20000010   Data           4  guicore.o(.data)
    GUI_pfDispCharStyle                      0x20000014   Data           4  guicore.o(.data)
    GUI_pLCD_APIList                         0x20000018   Data           4  guicore.o(.data)
    GUI_Context                              0x2000001c   Data          56  guicore.o(.bss)
    __libspace_start                         0x20000054   Data          96  libspace.o(.bss)
    __temporary_stack_top$libspace           0x200000b4   Data           0  libspace.o(.bss)



==============================================================================

Memory Map of the image

  Image Entry point : 0x080000b5

  Load Region LR_IROM1 (Base: 0x08000000, Size: 0x000027a4, Max: 0x00008000, ABSOLUTE)

    Execution Region ER_IROM1 (Base: 0x08000000, Size: 0x00002788, Max: 0x00008000, ABSOLUTE)

    Base Addr    Size         Type   Attr      Idx    E Section Name        Object

    0x08000000   0x000000b4   Data   RO          258    RESET               startup_stm32f030.o
    0x080000b4   0x00000008   Code   RO         2235  * !!!main             c_p.l(__main.o)
    0x080000bc   0x0000003c   Code   RO         2403    !!!scatter          c_p.l(__scatter.o)
    0x080000f8   0x0000001a   Code   RO         2405    !!handler_copy      c_p.l(__scatter_copy.o)
    0x08000112   0x00000002   PAD
    0x08000114   0x0000001c   Code   RO         2407    !!handler_zi        c_p.l(__scatter_zi.o)
    0x08000130   0x00000002   Code   RO         2273    .ARM.Collect$$libinit$$00000000  c_p.l(libinit.o)
    0x08000132   0x00000000   Code   RO         2287    .ARM.Collect$$libinit$$00000002  c_p.l(libinit2.o)
    0x08000132   0x00000000   Code   RO         2289    .ARM.Collect$$libinit$$00000004  c_p.l(libinit2.o)
    0x08000132   0x00000000   Code   RO         2292    .ARM.Collect$$libinit$$0000000A  c_p.l(libinit2.o)
    0x08000132   0x00000000   Code   RO         2294    .ARM.Collect$$libinit$$0000000C  c_p.l(libinit2.o)
    0x08000132   0x00000000   Code   RO         2296    .ARM.Collect$$libinit$$0000000E  c_p.l(libinit2.o)
    0x08000132   0x00000000   Code   RO         2299    .ARM.Collect$$libinit$$00000011  c_p.l(libinit2.o)
    0x08000132   0x00000000   Code   RO         2301    .ARM.Collect$$libinit$$00000013  c_p.l(libinit2.o)
    0x08000132   0x00000000   Code   RO         2303    .ARM.Collect$$libinit$$00000015  c_p.l(libinit2.o)
    0x08000132   0x00000000   Code   RO         2305    .ARM.Collect$$libinit$$00000017  c_p.l(libinit2.o)
    0x08000132   0x00000000   Code   RO         2307    .ARM.Collect$$libinit$$00000019  c_p.l(libinit2.o)
    0x08000132   0x00000000   Code   RO         2309    .ARM.Collect$$libinit$$0000001B  c_p.l(libinit2.o)
    0x08000132   0x00000000   Code   RO         2311    .ARM.Collect$$libinit$$0000001D  c_p.l(libinit2.o)
    0x08000132   0x00000000   Code   RO         2313    .ARM.Collect$$libinit$$0000001F  c_p.l(libinit2.o)
    0x08000132   0x00000000   Code   RO         2315    .ARM.Collect$$libinit$$00000021  c_p.l(libinit2.o)
    0x08000132   0x00000000   Code   RO         2317    .ARM.Collect$$libinit$$00000023  c_p.l(libinit2.o)
    0x08000132   0x00000000   Code   RO         2319    .ARM.Collect$$libinit$$00000025  c_p.l(libinit2.o)
    0x08000132   0x00000000   Code   RO         2323    .ARM.Collect$$libinit$$0000002C  c_p.l(libinit2.o)
    0x08000132   0x00000000   Code   RO         2325    .ARM.Collect$$libinit$$0000002E  c_p.l(libinit2.o)
    0x08000132   0x00000000   Code   RO         2327    .ARM.Collect$$libinit$$00000030  c_p.l(libinit2.o)
    0x08000132   0x00000000   Code   RO         2329    .ARM.Collect$$libinit$$00000032  c_p.l(libinit2.o)
    0x08000132   0x00000002   Code   RO         2330    .ARM.Collect$$libinit$$00000033  c_p.l(libinit2.o)
    0x08000134   0x00000002   Code   RO         2361    .ARM.Collect$$libshutdown$$00000000  c_p.l(libshutdown.o)
    0x08000136   0x00000000   Code   RO         2388    .ARM.Collect$$libshutdown$$00000003  c_p.l(libshutdown2.o)
    0x08000136   0x00000000   Code   RO         2391    .ARM.Collect$$libshutdown$$00000006  c_p.l(libshutdown2.o)
    0x08000136   0x00000000   Code   RO         2394    .ARM.Collect$$libshutdown$$00000009  c_p.l(libshutdown2.o)
    0x08000136   0x00000000   Code   RO         2396    .ARM.Collect$$libshutdown$$0000000B  c_p.l(libshutdown2.o)
    0x08000136   0x00000000   Code   RO         2399    .ARM.Collect$$libshutdown$$0000000E  c_p.l(libshutdown2.o)
    0x08000136   0x00000002   Code   RO         2400    .ARM.Collect$$libshutdown$$0000000F  c_p.l(libshutdown2.o)
    0x08000138   0x00000000   Code   RO         2237    .ARM.Collect$$rtentry$$00000000  c_p.l(__rtentry.o)
    0x08000138   0x00000000   Code   RO         2243    .ARM.Collect$$rtentry$$00000002  c_p.l(__rtentry2.o)
    0x08000138   0x00000006   Code   RO         2255    .ARM.Collect$$rtentry$$00000004  c_p.l(__rtentry4.o)
    0x0800013e   0x00000000   Code   RO         2245    .ARM.Collect$$rtentry$$00000009  c_p.l(__rtentry2.o)
    0x0800013e   0x00000004   Code   RO         2246    .ARM.Collect$$rtentry$$0000000A  c_p.l(__rtentry2.o)
    0x08000142   0x00000000   Code   RO         2248    .ARM.Collect$$rtentry$$0000000C  c_p.l(__rtentry2.o)
    0x08000142   0x00000008   Code   RO         2249    .ARM.Collect$$rtentry$$0000000D  c_p.l(__rtentry2.o)
    0x0800014a   0x00000002   Code   RO         2278    .ARM.Collect$$rtexit$$00000000  c_p.l(rtexit.o)
    0x0800014c   0x00000000   Code   RO         2334    .ARM.Collect$$rtexit$$00000002  c_p.l(rtexit2.o)
    0x0800014c   0x00000004   Code   RO         2335    .ARM.Collect$$rtexit$$00000003  c_p.l(rtexit2.o)
    0x08000150   0x00000006   Code   RO         2336    .ARM.Collect$$rtexit$$00000004  c_p.l(rtexit2.o)
    0x08000156   0x00000002   PAD
    0x08000158   0x00000038   Code   RO         2225    .emb_text           c_p.l(rt_memcpy.o)
    0x08000190   0x00000074   Code   RO          259    .text               startup_stm32f030.o
    0x08000204   0x00000082   Code   RO         2226    .text               c_p.l(rt_memcpy.o)
    0x08000286   0x0000015a   Code   RO         2229    .text               c_p.l(aeabi_sdiv.o)
    0x080003e0   0x00000006   Code   RO         2233    .text               c_p.l(heapauxi.o)
    0x080003e6   0x0000003e   Code   RO         2259    .text               c_p.l(sys_stackheap_outer.o)
    0x08000424   0x0000000c   Code   RO         2262    .text               c_p.l(exit.o)
    0x08000430   0x00000008   Code   RO         2274    .text               c_p.l(libspace.o)
    0x08000438   0x0000000c   Code   RO         2331    .text               c_p.l(sys_exit.o)
    0x08000444   0x00000002   Code   RO         2350    .text               c_p.l(use_no_semi.o)
    0x08000446   0x00000000   Code   RO         2352    .text               c_p.l(indicate_semi.o)
    0x08000446   0x00000002   PAD
    0x08000448   0x000000ac   Code   RO         1422    i.DrawBitLine16BPP  lcddummy.o
    0x080004f4   0x00000090   Code   RO          266    i.GPIO_Init         stm32f0xx_gpio.o
    0x08000584   0x00000004   Code   RO          273    i.GPIO_ResetBits    stm32f0xx_gpio.o
    0x08000588   0x00000004   Code   RO          274    i.GPIO_SetBits      stm32f0xx_gpio.o
    0x0800058c   0x0000018c   Code   RO         2150    i.GUIMONO_DispChar  LCD.lib(guicharm.o)
    0x08000718   0x00000014   Code   RO         2151    i.GUIMONO_GetCharDistX  LCD.lib(guicharm.o)
    0x0800072c   0x00000008   Code   RO         2152    i.GUIMONO_GetFontInfo  LCD.lib(guicharm.o)
    0x08000734   0x00000032   Code   RO         2153    i.GUIMONO_IsInFont  LCD.lib(guicharm.o)
    0x08000766   0x00000002   PAD
    0x08000768   0x0000008c   Code   RO         1760    i.GUI_AddDecShift   LCD.lib(gui_adddecshift.o)
    0x080007f4   0x0000002a   Code   RO         1681    i.GUI_DispDecAt     LCD.lib(guival.o)
    0x0800081e   0x00000002   PAD
    0x08000820   0x00000148   Code   RO         1576    i.GUI_DispString    LCD.lib(gui_dispstring.o)
    0x08000968   0x00000020   Code   RO         1796    i.GUI_DispStringAt  LCD.lib(gui_dispstringat.o)
    0x08000988   0x00000018   Code   RO         1934    i.GUI_GetCharDistX  LCD.lib(guichar.o)
    0x080009a0   0x0000000c   Code   RO         1935    i.GUI_GetFontDistY  LCD.lib(guichar.o)
    0x080009ac   0x0000004c   Code   RO         1936    i.GUI_GetYAdjust    LCD.lib(guichar.o)
    0x080009f8   0x00000024   Code   RO         1632    i.GUI_Init          LCD.lib(guicore.o)
    0x08000a1c   0x0000003a   Code   RO         2138    i.GUI_RectsIntersect  LCD.lib(gui_rectsintersect.o)
    0x08000a56   0x00000002   PAD
    0x08000a58   0x00000028   Code   RO         1849    i.GUI_UC__GetCharCodeInc  LCD.lib(gui_uc.o)
    0x08000a80   0x0000002c   Code   RO         1851    i.GUI_UC__NumChars2NumBytes  LCD.lib(gui_uc.o)
    0x08000aac   0x00000002   Code   RO         1370    i.GUI_X_Init        gui_x.o
    0x08000aae   0x00000002   PAD
    0x08000ab0   0x00000048   Code   RO         1968    i.GUI__DispLine     LCD.lib(guicharline.o)
    0x08000af8   0x00000048   Code   RO         1969    i.GUI__GetLineDistX  LCD.lib(guicharline.o)
    0x08000b40   0x0000004c   Code   RO         1970    i.GUI__GetLineNumChars  LCD.lib(guicharline.o)
    0x08000b8c   0x00000004   Code   RO          153    i.HardFault_Handler  stm32f0xx_it.o
    0x08000b90   0x0000000c   Code   RO         1997    i.LCD_Color2Index   LCD.lib(lcd.o)
    0x08000b9c   0x0000001a   Code   RO         2120    i.LCD_Color2Index_M565  LCD.lib(lcdpm565.o)
    0x08000bb6   0x00000002   PAD
    0x08000bb8   0x00000238   Code   RO         1998    i.LCD_DrawBitmap    LCD.lib(lcd.o)
    0x08000df0   0x0000001e   Code   RO         1273    i.LCD_Fast_DrawPoint  ili7735r.o
    0x08000e0e   0x00000048   Code   RO         1274    i.LCD_Fill          ili7735r.o
    0x08000e56   0x00000002   PAD
    0x08000e58   0x00000064   Code   RO         2001    i.LCD_FillRect      LCD.lib(lcd.o)
    0x08000ebc   0x00000044   Code   RO         1275    i.LCD_GPIO_Init     ili7735r.o
    0x08000f00   0x00000038   Code   RO         2003    i.LCD_Init          LCD.lib(lcd.o)
    0x08000f38   0x00000002   Code   RO         2182    i.LCD_InitLUT       LCD.lib(lcdcolor.o)
    0x08000f3a   0x00000010   Code   RO         2090    i.LCD_L0_Color2Index  LCD.lib(lcd_l0_generic.o)
    0x08000f4a   0x00000096   Code   RO         1423    i.LCD_L0_DrawBitmap  lcddummy.o
    0x08000fe0   0x00000024   Code   RO         1426    i.LCD_L0_FillRect   lcddummy.o
    0x08001004   0x00000006   Code   RO         1427    i.LCD_L0_GetPixelIndex  lcddummy.o
    0x0800100a   0x00000010   Code   RO         2092    i.LCD_L0_GetRect    LCD.lib(lcd_l0_generic.o)
    0x0800101a   0x0000000a   Code   RO         1428    i.LCD_L0_Init       lcddummy.o
    0x08001024   0x00000002   Code   RO         1430    i.LCD_L0_On         lcddummy.o
    0x08001026   0x00000002   PAD
    0x08001028   0x00000024   Code   RO         2004    i.LCD_SetBkColor    LCD.lib(lcd.o)
    0x0800104c   0x00000018   Code   RO         2005    i.LCD_SetBkColorIndex  LCD.lib(lcd.o)
    0x08001064   0x00000010   Code   RO         2006    i.LCD_SetClipRectMax  LCD.lib(lcd.o)
    0x08001074   0x00000024   Code   RO         2007    i.LCD_SetColor      LCD.lib(lcd.o)
    0x08001098   0x00000018   Code   RO         2008    i.LCD_SetColorIndex  LCD.lib(lcd.o)
    0x080010b0   0x00000030   Code   RO         2009    i.LCD_SetDrawMode   LCD.lib(lcd.o)
    0x080010e0   0x00000074   Code   RO         1276    i.LCD_WR_command    ili7735r.o
    0x08001154   0x000000e8   Code   RO         1277    i.LCD_WR_data       ili7735r.o
    0x0800123c   0x00000074   Code   RO         1278    i.LCD_WR_para       ili7735r.o
    0x080012b0   0x00000056   Code   RO         1279    i.LCD_qu            ili7735r.o
    0x08001306   0x00000002   Code   RO          154    i.NMI_Handler       stm32f0xx_it.o
    0x08001308   0x00000070   Code   RO         1187    i.NVIC_Init         stm32f0xx_misc.o
    0x08001378   0x00000002   Code   RO          155    i.PendSV_Handler    stm32f0xx_it.o
    0x0800137a   0x00000002   PAD
    0x0800137c   0x00000020   Code   RO          358    i.RCC_AHBPeriphClockCmd  stm32f0xx_rcc.o
    0x0800139c   0x00000020   Code   RO          360    i.RCC_APB1PeriphClockCmd  stm32f0xx_rcc.o
    0x080013bc   0x00000002   Code   RO          156    i.SVC_Handler       stm32f0xx_it.o
    0x080013be   0x00000002   PAD
    0x080013c0   0x00000150   Code   RO          200    i.SetSysClock       system_stm32f0xx.o
    0x08001510   0x00000024   Code   RO         1189    i.SysTick_CLKSourceConfig  stm32f0xx_misc.o
    0x08001534   0x00000002   Code   RO          157    i.SysTick_Handler   stm32f0xx_it.o
    0x08001536   0x00000002   PAD
    0x08001538   0x0000007c   Code   RO          202    i.SystemInit        system_stm32f0xx.o
    0x080015b4   0x00000208   Code   RO         1280    i.TFT_Init          ili7735r.o
    0x080017bc   0x0000002c   Code   RO         1341    i.TIM3_IRQHandler   timer.o
    0x080017e8   0x0000004c   Code   RO         1342    i.TIM3_Int_Init     timer.o
    0x08001834   0x00000006   Code   RO          630    i.TIM_ClearITPendingBit  stm32f0xx_tim.o
    0x0800183a   0x00000002   PAD
    0x0800183c   0x0000001c   Code   RO          635    i.TIM_Cmd           stm32f0xx_tim.o
    0x08001858   0x00000026   Code   RO          656    i.TIM_GetITStatus   stm32f0xx_tim.o
    0x0800187e   0x00000014   Code   RO          660    i.TIM_ITConfig      stm32f0xx_tim.o
    0x08001892   0x00000002   PAD
    0x08001894   0x0000007c   Code   RO          708    i.TIM_TimeBaseInit  stm32f0xx_tim.o
    0x08001910   0x00000008   Code   RO         1894    i._CalcSizeOfChar   LCD.lib(gui_uc_encodenone.o)
    0x08001918   0x00000022   Code   RO         1763    i._Check_NegLong    LCD.lib(gui_adddecshift.o)
    0x0800193a   0x00000002   PAD
    0x0800193c   0x00000070   Code   RO         1971    i._DispLine         LCD.lib(guicharline.o)
    0x080019ac   0x000000f4   Code   RO         1435    i._DrawBitLine1BPP  lcddummy.o
    0x08001aa0   0x0000018c   Code   RO         1436    i._DrawBitLine2BPP  lcddummy.o
    0x08001c2c   0x0000018c   Code   RO         1437    i._DrawBitLine4BPP  lcddummy.o
    0x08001db8   0x000000b4   Code   RO         1438    i._DrawBitLine8BPP  lcddummy.o
    0x08001e6c   0x00000008   Code   RO         1895    i._Encode           LCD.lib(gui_uc_encodenone.o)
    0x08001e74   0x00000006   Code   RO         1896    i._GetCharCode      LCD.lib(gui_uc_encodenone.o)
    0x08001e7a   0x00000008   Code   RO         1897    i._GetCharSize      LCD.lib(gui_uc_encodenone.o)
    0x08001e82   0x00000002   PAD
    0x08001e84   0x0000001c   Code   RO         2010    i._GetColorIndex    LCD.lib(lcd.o)
    0x08001ea0   0x00000048   Code   RO         1633    i._InitContext      LCD.lib(guicore.o)
    0x08001ee8   0x00000038   Code   RO         1219    i.delay_init        delay.o
    0x08001f20   0x0000003a   Code   RO         1220    i.delay_ms          delay.o
    0x08001f5a   0x00000002   PAD
    0x08001f5c   0x00000054   Code   RO         1222    i.delay_xms         delay.o
    0x08001fb0   0x0000004c   Code   RO            3    i.main              main.o
    0x08001ffc   0x00000734   Data   RO         1731    .constdata          LCD.lib(f6x8.o)
    0x08002730   0x00000028   Data   RO         1764    .constdata          LCD.lib(gui_adddecshift.o)
    0x08002758   0x00000010   Data   RO         1898    .constdata          LCD.lib(gui_uc_encodenone.o)
    0x08002768   0x00000020   Data   RO         2401    Region$$Table       anon$$obj.o


    Execution Region RW_IRAM1 (Base: 0x20000000, Size: 0x000006b8, Max: 0x00001000, ABSOLUTE)

    Base Addr    Size         Type   Attr      Idx    E Section Name        Object

    0x20000000   0x00000004   Data   RW         1223    .data               delay.o
    0x20000004   0x00000004   Data   RW         1373    .data               gui_x.o
    0x20000008   0x00000014   Data   RW         1635    .data               LCD.lib(guicore.o)
    0x2000001c   0x00000038   Zero   RW         1634    .bss                LCD.lib(guicore.o)
    0x20000054   0x00000060   Zero   RW         2275    .bss                c_p.l(libspace.o)
    0x200000b4   0x00000004   PAD
    0x200000b8   0x00000200   Zero   RW          257    HEAP                startup_stm32f030.o
    0x200002b8   0x00000400   Zero   RW          256    STACK               startup_stm32f030.o


==============================================================================

Image component sizes


      Code (inc. data)   RO Data    RW Data    ZI Data      Debug   Object Name

       198         20          0          4          0       1716   delay.o
         2          0          0          4          0        597   gui_x.o
      1240         30          0          0          0       5049   ili7735r.o
      1592         32          0          0          0       8123   lcddummy.o
        76         26          0          0          0     188143   main.o
       116         56        180          0       1536        624   startup_stm32f030.o
       152          0          0          0          0       1956   stm32f0xx_gpio.o
        12          0          0          0          0       1903   stm32f0xx_it.o
       148         10          0          0          0       1306   stm32f0xx_misc.o
        64          8          0          0          0       1045   stm32f0xx_rcc.o
       216         38          0          0          0       3226   stm32f0xx_tim.o
       460         28          0          0          0       1297   system_stm32f0xx.o
       120         14          0          0          0       1050   timer.o

    ----------------------------------------------------------------------
      4414        262        212          8       1536     216035   Object Totals
         0          0         32          0          0          0   (incl. Generated)
        18          0          0          0          0          0   (incl. Padding)

    ----------------------------------------------------------------------

      Code (inc. data)   RO Data    RW Data    ZI Data      Debug   Library Member Name

         0          0       1844          0          0       2110   f6x8.o
       174          8         40          0          0       1998   gui_adddecshift.o
       328         10          0          0          0      24692   gui_dispstring.o
        32          6          0          0          0        575   gui_dispstringat.o
        58          0          0          0          0        937   gui_rectsintersect.o
        84         10          0          0          0       1173   gui_uc.o
        30          0         16          0          0       2457   gui_uc_encodenone.o
       112         14          0          0          0       1431   guichar.o
       332         26          0          0          0       3051   guicharline.o
       474         10          0          0          0       2987   guicharm.o
       108         30          0         20         56       4578   guicore.o
        42          0          0          0          0        660   guival.o
       948         60          0          0          0       6702   lcd.o
        32          0          0          0          0       1002   lcd_l0_generic.o
         2          0          0          0          0        390   lcdcolor.o
        26          0          0          0          0        579   lcdpm565.o
         8          0          0          0          0         68   __main.o
         0          0          0          0          0          0   __rtentry.o
        12          0          0          0          0          0   __rtentry2.o
         6          0          0          0          0          0   __rtentry4.o
        60          8          0          0          0          0   __scatter.o
        26          0          0          0          0          0   __scatter_copy.o
        28          0          0          0          0          0   __scatter_zi.o
       346          0          0          0          0         92   aeabi_sdiv.o
        12          0          0          0          0         64   exit.o
         6          0          0          0          0        136   heapauxi.o
         0          0          0          0          0          0   indicate_semi.o
         2          0          0          0          0          0   libinit.o
         2          0          0          0          0          0   libinit2.o
         2          0          0          0          0          0   libshutdown.o
         2          0          0          0          0          0   libshutdown2.o
         8          4          0          0         96         68   libspace.o
       186          0          0          0          0        144   rt_memcpy.o
         2          0          0          0          0          0   rtexit.o
        10          0          0          0          0          0   rtexit2.o
        12          4          0          0          0         60   sys_exit.o
        62          0          0          0          0         80   sys_stackheap_outer.o
         2          0          0          0          0         68   use_no_semi.o

    ----------------------------------------------------------------------
      3594        190       1900         20        156      56102   Library Totals
        18          0          0          0          4          0   (incl. Padding)

    ----------------------------------------------------------------------

      Code (inc. data)   RO Data    RW Data    ZI Data      Debug   Library Name

      2782        174       1900         20         56      55322   LCD.lib
       794         16          0          0         96        780   c_p.l

    ----------------------------------------------------------------------
      3594        190       1900         20        156      56102   Library Totals

    ----------------------------------------------------------------------

==============================================================================


      Code (inc. data)   RO Data    RW Data    ZI Data      Debug   

      8008        452       2112         28       1692     268333   Grand Totals
      8008        452       2112         28       1692     268333   ELF Image Totals
      8008        452       2112         28          0          0   ROM Totals

==============================================================================

    Total RO  Size (Code + RO Data)                10120 (   9.88kB)
    Total RW  Size (RW Data + ZI Data)              1720 (   1.68kB)
    Total ROM Size (Code + RO Data + RW Data)      10148 (   9.91kB)

==============================================================================

