Component: ARM Compiler 5.05 update 1 (build 106) Tool: armlink [4d0efa]

==============================================================================

Section Cross References

    main.o(i.main) refers to delay.o(i.delay_init) for delay_init
    main.o(i.main) refers to timer.o(i.TIM3_Int_Init) for TIM3_Int_Init
    main.o(i.main) refers to guicore.o(i.GUI_Init) for GUI_Init
    main.o(i.main) refers to gui_yan.o(i.MainTask) for MainTask
    stm32f0xx_it.o(i.SysTick_Handler) refers to stm32f0xx_gpio.o(i.GPIO_ResetBits) for GPIO_ResetBits
    system_stm32f0xx.o(i.SystemCoreClockUpdate) refers to aeabi_sdiv.o(.text) for __aeabi_uidivmod
    system_stm32f0xx.o(i.SystemCoreClockUpdate) refers to system_stm32f0xx.o(.data) for SystemCoreClock
    system_stm32f0xx.o(i.SystemInit) refers to system_stm32f0xx.o(i.SetSysClock) for SetSysClock
    startup_stm32f030.o(STACK) refers (Special) to heapauxi.o(.text) for __use_two_region_memory
    startup_stm32f030.o(HEAP) refers (Special) to heapauxi.o(.text) for __use_two_region_memory
    startup_stm32f030.o(RESET) refers (Special) to heapauxi.o(.text) for __use_two_region_memory
    startup_stm32f030.o(RESET) refers to startup_stm32f030.o(STACK) for __initial_sp
    startup_stm32f030.o(RESET) refers to startup_stm32f030.o(.text) for Reset_Handler
    startup_stm32f030.o(RESET) refers to stm32f0xx_it.o(i.NMI_Handler) for NMI_Handler
    startup_stm32f030.o(RESET) refers to stm32f0xx_it.o(i.HardFault_Handler) for HardFault_Handler
    startup_stm32f030.o(RESET) refers to stm32f0xx_it.o(i.SVC_Handler) for SVC_Handler
    startup_stm32f030.o(RESET) refers to stm32f0xx_it.o(i.PendSV_Handler) for PendSV_Handler
    startup_stm32f030.o(RESET) refers to stm32f0xx_it.o(i.SysTick_Handler) for SysTick_Handler
    startup_stm32f030.o(RESET) refers to timer.o(i.TIM3_IRQHandler) for TIM3_IRQHandler
    startup_stm32f030.o(.text) refers (Special) to heapauxi.o(.text) for __use_two_region_memory
    startup_stm32f030.o(.text) refers to startup_stm32f030.o(STACK) for __initial_sp
    startup_stm32f030.o(.text) refers to system_stm32f0xx.o(i.SystemInit) for SystemInit
    startup_stm32f030.o(.text) refers to __main.o(!!!main) for __main
    startup_stm32f030.o(.text) refers to startup_stm32f030.o(HEAP) for Heap_Mem
    stm32f0xx_gpio.o(i.GPIO_DeInit) refers to stm32f0xx_rcc.o(i.RCC_AHBPeriphResetCmd) for RCC_AHBPeriphResetCmd
    stm32f0xx_rcc.o(i.RCC_GetClocksFreq) refers to aeabi_sdiv.o(.text) for __aeabi_uidivmod
    stm32f0xx_rcc.o(i.RCC_GetClocksFreq) refers to stm32f0xx_rcc.o(.data) for APBAHBPrescTable
    stm32f0xx_rcc.o(i.RCC_WaitForHSEStartUp) refers to stm32f0xx_rcc.o(i.RCC_GetFlagStatus) for RCC_GetFlagStatus
    stm32f0xx_tim.o(i.TIM_DeInit) refers to stm32f0xx_rcc.o(i.RCC_APB2PeriphResetCmd) for RCC_APB2PeriphResetCmd
    stm32f0xx_tim.o(i.TIM_DeInit) refers to stm32f0xx_rcc.o(i.RCC_APB1PeriphResetCmd) for RCC_APB1PeriphResetCmd
    stm32f0xx_tim.o(i.TIM_ETRClockMode1Config) refers to stm32f0xx_tim.o(i.TIM_ETRConfig) for TIM_ETRConfig
    stm32f0xx_tim.o(i.TIM_ETRClockMode2Config) refers to stm32f0xx_tim.o(i.TIM_ETRConfig) for TIM_ETRConfig
    stm32f0xx_tim.o(i.TIM_ICInit) refers to stm32f0xx_tim.o(i.TI1_Config) for TI1_Config
    stm32f0xx_tim.o(i.TIM_ICInit) refers to stm32f0xx_tim.o(i.TIM_SetIC1Prescaler) for TIM_SetIC1Prescaler
    stm32f0xx_tim.o(i.TIM_ICInit) refers to stm32f0xx_tim.o(i.TI2_Config) for TI2_Config
    stm32f0xx_tim.o(i.TIM_ICInit) refers to stm32f0xx_tim.o(i.TIM_SetIC2Prescaler) for TIM_SetIC2Prescaler
    stm32f0xx_tim.o(i.TIM_ICInit) refers to stm32f0xx_tim.o(i.TI3_Config) for TI3_Config
    stm32f0xx_tim.o(i.TIM_ICInit) refers to stm32f0xx_tim.o(i.TIM_SetIC3Prescaler) for TIM_SetIC3Prescaler
    stm32f0xx_tim.o(i.TIM_ICInit) refers to stm32f0xx_tim.o(i.TI4_Config) for TI4_Config
    stm32f0xx_tim.o(i.TIM_ICInit) refers to stm32f0xx_tim.o(i.TIM_SetIC4Prescaler) for TIM_SetIC4Prescaler
    stm32f0xx_tim.o(i.TIM_ITRxExternalClockConfig) refers to stm32f0xx_tim.o(i.TIM_SelectInputTrigger) for TIM_SelectInputTrigger
    stm32f0xx_tim.o(i.TIM_PWMIConfig) refers to stm32f0xx_tim.o(i.TI1_Config) for TI1_Config
    stm32f0xx_tim.o(i.TIM_PWMIConfig) refers to stm32f0xx_tim.o(i.TIM_SetIC1Prescaler) for TIM_SetIC1Prescaler
    stm32f0xx_tim.o(i.TIM_PWMIConfig) refers to stm32f0xx_tim.o(i.TI2_Config) for TI2_Config
    stm32f0xx_tim.o(i.TIM_PWMIConfig) refers to stm32f0xx_tim.o(i.TIM_SetIC2Prescaler) for TIM_SetIC2Prescaler
    stm32f0xx_tim.o(i.TIM_TIxExternalClockConfig) refers to stm32f0xx_tim.o(i.TI2_Config) for TI2_Config
    stm32f0xx_tim.o(i.TIM_TIxExternalClockConfig) refers to stm32f0xx_tim.o(i.TI1_Config) for TI1_Config
    stm32f0xx_tim.o(i.TIM_TIxExternalClockConfig) refers to stm32f0xx_tim.o(i.TIM_SelectInputTrigger) for TIM_SelectInputTrigger
    delay.o(i.delay_init) refers to stm32f0xx_misc.o(i.SysTick_CLKSourceConfig) for SysTick_CLKSourceConfig
    delay.o(i.delay_init) refers to aeabi_sdiv.o(.text) for __aeabi_uidivmod
[...]
    ..\GUI\WM\WM_Timer.c                     0x00000000   Number         0  wm_timer.o ABSOLUTE
    ..\GUI\WM\WM_TimerExternal.c             0x00000000   Number         0  wm_timerexternal.o ABSOLUTE
    ..\GUI\WM\WM_UserData.c                  0x00000000   Number         0  wm_userdata.o ABSOLUTE
    ..\GUI\WM\WM_Validate.c                  0x00000000   Number         0  wm_validate.o ABSOLUTE
    ..\GUI\WM\WM_ValidateWindow.c            0x00000000   Number         0  wm_validatewindow.o ABSOLUTE
    ..\GUI\WM\WM__ForEachDesc.c              0x00000000   Number         0  wm__foreachdesc.o ABSOLUTE
    ..\GUI\WM\WM__GetFirstSibling.c          0x00000000   Number         0  wm__getfirstsibling.o ABSOLUTE
    ..\GUI\WM\WM__GetFocussedChild.c         0x00000000   Number         0  wm__getfocussedchild.o ABSOLUTE
    ..\GUI\WM\WM__GetLastSibling.c           0x00000000   Number         0  wm__getlastsibling.o ABSOLUTE
    ..\GUI\WM\WM__GetOrg_AA.c                0x00000000   Number         0  wm__getorg_aa.o ABSOLUTE
    ..\GUI\WM\WM__GetPrevSibling.c           0x00000000   Number         0  wm__getprevsibling.o ABSOLUTE
    ..\GUI\WM\WM__IsAncestor.c               0x00000000   Number         0  wm__isancestor.o ABSOLUTE
    ..\GUI\WM\WM__IsChild.c                  0x00000000   Number         0  wm__ischild.o ABSOLUTE
    ..\GUI\WM\WM__IsEnabled.c                0x00000000   Number         0  wm__isenabled.o ABSOLUTE
    ..\GUI\WM\WM__NotifyVisChanged.c         0x00000000   Number         0  wm__notifyvischanged.o ABSOLUTE
    ..\GUI\WM\WM__Screen2Client.c            0x00000000   Number         0  wm__screen2client.o ABSOLUTE
    ..\GUI\WM\WM__SendMessage.c              0x00000000   Number         0  wm__sendmessage.o ABSOLUTE
    ..\GUI\WM\WM__SendMessageIfEnabled.c     0x00000000   Number         0  wm__sendmessageifenabled.o ABSOLUTE
    ..\GUI\WM\WM__SendMessageNoPara.c        0x00000000   Number         0  wm__sendmessagenopara.o ABSOLUTE
    ..\GUI\WM\WM__UpdateChildPositions.c     0x00000000   Number         0  wm__updatechildpositions.o ABSOLUTE
    ..\GUI\Widget\BUTTON.c                   0x00000000   Number         0  button.o ABSOLUTE
    ..\GUI\Widget\BUTTON_BMP.c               0x00000000   Number         0  button_bmp.o ABSOLUTE
    ..\GUI\Widget\BUTTON_Bitmap.c            0x00000000   Number         0  button_bitmap.o ABSOLUTE
    ..\GUI\Widget\BUTTON_Create.c            0x00000000   Number         0  button_create.o ABSOLUTE
    ..\GUI\Widget\BUTTON_CreateIndirect.c    0x00000000   Number         0  button_createindirect.o ABSOLUTE
    ..\GUI\Widget\BUTTON_Default.c           0x00000000   Number         0  button_default.o ABSOLUTE
    ..\GUI\Widget\BUTTON_Get.c               0x00000000   Number         0  button_get.o ABSOLUTE
    ..\GUI\Widget\BUTTON_IsPressed.c         0x00000000   Number         0  button_ispressed.o ABSOLUTE
    ..\GUI\Widget\BUTTON_SelfDraw.c          0x00000000   Number         0  button_selfdraw.o ABSOLUTE
    ..\GUI\Widget\BUTTON_SetTextAlign.c      0x00000000   Number         0  button_settextalign.o ABSOLUTE
    ..\GUI\Widget\BUTTON_StreamedBitmap.c    0x00000000   Number         0  button_streamedbitmap.o ABSOLUTE
    ..\GUI\Widget\BUTTON__SetBitmapObj.c     0x00000000   Number         0  button__setbitmapobj.o ABSOLUTE
    ..\GUI\Widget\CHECKBOX.c                 0x00000000   Number         0  checkbox.o ABSOLUTE
    ..\GUI\Widget\CHECKBOX_Create.c          0x00000000   Number         0  checkbox_create.o ABSOLUTE
    ..\GUI\Widget\CHECKBOX_CreateIndirect.c  0x00000000   Number         0  checkbox_createindirect.o ABSOLUTE
    ..\GUI\Widget\CHECKBOX_Default.c         0x00000000   Number         0  checkbox_default.o ABSOLUTE
    ..\GUI\Widget\CHECKBOX_GetState.c        0x00000000   Number         0  checkbox_getstate.o ABSOLUTE
    ..\GUI\Widget\CHECKBOX_Image.c           0x00000000   Number         0  checkbox_image.o ABSOLUTE
    ..\GUI\Widget\CHECKBOX_IsChecked.c       0x00000000   Number         0  checkbox_ischecked.o ABSOLUTE
    ..\GUI\Widget\CHECKBOX_SetBkColor.c      0x00000000   Number         0  checkbox_setbkcolor.o ABSOLUTE
    ..\GUI\Widget\CHECKBOX_SetDefaultImage.c 0x00000000   Number         0  checkbox_setdefaultimage.o ABSOLUTE
    ..\GUI\Widget\CHECKBOX_SetFont.c         0x00000000   Number         0  checkbox_setfont.o ABSOLUTE
    ..\GUI\Widget\CHECKBOX_SetImage.c        0x00000000   Number         0  checkbox_setimage.o ABSOLUTE
    ..\GUI\Widget\CHECKBOX_SetNumStates.c    0x00000000   Number         0  checkbox_setnumstates.o ABSOLUTE
    ..\GUI\Widget\CHECKBOX_SetSpacing.c      0x00000000   Number         0  checkbox_setspacing.o ABSOLUTE
    ..\GUI\Widget\CHECKBOX_SetState.c        0x00000000   Number         0  checkbox_setstate.o ABSOLUTE
    ..\GUI\Widget\CHECKBOX_SetText.c         0x00000000   Number         0  checkbox_settext.o ABSOLUTE
    ..\GUI\Widget\CHECKBOX_SetTextAlign.c    0x00000000   Number         0  checkbox_settextalign.o ABSOLUTE
    ..\GUI\Widget\CHECKBOX_SetTextColor.c    0x00000000   Number         0  checkbox_settextcolor.o ABSOLUTE
    ..\GUI\Widget\DIALOG.c                   0x00000000   Number         0  dialog.o ABSOLUTE
    ..\GUI\Widget\DROPDOWN.c                 0x00000000   Number         0  dropdown.o ABSOLUTE
    ..\GUI\Widget\DROPDOWN_Create.c          0x00000000   Number         0  dropdown_create.o ABSOLUTE
    ..\GUI\Widget\DROPDOWN_CreateIndirect.c  0x00000000   Number         0  dropdown_createindirect.o ABSOLUTE
    ..\GUI\Widget\DROPDOWN_DeleteItem.c      0x00000000   Number         0  dropdown_deleteitem.o ABSOLUTE
    ..\GUI\Widget\DROPDOWN_InsertString.c    0x00000000   Number         0  dropdown_insertstring.o ABSOLUTE
    ..\GUI\Widget\DROPDOWN_ItemSpacing.c     0x00000000   Number         0  dropdown_itemspacing.o ABSOLUTE
    ..\GUI\Widget\DROPDOWN_SetAutoScroll.c   0x00000000   Number         0  dropdown_setautoscroll.o ABSOLUTE
    ..\GUI\Widget\DROPDOWN_SetTextAlign.c    0x00000000   Number         0  dropdown_settextalign.o ABSOLUTE
    ..\GUI\Widget\DROPDOWN_SetTextHeight.c   0x00000000   Number         0  dropdown_settextheight.o ABSOLUTE
    ..\GUI\Widget\EDIT.c                     0x00000000   Number         0  edit.o ABSOLUTE
    ..\GUI\Widget\EDITBin.c                  0x00000000   Number         0  editbin.o ABSOLUTE
    ..\GUI\Widget\EDITDec.c                  0x00000000   Number         0  editdec.o ABSOLUTE
    ..\GUI\Widget\EDITFloat.c                0x00000000   Number         0  editfloat.o ABSOLUTE
    ..\GUI\Widget\EDITHex.c                  0x00000000   Number         0  edithex.o ABSOLUTE
    ..\GUI\Widget\EDIT_Create.c              0x00000000   Number         0  edit_create.o ABSOLUTE
    ..\GUI\Widget\EDIT_CreateIndirect.c      0x00000000   Number         0  edit_createindirect.o ABSOLUTE
    ..\GUI\Widget\EDIT_Default.c             0x00000000   Number         0  edit_default.o ABSOLUTE
    ..\GUI\Widget\EDIT_GetNumChars.c         0x00000000   Number         0  edit_getnumchars.o ABSOLUTE
    ..\GUI\Widget\EDIT_SetCursorAtChar.c     0x00000000   Number         0  edit_setcursoratchar.o ABSOLUTE
    ..\GUI\Widget\EDIT_SetInsertMode.c       0x00000000   Number         0  edit_setinsertmode.o ABSOLUTE
    ..\GUI\Widget\EDIT_SetSel.c              0x00000000   Number         0  edit_setsel.o ABSOLUTE
    ..\GUI\Widget\EDIT_SetpfAddKeyEx.c       0x00000000   Number         0  edit_setpfaddkeyex.o ABSOLUTE
    ..\GUI\Widget\EDIT_SetpfUpdateBuffer.c   0x00000000   Number         0  edit_setpfupdatebuffer.o ABSOLUTE
    ..\GUI\Widget\FRAMEWIN.c                 0x00000000   Number         0  framewin.o ABSOLUTE
    ..\GUI\Widget\FRAMEWIN_AddMenu.c         0x00000000   Number         0  framewin_addmenu.o ABSOLUTE
    ..\GUI\Widget\FRAMEWIN_Button.c          0x00000000   Number         0  framewin_button.o ABSOLUTE
    ..\GUI\Widget\FRAMEWIN_ButtonClose.c     0x00000000   Number         0  framewin_buttonclose.o ABSOLUTE
    ..\GUI\Widget\FRAMEWIN_ButtonMax.c       0x00000000   Number         0  framewin_buttonmax.o ABSOLUTE
    ..\GUI\Widget\FRAMEWIN_ButtonMin.c       0x00000000   Number         0  framewin_buttonmin.o ABSOLUTE
    ..\GUI\Widget\FRAMEWIN_Create.c          0x00000000   Number         0  framewin_create.o ABSOLUTE
    ..\GUI\Widget\FRAMEWIN_CreateIndirect.c  0x00000000   Number         0  framewin_createindirect.o ABSOLUTE
    ..\GUI\Widget\FRAMEWIN_Default.c         0x00000000   Number         0  framewin_default.o ABSOLUTE
    ..\GUI\Widget\FRAMEWIN_Get.c             0x00000000   Number         0  framewin_get.o ABSOLUTE
    ..\GUI\Widget\FRAMEWIN_IsMinMax.c        0x00000000   Number         0  framewin_isminmax.o ABSOLUTE
    ..\GUI\Widget\FRAMEWIN_MinMaxRest.c      0x00000000   Number         0  framewin_minmaxrest.o ABSOLUTE
    ..\GUI\Widget\FRAMEWIN_SetBorderSize.c   0x00000000   Number         0  framewin_setbordersize.o ABSOLUTE
    ..\GUI\Widget\FRAMEWIN_SetColors.c       0x00000000   Number         0  framewin_setcolors.o ABSOLUTE
    ..\GUI\Widget\FRAMEWIN_SetFont.c         0x00000000   Number         0  framewin_setfont.o ABSOLUTE
    ..\GUI\Widget\FRAMEWIN_SetResizeable.c   0x00000000   Number         0  framewin_setresizeable.o ABSOLUTE
    ..\GUI\Widget\FRAMEWIN_SetTitleHeight.c  0x00000000   Number         0  framewin_settitleheight.o ABSOLUTE
    ..\GUI\Widget\FRAMEWIN_SetTitleVis.c     0x00000000   Number         0  framewin_settitlevis.o ABSOLUTE
    ..\GUI\Widget\FRAMEWIN__UpdateButtons.c  0x00000000   Number         0  framewin__updatebuttons.o ABSOLUTE
    ..\GUI\Widget\GUI_ARRAY.c                0x00000000   Number         0  gui_array.o ABSOLUTE
    ..\GUI\Widget\GUI_ARRAY_DeleteItem.c     0x00000000   Number         0  gui_array_deleteitem.o ABSOLUTE
    ..\GUI\Widget\GUI_ARRAY_InsertItem.c     0x00000000   Number         0  gui_array_insertitem.o ABSOLUTE
    ..\GUI\Widget\GUI_ARRAY_ResizeItem.c     0x00000000   Number         0  gui_array_resizeitem.o ABSOLUTE
    ..\GUI\Widget\GUI_DRAW.c                 0x00000000   Number         0  gui_draw.o ABSOLUTE
    ..\GUI\Widget\GUI_DRAW_BITMAP.c          0x00000000   Number         0  gui_draw_bitmap.o ABSOLUTE
    ..\GUI\Widget\GUI_DRAW_BMP.c             0x00000000   Number         0  gui_draw_bmp.o ABSOLUTE
    ..\GUI\Widget\GUI_DRAW_STREAMED.c        0x00000000   Number         0  gui_draw_streamed.o ABSOLUTE
    ..\GUI\Widget\GUI_DRAW_Self.c            0x00000000   Number         0  gui_draw_self.o ABSOLUTE
    ..\GUI\Widget\GUI_EditBin.c              0x00000000   Number         0  gui_editbin.o ABSOLUTE
    ..\GUI\Widget\GUI_EditDec.c              0x00000000   Number         0  gui_editdec.o ABSOLUTE
    ..\GUI\Widget\GUI_EditFloat.c            0x00000000   Number         0  gui_editfloat.o ABSOLUTE
    ..\GUI\Widget\GUI_EditHex.c              0x00000000   Number         0  gui_edithex.o ABSOLUTE
    ..\GUI\Widget\GUI_EditString.c           0x00000000   Number         0  gui_editstring.o ABSOLUTE
    ..\GUI\Widget\GUI_HOOK.c                 0x00000000   Number         0  gui_hook.o ABSOLUTE
    ..\GUI\Widget\HEADER.c                   0x00000000   Number         0  header.o ABSOLUTE
    ..\GUI\Widget\HEADER_BMP.c               0x00000000   Number         0  header_bmp.o ABSOLUTE
    ..\GUI\Widget\HEADER_Bitmap.c            0x00000000   Number         0  header_bitmap.o ABSOLUTE
    ..\GUI\Widget\HEADER_Create.c            0x00000000   Number         0  header_create.o ABSOLUTE
    ..\GUI\Widget\HEADER_CreateIndirect.c    0x00000000   Number         0  header_createindirect.o ABSOLUTE
    ..\GUI\Widget\HEADER_StreamedBitmap.c    0x00000000   Number         0  header_streamedbitmap.o ABSOLUTE
    ..\GUI\Widget\HEADER__SetDrawObj.c       0x00000000   Number         0  header__setdrawobj.o ABSOLUTE
    ..\GUI\Widget\LISTBOX.c                  0x00000000   Number         0  listbox.o ABSOLUTE
    ..\GUI\Widget\LISTBOX_Create.c           0x00000000   Number         0  listbox_create.o ABSOLUTE
    ..\GUI\Widget\LISTBOX_CreateIndirect.c   0x00000000   Number         0  listbox_createindirect.o ABSOLUTE
    ..\GUI\Widget\LISTBOX_Default.c          0x00000000   Number         0  listbox_default.o ABSOLUTE
    ..\GUI\Widget\LISTBOX_DeleteItem.c       0x00000000   Number         0  listbox_deleteitem.o ABSOLUTE
    ..\GUI\Widget\LISTBOX_Font.c             0x00000000   Number         0  listbox_font.o ABSOLUTE
    ..\GUI\Widget\LISTBOX_GetItemText.c      0x00000000   Number         0  listbox_getitemtext.o ABSOLUTE
    ..\GUI\Widget\LISTBOX_GetNumItems.c      0x00000000   Number         0  listbox_getnumitems.o ABSOLUTE
    ..\GUI\Widget\LISTBOX_InsertString.c     0x00000000   Number         0  listbox_insertstring.o ABSOLUTE
    ..\GUI\Widget\LISTBOX_ItemDisabled.c     0x00000000   Number         0  listbox_itemdisabled.o ABSOLUTE
    ..\GUI\Widget\LISTBOX_ItemSpacing.c      0x00000000   Number         0  listbox_itemspacing.o ABSOLUTE
    ..\GUI\Widget\LISTBOX_MultiSel.c         0x00000000   Number         0  listbox_multisel.o ABSOLUTE
    ..\GUI\Widget\LISTBOX_ScrollStep.c       0x00000000   Number         0  listbox_scrollstep.o ABSOLUTE
    ..\GUI\Widget\LISTBOX_SetAutoScroll.c    0x00000000   Number         0  listbox_setautoscroll.o ABSOLUTE
    ..\GUI\Widget\LISTBOX_SetBkColor.c       0x00000000   Number         0  listbox_setbkcolor.o ABSOLUTE
    ..\GUI\Widget\LISTBOX_SetOwner.c         0x00000000   Number         0  listbox_setowner.o ABSOLUTE
    ..\GUI\Widget\LISTBOX_SetOwnerDraw.c     0x00000000   Number         0  listbox_setownerdraw.o ABSOLUTE
    ..\GUI\Widget\LISTBOX_SetScrollbarWidth.c 0x00000000   Number         0  listbox_setscrollbarwidth.o ABSOLUTE
    ..\GUI\Widget\LISTBOX_SetString.c        0x00000000   Number         0  listbox_setstring.o ABSOLUTE
    ..\GUI\Widget\LISTBOX_SetTextColor.c     0x00000000   Number         0  listbox_settextcolor.o ABSOLUTE
    ..\GUI\Widget\LISTVIEW.c                 0x00000000   Number         0  listview.o ABSOLUTE
    ..\GUI\Widget\LISTVIEW_Create.c          0x00000000   Number         0  listview_create.o ABSOLUTE
    ..\GUI\Widget\LISTVIEW_CreateIndirect.c  0x00000000   Number         0  listview_createindirect.o ABSOLUTE
    ..\GUI\Widget\LISTVIEW_Default.c         0x00000000   Number         0  listview_default.o ABSOLUTE
    ..\GUI\Widget\LISTVIEW_DeleteColumn.c    0x00000000   Number         0  listview_deletecolumn.o ABSOLUTE
    ..\GUI\Widget\LISTVIEW_DeleteRow.c       0x00000000   Number         0  listview_deleterow.o ABSOLUTE
    ..\GUI\Widget\LISTVIEW_GetBkColor.c      0x00000000   Number         0  listview_getbkcolor.o ABSOLUTE
    ..\GUI\Widget\LISTVIEW_GetFont.c         0x00000000   Number         0  listview_getfont.o ABSOLUTE
    ..\GUI\Widget\LISTVIEW_GetHeader.c       0x00000000   Number         0  listview_getheader.o ABSOLUTE
    ..\GUI\Widget\LISTVIEW_GetNumColumns.c   0x00000000   Number         0  listview_getnumcolumns.o ABSOLUTE
    ..\GUI\Widget\LISTVIEW_GetNumRows.c      0x00000000   Number         0  listview_getnumrows.o ABSOLUTE
    ..\GUI\Widget\LISTVIEW_GetSel.c          0x00000000   Number         0  listview_getsel.o ABSOLUTE
    ..\GUI\Widget\LISTVIEW_GetTextColor.c    0x00000000   Number         0  listview_gettextcolor.o ABSOLUTE
    ..\GUI\Widget\LISTVIEW_SetBkColor.c      0x00000000   Number         0  listview_setbkcolor.o ABSOLUTE
    ..\GUI\Widget\LISTVIEW_SetColumnWidth.c  0x00000000   Number         0  listview_setcolumnwidth.o ABSOLUTE
    ..\GUI\Widget\LISTVIEW_SetFont.c         0x00000000   Number         0  listview_setfont.o ABSOLUTE
    ..\GUI\Widget\LISTVIEW_SetGridVis.c      0x00000000   Number         0  listview_setgridvis.o ABSOLUTE
    ..\GUI\Widget\LISTVIEW_SetItemColor.c    0x00000000   Number         0  listview_setitemcolor.o ABSOLUTE
    ..\GUI\Widget\LISTVIEW_SetItemText.c     0x00000000   Number         0  listview_setitemtext.o ABSOLUTE
    ..\GUI\Widget\LISTVIEW_SetLBorder.c      0x00000000   Number         0  listview_setlborder.o ABSOLUTE
    ..\GUI\Widget\LISTVIEW_SetRBorder.c      0x00000000   Number         0  listview_setrborder.o ABSOLUTE
    ..\GUI\Widget\LISTVIEW_SetRowHeight.c    0x00000000   Number         0  listview_setrowheight.o ABSOLUTE
    ..\GUI\Widget\LISTVIEW_SetSel.c          0x00000000   Number         0  listview_setsel.o ABSOLUTE
    ..\GUI\Widget\LISTVIEW_SetTextAlign.c    0x00000000   Number         0  listview_settextalign.o ABSOLUTE
    ..\GUI\Widget\LISTVIEW_SetTextColor.c    0x00000000   Number         0  listview_settextcolor.o ABSOLUTE
    ..\GUI\Widget\MENU.c                     0x00000000   Number         0  menu.o ABSOLUTE
    ..\GUI\Widget\MENU_Attach.c              0x00000000   Number         0  menu_attach.o ABSOLUTE
    ..\GUI\Widget\MENU_CreateIndirect.c      0x00000000   Number         0  menu_createindirect.o ABSOLUTE
    ..\GUI\Widget\MENU_Default.c             0x00000000   Number         0  menu_default.o ABSOLUTE
    ..\GUI\Widget\MENU_DeleteItem.c          0x00000000   Number         0  menu_deleteitem.o ABSOLUTE
    ..\GUI\Widget\MENU_DisableItem.c         0x00000000   Number         0  menu_disableitem.o ABSOLUTE
    ..\GUI\Widget\MENU_EnableItem.c          0x00000000   Number         0  menu_enableitem.o ABSOLUTE
    ..\GUI\Widget\MENU_GetItem.c             0x00000000   Number         0  menu_getitem.o ABSOLUTE
    ..\GUI\Widget\MENU_GetItemText.c         0x00000000   Number         0  menu_getitemtext.o ABSOLUTE
    ..\GUI\Widget\MENU_GetNumItems.c         0x00000000   Number         0  menu_getnumitems.o ABSOLUTE
    ..\GUI\Widget\MENU_InsertItem.c          0x00000000   Number         0  menu_insertitem.o ABSOLUTE
    ..\GUI\Widget\MENU_Popup.c               0x00000000   Number         0  menu_popup.o ABSOLUTE
    ..\GUI\Widget\MENU_SetBkColor.c          0x00000000   Number         0  menu_setbkcolor.o ABSOLUTE
    ..\GUI\Widget\MENU_SetBorderSize.c       0x00000000   Number         0  menu_setbordersize.o ABSOLUTE
    ..\GUI\Widget\MENU_SetFont.c             0x00000000   Number         0  menu_setfont.o ABSOLUTE
    ..\GUI\Widget\MENU_SetItem.c             0x00000000   Number         0  menu_setitem.o ABSOLUTE
    ..\GUI\Widget\MENU_SetTextColor.c        0x00000000   Number         0  menu_settextcolor.o ABSOLUTE
    ..\GUI\Widget\MENU__FindItem.c           0x00000000   Number         0  menu__finditem.o ABSOLUTE
    ..\GUI\Widget\MESSAGEBOX.c               0x00000000   Number         0  messagebox.o ABSOLUTE
    ..\GUI\Widget\MULTIEDIT.c                0x00000000   Number         0  multiedit.o ABSOLUTE
    ..\GUI\Widget\MULTIEDIT_Create.c         0x00000000   Number         0  multiedit_create.o ABSOLUTE
    ..\GUI\Widget\MULTIEDIT_CreateIndirect.c 0x00000000   Number         0  multiedit_createindirect.o ABSOLUTE
    ..\GUI\Widget\MULTIPAGE.c                0x00000000   Number         0  multipage.o ABSOLUTE
    ..\GUI\Widget\MULTIPAGE_Create.c         0x00000000   Number         0  multipage_create.o ABSOLUTE
    ..\GUI\Widget\MULTIPAGE_CreateIndirect.c 0x00000000   Number         0  multipage_createindirect.o ABSOLUTE
    ..\GUI\Widget\MULTIPAGE_Default.c        0x00000000   Number         0  multipage_default.o ABSOLUTE
    ..\GUI\Widget\PROGBAR.c                  0x00000000   Number         0  progbar.o ABSOLUTE
    ..\GUI\Widget\PROGBAR_Create.c           0x00000000   Number         0  progbar_create.o ABSOLUTE
    ..\GUI\Widget\PROGBAR_CreateIndirect.c   0x00000000   Number         0  progbar_createindirect.o ABSOLUTE
    ..\GUI\Widget\RADIO.c                    0x00000000   Number         0  radio.o ABSOLUTE
    ..\GUI\Widget\RADIO_Create.c             0x00000000   Number         0  radio_create.o ABSOLUTE
    ..\GUI\Widget\RADIO_CreateIndirect.c     0x00000000   Number         0  radio_createindirect.o ABSOLUTE
    ..\GUI\Widget\RADIO_Default.c            0x00000000   Number         0  radio_default.o ABSOLUTE
    ..\GUI\Widget\RADIO_Image.c              0x00000000   Number         0  radio_image.o ABSOLUTE
    ..\GUI\Widget\RADIO_SetBkColor.c         0x00000000   Number         0  radio_setbkcolor.o ABSOLUTE
    ..\GUI\Widget\RADIO_SetDefaultImage.c    0x00000000   Number         0  radio_setdefaultimage.o ABSOLUTE
    ..\GUI\Widget\RADIO_SetFont.c            0x00000000   Number         0  radio_setfont.o ABSOLUTE
    ..\GUI\Widget\RADIO_SetGroupId.c         0x00000000   Number         0  radio_setgroupid.o ABSOLUTE
    ..\GUI\Widget\RADIO_SetImage.c           0x00000000   Number         0  radio_setimage.o ABSOLUTE
    ..\GUI\Widget\RADIO_SetText.c            0x00000000   Number         0  radio_settext.o ABSOLUTE
    ..\GUI\Widget\RADIO_SetTextColor.c       0x00000000   Number         0  radio_settextcolor.o ABSOLUTE
    ..\GUI\Widget\SCROLLBAR.c                0x00000000   Number         0  scrollbar.o ABSOLUTE
    ..\GUI\Widget\SCROLLBAR_Create.c         0x00000000   Number         0  scrollbar_create.o ABSOLUTE
    ..\GUI\Widget\SCROLLBAR_CreateIndirect.c 0x00000000   Number         0  scrollbar_createindirect.o ABSOLUTE
    ..\GUI\Widget\SCROLLBAR_Defaults.c       0x00000000   Number         0  scrollbar_defaults.o ABSOLUTE
    ..\GUI\Widget\SCROLLBAR_GetValue.c       0x00000000   Number         0  scrollbar_getvalue.o ABSOLUTE
    ..\GUI\Widget\SCROLLBAR_SetWidth.c       0x00000000   Number         0  scrollbar_setwidth.o ABSOLUTE
    ..\GUI\Widget\SLIDER.c                   0x00000000   Number         0  slider.o ABSOLUTE
    ..\GUI\Widget\SLIDER_Create.c            0x00000000   Number         0  slider_create.o ABSOLUTE
    ..\GUI\Widget\SLIDER_CreateIndirect.c    0x00000000   Number         0  slider_createindirect.o ABSOLUTE
    ..\GUI\Widget\TEXT.c                     0x00000000   Number         0  text.o ABSOLUTE
    ..\GUI\Widget\TEXT_Create.c              0x00000000   Number         0  text_create.o ABSOLUTE
    ..\GUI\Widget\TEXT_CreateIndirect.c      0x00000000   Number         0  text_createindirect.o ABSOLUTE
    ..\GUI\Widget\TEXT_SetBkColor.c          0x00000000   Number         0  text_setbkcolor.o ABSOLUTE
    ..\GUI\Widget\TEXT_SetFont.c             0x00000000   Number         0  text_setfont.o ABSOLUTE
    ..\GUI\Widget\TEXT_SetText.c             0x00000000   Number         0  text_settext.o ABSOLUTE
    ..\GUI\Widget\TEXT_SetTextAlign.c        0x00000000   Number         0  text_settextalign.o ABSOLUTE
    ..\GUI\Widget\TEXT_SetTextColor.c        0x00000000   Number         0  text_settextcolor.o ABSOLUTE
    ..\GUI\Widget\WIDGET.c                   0x00000000   Number         0  widget.o ABSOLUTE
    ..\GUI\Widget\WIDGET_Effect_3D.c         0x00000000   Number         0  widget_effect_3d.o ABSOLUTE
    ..\GUI\Widget\WIDGET_Effect_3D1L.c       0x00000000   Number         0  widget_effect_3d1l.o ABSOLUTE
    ..\GUI\Widget\WIDGET_Effect_3D2L.c       0x00000000   Number         0  widget_effect_3d2l.o ABSOLUTE
    ..\GUI\Widget\WIDGET_Effect_None.c       0x00000000   Number         0  widget_effect_none.o ABSOLUTE
    ..\GUI\Widget\WIDGET_Effect_Simple.c     0x00000000   Number         0  widget_effect_simple.o ABSOLUTE
    ..\GUI\Widget\WIDGET_FillStringInRect.c  0x00000000   Number         0  widget_fillstringinrect.o ABSOLUTE
    ..\GUI\Widget\WIDGET_SetEffect.c         0x00000000   Number         0  widget_seteffect.o ABSOLUTE
    ..\GUI\Widget\WIDGET_SetWidth.c          0x00000000   Number         0  widget_setwidth.o ABSOLUTE
    ..\GUI\Widget\WINDOW.c                   0x00000000   Number         0  window.o ABSOLUTE
    ..\GUI\Widget\WINDOW_Default.c           0x00000000   Number         0  window_default.o ABSOLUTE
    ..\HARDWARE\LCD\ili7735r.c               0x00000000   Number         0  ili7735r.o ABSOLUTE
    ..\HARDWARE\TIMER\timer.c                0x00000000   Number         0  timer.o ABSOLUTE
    ..\HARDWARE\gui_yanshi\gui_yan.c         0x00000000   Number         0  gui_yan.o ABSOLUTE
    ..\SYSTEM\delay\delay.c                  0x00000000   Number         0  delay.o ABSOLUTE
    ..\SYSTEM\sys\sys.c                      0x00000000   Number         0  sys.o ABSOLUTE
    ..\\FWLIB\\src\\stm32f0xx_gpio.c         0x00000000   Number         0  stm32f0xx_gpio.o ABSOLUTE
    ..\\FWLIB\\src\\stm32f0xx_misc.c         0x00000000   Number         0  stm32f0xx_misc.o ABSOLUTE
    ..\\FWLIB\\src\\stm32f0xx_rcc.c          0x00000000   Number         0  stm32f0xx_rcc.o ABSOLUTE
    ..\\FWLIB\\src\\stm32f0xx_tim.c          0x00000000   Number         0  stm32f0xx_tim.o ABSOLUTE
    ..\\GUI\\LCDDriver\\LCDDummy.c           0x00000000   Number         0  lcddummy.o ABSOLUTE
    ..\\HARDWARE\\LCD\\ili7735r.c            0x00000000   Number         0  ili7735r.o ABSOLUTE
    ..\\HARDWARE\\TIMER\\timer.c             0x00000000   Number         0  timer.o ABSOLUTE
    ..\\HARDWARE\\gui_yanshi\\gui_yan.c      0x00000000   Number         0  gui_yan.o ABSOLUTE
    ..\\SYSTEM\\delay\\delay.c               0x00000000   Number         0  delay.o ABSOLUTE
    ..\\SYSTEM\\sys\\sys.c                   0x00000000   Number         0  sys.o ABSOLUTE
    dc.s                                     0x00000000   Number         0  dc.o ABSOLUTE
    main.c                                   0x00000000   Number         0  main.o ABSOLUTE
    main.c                                   0x00000000   Number         0  main.o ABSOLUTE
    stm32f0xx_it.c                           0x00000000   Number         0  stm32f0xx_it.o ABSOLUTE
    stm32f0xx_it.c                           0x00000000   Number         0  stm32f0xx_it.o ABSOLUTE
    system_stm32f0xx.c                       0x00000000   Number         0  system_stm32f0xx.o ABSOLUTE
    system_stm32f0xx.c                       0x00000000   Number         0  system_stm32f0xx.o ABSOLUTE
    RESET                                    0x08000000   Section      180  startup_stm32f030.o(RESET)
    !!!main                                  0x080000b4   Section        8  __main.o(!!!main)
    !!!scatter                               0x080000bc   Section       60  __scatter.o(!!!scatter)
    !!handler_copy                           0x080000f8   Section       26  __scatter_copy.o(!!handler_copy)
    !!handler_zi                             0x08000114   Section       28  __scatter_zi.o(!!handler_zi)
    .ARM.Collect$$libinit$$00000000          0x08000130   Section        2  libinit.o(.ARM.Collect$$libinit$$00000000)
    .ARM.Collect$$libinit$$00000002          0x08000132   Section        0  libinit2.o(.ARM.Collect$$libinit$$00000002)
    .ARM.Collect$$libinit$$00000004          0x08000132   Section        0  libinit2.o(.ARM.Collect$$libinit$$00000004)
    .ARM.Collect$$libinit$$0000000A          0x08000132   Section        0  libinit2.o(.ARM.Collect$$libinit$$0000000A)
    .ARM.Collect$$libinit$$0000000C          0x08000132   Section        0  libinit2.o(.ARM.Collect$$libinit$$0000000C)
    .ARM.Collect$$libinit$$0000000E          0x08000132   Section        0  libinit2.o(.ARM.Collect$$libinit$$0000000E)
    .ARM.Collect$$libinit$$00000011          0x08000132   Section        0  libinit2.o(.ARM.Collect$$libinit$$00000011)
    .ARM.Collect$$libinit$$00000013          0x08000132   Section        0  libinit2.o(.ARM.Collect$$libinit$$00000013)
    .ARM.Collect$$libinit$$00000015          0x08000132   Section        0  libinit2.o(.ARM.Collect$$libinit$$00000015)
    .ARM.Collect$$libinit$$00000017          0x08000132   Section        0  libinit2.o(.ARM.Collect$$libinit$$00000017)
    .ARM.Collect$$libinit$$00000019          0x08000132   Section        0  libinit2.o(.ARM.Collect$$libinit$$00000019)
    .ARM.Collect$$libinit$$0000001B          0x08000132   Section        0  libinit2.o(.ARM.Collect$$libinit$$0000001B)
    .ARM.Collect$$libinit$$0000001D          0x08000132   Section        0  libinit2.o(.ARM.Collect$$libinit$$0000001D)
    .ARM.Collect$$libinit$$0000001F          0x08000132   Section        0  libinit2.o(.ARM.Collect$$libinit$$0000001F)
    .ARM.Collect$$libinit$$00000021          0x08000132   Section        0  libinit2.o(.ARM.Collect$$libinit$$00000021)
    .ARM.Collect$$libinit$$00000023          0x08000132   Section        0  libinit2.o(.ARM.Collect$$libinit$$00000023)
    .ARM.Collect$$libinit$$00000025          0x08000132   Section        0  libinit2.o(.ARM.Collect$$libinit$$00000025)
    .ARM.Collect$$libinit$$0000002C          0x08000132   Section        0  libinit2.o(.ARM.Collect$$libinit$$0000002C)
    .ARM.Collect$$libinit$$0000002E          0x08000132   Section        0  libinit2.o(.ARM.Collect$$libinit$$0000002E)
    .ARM.Collect$$libinit$$00000030          0x08000132   Section        0  libinit2.o(.ARM.Collect$$libinit$$00000030)
    .ARM.Collect$$libinit$$00000032          0x08000132   Section        0  libinit2.o(.ARM.Collect$$libinit$$00000032)
    .ARM.Collect$$libinit$$00000033          0x08000132   Section        2  libinit2.o(.ARM.Collect$$libinit$$00000033)
    .ARM.Collect$$libshutdown$$00000000      0x08000134   Section        2  libshutdown.o(.ARM.Collect$$libshutdown$$00000000)
    .ARM.Collect$$libshutdown$$00000003      0x08000136   Section        0  libshutdown2.o(.ARM.Collect$$libshutdown$$00000003)
    .ARM.Collect$$libshutdown$$00000006      0x08000136   Section        0  libshutdown2.o(.ARM.Collect$$libshutdown$$00000006)
    .ARM.Collect$$libshutdown$$00000009      0x08000136   Section        0  libshutdown2.o(.ARM.Collect$$libshutdown$$00000009)
    .ARM.Collect$$libshutdown$$0000000B      0x08000136   Section        0  libshutdown2.o(.ARM.Collect$$libshutdown$$0000000B)
    .ARM.Collect$$libshutdown$$0000000E      0x08000136   Section        0  libshutdown2.o(.ARM.Collect$$libshutdown$$0000000E)
    .ARM.Collect$$libshutdown$$0000000F      0x08000136   Section        2  libshutdown2.o(.ARM.Collect$$libshutdown$$0000000F)
    .ARM.Collect$$rtentry$$00000000          0x08000138   Section        0  __rtentry.o(.ARM.Collect$$rtentry$$00000000)
    .ARM.Collect$$rtentry$$00000002          0x08000138   Section        0  __rtentry2.o(.ARM.Collect$$rtentry$$00000002)
    .ARM.Collect$$rtentry$$00000004          0x08000138   Section        6  __rtentry4.o(.ARM.Collect$$rtentry$$00000004)
    .ARM.Collect$$rtentry$$00000009          0x0800013e   Section        0  __rtentry2.o(.ARM.Collect$$rtentry$$00000009)
    .ARM.Collect$$rtentry$$0000000A          0x0800013e   Section        4  __rtentry2.o(.ARM.Collect$$rtentry$$0000000A)
    .ARM.Collect$$rtentry$$0000000C          0x08000142   Section        0  __rtentry2.o(.ARM.Collect$$rtentry$$0000000C)
    .ARM.Collect$$rtentry$$0000000D          0x08000142   Section        8  __rtentry2.o(.ARM.Collect$$rtentry$$0000000D)
    .ARM.Collect$$rtexit$$00000000           0x0800014a   Section        2  rtexit.o(.ARM.Collect$$rtexit$$00000000)
    .ARM.Collect$$rtexit$$00000002           0x0800014c   Section        0  rtexit2.o(.ARM.Collect$$rtexit$$00000002)
    .ARM.Collect$$rtexit$$00000003           0x0800014c   Section        4  rtexit2.o(.ARM.Collect$$rtexit$$00000003)
    .ARM.Collect$$rtexit$$00000004           0x08000150   Section        6  rtexit2.o(.ARM.Collect$$rtexit$$00000004)
    .emb_text                                0x08000158   Section       56  rt_memcpy.o(.emb_text)
    .text                                    0x08000190   Section      116  startup_stm32f030.o(.text)
    .text                                    0x08000204   Section        0  rt_memcpy.o(.text)
    .text                                    0x08000286   Section      346  aeabi_sdiv.o(.text)
    .text                                    0x080003e0   Section        0  heapauxi.o(.text)
    .text                                    0x080003e8   Section        8  libspace.o(.text)
    .text                                    0x080003f0   Section       62  sys_stackheap_outer.o(.text)
    .text                                    0x0800042e   Section        0  exit.o(.text)
    .text                                    0x0800043c   Section        0  sys_exit.o(.text)
    .text                                    0x08000448   Section        2  use_no_semi.o(.text)
    .text                                    0x0800044a   Section        0  indicate_semi.o(.text)
    i.DrawBitLine16BPP                       0x0800044c   Section        0  lcddummy.o(i.DrawBitLine16BPP)
    DrawBitLine16BPP                         0x0800044d   Thumb Code   166  lcddummy.o(i.DrawBitLine16BPP)
    i.GPIO_Init                              0x080004f8   Section        0  stm32f0xx_gpio.o(i.GPIO_Init)
    i.GPIO_ResetBits                         0x08000588   Section        0  stm32f0xx_gpio.o(i.GPIO_ResetBits)
    i.GPIO_SetBits                           0x0800058c   Section        0  stm32f0xx_gpio.o(i.GPIO_SetBits)
    i.GUIMONO_DispChar                       0x08000590   Section        0  guicharm.o(i.GUIMONO_DispChar)
    i.GUIMONO_GetCharDistX                   0x0800071c   Section        0  guicharm.o(i.GUIMONO_GetCharDistX)
    i.GUIMONO_GetFontInfo                    0x08000730   Section        0  guicharm.o(i.GUIMONO_GetFontInfo)
    i.GUIMONO_IsInFont                       0x08000738   Section        0  guicharm.o(i.GUIMONO_IsInFont)
    i.GUI_ALLOC_h2p                          0x0800076c   Section        0  guialloc.o(i.GUI_ALLOC_h2p)
    i.GUI_Init                               0x0800078c   Section        0  guicore.o(i.GUI_Init)
    i.GUI_MEMDEV__Color2Index                0x080007b0   Section        0  guidev.o(i.GUI_MEMDEV__Color2Index)
    i.GUI_MEMDEV__GetIndexMask               0x080007cc   Section        0  guidev.o(i.GUI_MEMDEV__GetIndexMask)
    i.GUI_MEMDEV__GetRect                    0x080007e4   Section        0  guidev.o(i.GUI_MEMDEV__GetRect)
    i.GUI_MEMDEV__Index2Color                0x0800081c   Section        0  guidev.o(i.GUI_MEMDEV__Index2Color)
    i.GUI_USAGE_AddRect                      0x08000838   Section        0  guidev_usage.o(i.GUI_USAGE_AddRect)
    i.GUI_X_Init                             0x0800085e   Section        0  gui_x.o(i.GUI_X_Init)
    i.GUI__memset16                          0x08000860   Section        0  gui__memset16.o(i.GUI__memset16)
    i.HardFault_Handler                      0x080008b4   Section        0  stm32f0xx_it.o(i.HardFault_Handler)
    i.LCD_Color2Index                        0x080008b8   Section        0  lcd.o(i.LCD_Color2Index)
    i.LCD_Color2Index_M565                   0x080008cc   Section        0  lcdpm565.o(i.LCD_Color2Index_M565)
    i.LCD_DrawBitmap                         0x080008e8   Section        0  lcd.o(i.LCD_DrawBitmap)
    i.LCD_Fast_DrawPoint                     0x08000b24   Section        0  ili7735r.o(i.LCD_Fast_DrawPoint)
    i.LCD_Fill                               0x08000b42   Section        0  ili7735r.o(i.LCD_Fill)
    i.LCD_FillRect                           0x08000b8c   Section        0  lcd.o(i.LCD_FillRect)
    i.LCD_GPIO_Init                          0x08000c00   Section        0  ili7735r.o(i.LCD_GPIO_Init)
    i.LCD_GetIndexMask_M565                  0x08000c44   Section        0  lcdpm565.o(i.LCD_GetIndexMask_M565)
    i.LCD_Index2Color_M565                   0x08000c4c   Section        0  lcdpm565_index2color.o(i.LCD_Index2Color_M565)
    i.LCD_Init                               0x08000c8c   Section        0  lcd.o(i.LCD_Init)
    i.LCD_InitLUT                            0x08000cc4   Section        0  lcdcolor.o(i.LCD_InitLUT)
    i.LCD_L0_Color2Index                     0x08000cc6   Section        0  lcd_l0_generic.o(i.LCD_L0_Color2Index)
    i.LCD_L0_DrawBitmap                      0x08000cd6   Section        0  lcddummy.o(i.LCD_L0_DrawBitmap)
    i.LCD_L0_DrawHLine                       0x08000d6c   Section        0  lcddummy.o(i.LCD_L0_DrawHLine)
    i.LCD_L0_DrawVLine                       0x08000dac   Section        0  lcddummy.o(i.LCD_L0_DrawVLine)
    i.LCD_L0_FillRect                        0x08000dec   Section        0  lcddummy.o(i.LCD_L0_FillRect)
    i.LCD_L0_GetIndexMask                    0x08000e10   Section        0  lcd_l0_generic.o(i.LCD_L0_GetIndexMask)
    i.LCD_L0_GetPixelIndex                   0x08000e18   Section        0  lcddummy.o(i.LCD_L0_GetPixelIndex)
    i.LCD_L0_GetRect                         0x08000e1e   Section        0  lcd_l0_generic.o(i.LCD_L0_GetRect)
    i.LCD_L0_Index2Color                     0x08000e2e   Section        0  lcd_l0_generic.o(i.LCD_L0_Index2Color)
    i.LCD_L0_Init                            0x08000e3a   Section        0  lcddummy.o(i.LCD_L0_Init)
    i.LCD_L0_On                              0x08000e44   Section        0  lcddummy.o(i.LCD_L0_On)
    i.LCD_L0_SetLUTEntry                     0x08000e46   Section        0  lcddummy.o(i.LCD_L0_SetLUTEntry)
    i.LCD_L0_SetPixelIndex                   0x08000e4c   Section        0  lcddummy.o(i.LCD_L0_SetPixelIndex)
    i.LCD_L0_XorPixel                        0x08000e60   Section        0  lcddummy.o(i.LCD_L0_XorPixel)
    i.LCD_SetBkColor                         0x08000e84   Section        0  lcd.o(i.LCD_SetBkColor)
    i.LCD_SetBkColorIndex                    0x08000ea8   Section        0  lcd.o(i.LCD_SetBkColorIndex)
    i.LCD_SetClipRectMax                     0x08000ec0   Section        0  lcd.o(i.LCD_SetClipRectMax)
    i.LCD_SetColor                           0x08000ed4   Section        0  lcd.o(i.LCD_SetColor)
    i.LCD_SetColorIndex                      0x08000ef8   Section        0  lcd.o(i.LCD_SetColorIndex)
    i.LCD_SetDrawMode                        0x08000f10   Section        0  lcd.o(i.LCD_SetDrawMode)
    i.LCD_WR_command                         0x08000f40   Section        0  ili7735r.o(i.LCD_WR_command)
    i.LCD_WR_data                            0x08000fb4   Section        0  ili7735r.o(i.LCD_WR_data)
    i.LCD_WR_para                            0x0800109c   Section        0  ili7735r.o(i.LCD_WR_para)
    i.LCD_qu                                 0x08001110   Section        0  ili7735r.o(i.LCD_qu)
    i.MainTask                               0x08001166   Section        0  gui_yan.o(i.MainTask)
    i.NMI_Handler                            0x0800116a   Section        0  stm32f0xx_it.o(i.NMI_Handler)
    i.NVIC_Init                              0x0800116c   Section        0  stm32f0xx_misc.o(i.NVIC_Init)
    i.NVIC_SetPriority                       0x080011dc   Section        0  delay.o(i.NVIC_SetPriority)
    NVIC_SetPriority                         0x080011dd   Thumb Code   110  delay.o(i.NVIC_SetPriority)
    i.PendSV_Handler                         0x08001254   Section        0  stm32f0xx_it.o(i.PendSV_Handler)
    i.RCC_AHBPeriphClockCmd                  0x08001258   Section        0  stm32f0xx_rcc.o(i.RCC_AHBPeriphClockCmd)
    i.RCC_APB1PeriphClockCmd                 0x08001278   Section        0  stm32f0xx_rcc.o(i.RCC_APB1PeriphClockCmd)
    i.SVC_Handler                            0x08001298   Section        0  stm32f0xx_it.o(i.SVC_Handler)
    i.SetSysClock                            0x0800129c   Section        0  system_stm32f0xx.o(i.SetSysClock)
    SetSysClock                              0x0800129d   Thumb Code   322  system_stm32f0xx.o(i.SetSysClock)
    i.SysTick_CLKSourceConfig                0x080013ec   Section        0  stm32f0xx_misc.o(i.SysTick_CLKSourceConfig)
    i.SysTick_Handler                        0x08001410   Section        0  stm32f0xx_it.o(i.SysTick_Handler)
    i.SystemInit                             0x08001420   Section        0  system_stm32f0xx.o(i.SystemInit)
    i.TFT_Init                               0x0800149c   Section        0  ili7735r.o(i.TFT_Init)
    i.TIM3_IRQHandler                        0x080016a4   Section        0  timer.o(i.TIM3_IRQHandler)
    i.TIM3_Int_Init                          0x080016d4   Section        0  timer.o(i.TIM3_Int_Init)
    i.TIM_ClearITPendingBit                  0x08001720   Section        0  stm32f0xx_tim.o(i.TIM_ClearITPendingBit)
    i.TIM_Cmd                                0x08001728   Section        0  stm32f0xx_tim.o(i.TIM_Cmd)
    i.TIM_GetITStatus                        0x08001744   Section        0  stm32f0xx_tim.o(i.TIM_GetITStatus)
    i.TIM_ITConfig                           0x0800176a   Section        0  stm32f0xx_tim.o(i.TIM_ITConfig)
    i.TIM_TimeBaseInit                       0x08001780   Section        0  stm32f0xx_tim.o(i.TIM_TimeBaseInit)
    i._CalcSizeOfChar                        0x080017fc   Section        0  gui_uc_encodenone.o(i._CalcSizeOfChar)
    _CalcSizeOfChar                          0x080017fd   Thumb Code     8  gui_uc_encodenone.o(i._CalcSizeOfChar)
    i._DrawBitLine16BPP_DDB                  0x08001804   Section        0  guidev_16.o(i._DrawBitLine16BPP_DDB)
    _DrawBitLine16BPP_DDB                    0x08001805   Thumb Code    96  guidev_16.o(i._DrawBitLine16BPP_DDB)
    i._DrawBitLine1BPP                       0x08001868   Section        0  lcddummy.o(i._DrawBitLine1BPP)
    _DrawBitLine1BPP                         0x08001869   Thumb Code   238  lcddummy.o(i._DrawBitLine1BPP)
    i._DrawBitLine1BPP                       0x0800195c   Section        0  guidev_16.o(i._DrawBitLine1BPP)
    _DrawBitLine1BPP                         0x0800195d   Thumb Code   334  guidev_16.o(i._DrawBitLine1BPP)
    i._DrawBitLine2BPP                       0x08001ab4   Section        0  lcddummy.o(i._DrawBitLine2BPP)
    _DrawBitLine2BPP                         0x08001ab5   Thumb Code   390  lcddummy.o(i._DrawBitLine2BPP)
    i._DrawBitLine2BPP                       0x08001c40   Section        0  guidev_16.o(i._DrawBitLine2BPP)
    _DrawBitLine2BPP                         0x08001c41   Thumb Code   256  guidev_16.o(i._DrawBitLine2BPP)
    i._DrawBitLine4BPP                       0x08001d44   Section        0  lcddummy.o(i._DrawBitLine4BPP)
    _DrawBitLine4BPP                         0x08001d45   Thumb Code   390  lcddummy.o(i._DrawBitLine4BPP)
    i._DrawBitLine4BPP                       0x08001ed0   Section        0  guidev_16.o(i._DrawBitLine4BPP)
    _DrawBitLine4BPP                         0x08001ed1   Thumb Code   416  guidev_16.o(i._DrawBitLine4BPP)
    i._DrawBitLine8BPP                       0x08002074   Section        0  lcddummy.o(i._DrawBitLine8BPP)
    _DrawBitLine8BPP                         0x08002075   Thumb Code   176  lcddummy.o(i._DrawBitLine8BPP)
    i._DrawBitLine8BPP                       0x08002128   Section        0  guidev_16.o(i._DrawBitLine8BPP)
    _DrawBitLine8BPP                         0x08002129   Thumb Code   116  guidev_16.o(i._DrawBitLine8BPP)
    i._DrawBitLine8BPP_DDB                   0x080021a0   Section        0  guidev_16.o(i._DrawBitLine8BPP_DDB)
    _DrawBitLine8BPP_DDB                     0x080021a1   Thumb Code    94  guidev_16.o(i._DrawBitLine8BPP_DDB)
    i._DrawBitmap                            0x08002204   Section        0  guidev_16.o(i._DrawBitmap)
    _DrawBitmap                              0x08002205   Thumb Code   366  guidev_16.o(i._DrawBitmap)
    i._DrawHLine                             0x0800237c   Section        0  guidev_16.o(i._DrawHLine)
    _DrawHLine                               0x0800237d   Thumb Code    22  guidev_16.o(i._DrawHLine)
    i._DrawVLine                             0x08002394   Section        0  guidev_16.o(i._DrawVLine)
    _DrawVLine                               0x08002395   Thumb Code   192  guidev_16.o(i._DrawVLine)
    i._Encode                                0x08002458   Section        0  gui_uc_encodenone.o(i._Encode)
    _Encode                                  0x08002459   Thumb Code     8  gui_uc_encodenone.o(i._Encode)
    i._FillRect                              0x08002460   Section        0  guidev_16.o(i._FillRect)
    _FillRect                                0x08002461   Thumb Code   162  guidev_16.o(i._FillRect)
    i._GetCharCode                           0x08002508   Section        0  gui_uc_encodenone.o(i._GetCharCode)
    _GetCharCode                             0x08002509   Thumb Code     6  gui_uc_encodenone.o(i._GetCharCode)
    i._GetCharSize                           0x0800250e   Section        0  gui_uc_encodenone.o(i._GetCharSize)
    _GetCharSize                             0x0800250f   Thumb Code     8  gui_uc_encodenone.o(i._GetCharSize)
    i._GetColorIndex                         0x08002518   Section        0  lcd.o(i._GetColorIndex)
    _GetColorIndex                           0x08002519   Thumb Code    22  lcd.o(i._GetColorIndex)
    i._GetPixelIndex                         0x08002534   Section        0  guidev_16.o(i._GetPixelIndex)
    _GetPixelIndex                           0x08002535   Thumb Code    20  guidev_16.o(i._GetPixelIndex)
    i._InitContext                           0x08002548   Section        0  guicore.o(i._InitContext)
    _InitContext                             0x08002549   Thumb Code    56  guicore.o(i._InitContext)
    i._SetPixelIndex                         0x08002598   Section        0  guidev_16.o(i._SetPixelIndex)
    _SetPixelIndex                           0x08002599   Thumb Code    80  guidev_16.o(i._SetPixelIndex)
    i._XY2PTR                                0x080025ec   Section        0  guidev_16.o(i._XY2PTR)
    _XY2PTR                                  0x080025ed   Thumb Code    50  guidev_16.o(i._XY2PTR)
    i._XorPixel                              0x08002624   Section        0  guidev_16.o(i._XorPixel)
    _XorPixel                                0x08002625   Thumb Code    92  guidev_16.o(i._XorPixel)
    i.delay_init                             0x08002684   Section        0  delay.o(i.delay_init)
    i.delay_ms                               0x080026fc   Section        0  delay.o(i.delay_ms)
    i.delay_xms                              0x08002738   Section        0  delay.o(i.delay_xms)
    i.main                                   0x0800278c   Section        0  main.o(i.main)
    .constdata                               0x080027ac   Section     1844  f6x8.o(.constdata)
    .constdata                               0x08002ee0   Section       96  guidev_16.o(.constdata)
    aID                                      0x08002ee0   Data          32  guidev_16.o(.constdata)
    .constdata                               0x08002f40   Section       16  gui_uc_encodenone.o(.constdata)
    .constdata                               0x08002f50   Section       64  lcd_api.o(.constdata)
    .constdata                               0x08002f90   Section      256  lcd_mirror.o(.constdata)
    .data                                    0x20000000   Section       20  system_stm32f0xx.o(.data)
    .data                                    0x20000014   Section        4  delay.o(.data)
    fac_us                                   0x20000014   Data           1  delay.o(.data)
    fac_ms                                   0x20000016   Data           2  delay.o(.data)
    .data                                    0x20000018   Section        4  gui_x.o(.data)
    .data                                    0x2000001c   Section       20  guicore.o(.data)
    .data                                    0x20000030   Section        4  lcd_api.o(.data)
    .bss                                     0x20000034   Section     1220  guialloc.o(.bss)
    aBlock                                   0x2000041c   Data         198  guialloc.o(.bss)
    .bss                                     0x200004f8   Section       72  guicore.o(.bss)
    .bss                                     0x20000540   Section       96  libspace.o(.bss)
    HEAP                                     0x200005a0   Section      512  startup_stm32f030.o(HEAP)
    Heap_Mem                                 0x200005a0   Data         512  startup_stm32f030.o(HEAP)
    STACK                                    0x200007a0   Section     1024  startup_stm32f030.o(STACK)
    Stack_Mem                                0x200007a0   Data        1024  startup_stm32f030.o(STACK)
    __initial_sp                             0x20000ba0   Data           0  startup_stm32f030.o(STACK)

    Global Symbols

    Symbol Name                              Value     Ov Type        Size  Object(Section)

    BuildAttributes$$THM_ISAv3M$S$PE$A:L22$X:L11$S22$IEEE1$IW$USESV6$~STKCKD$USESV7$~SHL$OTIME$ROPI$IEEEX$EBA8$UX$STANDARDLIB$REQ8$PRES8$EABIv2 0x00000000   Number         0  anon$$obj.o ABSOLUTE
    __ARM_use_no_argv                        0x00000000   Number         0  main.o ABSOLUTE
    __ARM_exceptions_init                     - Undefined Weak Reference
    __alloca_initialize                       - Undefined Weak Reference
    __arm_preinit_                            - Undefined Weak Reference
    __cpp_initialize__aeabi_                  - Undefined Weak Reference
    __cxa_finalize                            - Undefined Weak Reference
    __rt_locale                               - Undefined Weak Reference
    __sigvec_lookup                           - Undefined Weak Reference
    _atexit_init                              - Undefined Weak Reference
    _call_atexit_fns                          - Undefined Weak Reference
    _clock_init                               - Undefined Weak Reference
    _fp_trap_init                             - Undefined Weak Reference
    _fp_trap_shutdown                         - Undefined Weak Reference
    _get_lc_collate                           - Undefined Weak Reference
    _get_lc_ctype                             - Undefined Weak Reference
    _get_lc_monetary                          - Undefined Weak Reference
    _get_lc_numeric                           - Undefined Weak Reference
    _get_lc_time                              - Undefined Weak Reference
    _getenv_init                              - Undefined Weak Reference
    _handle_redirection                       - Undefined Weak Reference
    _init_alloc                               - Undefined Weak Reference
    _init_user_alloc                          - Undefined Weak Reference
    _initio                                   - Undefined Weak Reference
    _rand_init                                - Undefined Weak Reference
    _signal_finish                            - Undefined Weak Reference
    _signal_init                              - Undefined Weak Reference
    _terminate_alloc                          - Undefined Weak Reference
    _terminate_user_alloc                     - Undefined Weak Reference
    _terminateio                              - Undefined Weak Reference
    __Vectors_Size                           0x000000b4   Number         0  startup_stm32f030.o ABSOLUTE
    __Vectors                                0x08000000   Data           4  startup_stm32f030.o(RESET)
    __Vectors_End                            0x080000b4   Data           0  startup_stm32f030.o(RESET)
    __main                                   0x080000b5   Thumb Code     8  __main.o(!!!main)
    __scatterload                            0x080000bd   Thumb Code     0  __scatter.o(!!!scatter)
    __scatterload_rt2                        0x080000bd   Thumb Code    52  __scatter.o(!!!scatter)
    __scatterload_rt2_thumb_only             0x080000bd   Thumb Code     0  __scatter.o(!!!scatter)
    __scatterload_null                       0x080000cd   Thumb Code     0  __scatter.o(!!!scatter)
    __scatterload_copy                       0x080000f9   Thumb Code    26  __scatter_copy.o(!!handler_copy)
    __scatterload_zeroinit                   0x08000115   Thumb Code    28  __scatter_zi.o(!!handler_zi)
    __rt_lib_init                            0x08000131   Thumb Code     0  libinit.o(.ARM.Collect$$libinit$$00000000)
    __rt_lib_init_alloca_1                   0x08000133   Thumb Code     0  libinit2.o(.ARM.Collect$$libinit$$0000002E)
    __rt_lib_init_argv_1                     0x08000133   Thumb Code     0  libinit2.o(.ARM.Collect$$libinit$$0000002C)
    __rt_lib_init_atexit_1                   0x08000133   Thumb Code     0  libinit2.o(.ARM.Collect$$libinit$$0000001B)
    __rt_lib_init_clock_1                    0x08000133   Thumb Code     0  libinit2.o(.ARM.Collect$$libinit$$00000021)
    __rt_lib_init_cpp_1                      0x08000133   Thumb Code     0  libinit2.o(.ARM.Collect$$libinit$$00000032)
    __rt_lib_init_exceptions_1               0x08000133   Thumb Code     0  libinit2.o(.ARM.Collect$$libinit$$00000030)
    __rt_lib_init_fp_1                       0x08000133   Thumb Code     0  libinit2.o(.ARM.Collect$$libinit$$00000002)
    __rt_lib_init_fp_trap_1                  0x08000133   Thumb Code     0  libinit2.o(.ARM.Collect$$libinit$$0000001F)
    __rt_lib_init_getenv_1                   0x08000133   Thumb Code     0  libinit2.o(.ARM.Collect$$libinit$$00000023)
    __rt_lib_init_heap_1                     0x08000133   Thumb Code     0  libinit2.o(.ARM.Collect$$libinit$$0000000A)
    __rt_lib_init_lc_collate_1               0x08000133   Thumb Code     0  libinit2.o(.ARM.Collect$$libinit$$00000011)
    __rt_lib_init_lc_ctype_1                 0x08000133   Thumb Code     0  libinit2.o(.ARM.Collect$$libinit$$00000013)
    __rt_lib_init_lc_monetary_1              0x08000133   Thumb Code     0  libinit2.o(.ARM.Collect$$libinit$$00000015)
    __rt_lib_init_lc_numeric_1               0x08000133   Thumb Code     0  libinit2.o(.ARM.Collect$$libinit$$00000017)
    __rt_lib_init_lc_time_1                  0x08000133   Thumb Code     0  libinit2.o(.ARM.Collect$$libinit$$00000019)
    __rt_lib_init_preinit_1                  0x08000133   Thumb Code     0  libinit2.o(.ARM.Collect$$libinit$$00000004)
    __rt_lib_init_rand_1                     0x08000133   Thumb Code     0  libinit2.o(.ARM.Collect$$libinit$$0000000E)
    __rt_lib_init_return                     0x08000133   Thumb Code     0  libinit2.o(.ARM.Collect$$libinit$$00000033)
    __rt_lib_init_signal_1                   0x08000133   Thumb Code     0  libinit2.o(.ARM.Collect$$libinit$$0000001D)
    __rt_lib_init_stdio_1                    0x08000133   Thumb Code     0  libinit2.o(.ARM.Collect$$libinit$$00000025)
    __rt_lib_init_user_alloc_1               0x08000133   Thumb Code     0  libinit2.o(.ARM.Collect$$libinit$$0000000C)
    __rt_lib_shutdown                        0x08000135   Thumb Code     0  libshutdown.o(.ARM.Collect$$libshutdown$$00000000)
    __rt_lib_shutdown_fp_trap_1              0x08000137   Thumb Code     0  libshutdown2.o(.ARM.Collect$$libshutdown$$00000006)
    __rt_lib_shutdown_heap_1                 0x08000137   Thumb Code     0  libshutdown2.o(.ARM.Collect$$libshutdown$$0000000E)
    __rt_lib_shutdown_return                 0x08000137   Thumb Code     0  libshutdown2.o(.ARM.Collect$$libshutdown$$0000000F)
    __rt_lib_shutdown_signal_1               0x08000137   Thumb Code     0  libshutdown2.o(.ARM.Collect$$libshutdown$$00000009)
    __rt_lib_shutdown_stdio_1                0x08000137   Thumb Code     0  libshutdown2.o(.ARM.Collect$$libshutdown$$00000003)
    __rt_lib_shutdown_user_alloc_1           0x08000137   Thumb Code     0  libshutdown2.o(.ARM.Collect$$libshutdown$$0000000B)
    __rt_entry                               0x08000139   Thumb Code     0  __rtentry.o(.ARM.Collect$$rtentry$$00000000)
    __rt_entry_presh_1                       0x08000139   Thumb Code     0  __rtentry2.o(.ARM.Collect$$rtentry$$00000002)
    __rt_entry_sh                            0x08000139   Thumb Code     0  __rtentry4.o(.ARM.Collect$$rtentry$$00000004)
    __rt_entry_li                            0x0800013f   Thumb Code     0  __rtentry2.o(.ARM.Collect$$rtentry$$0000000A)
    __rt_entry_postsh_1                      0x0800013f   Thumb Code     0  __rtentry2.o(.ARM.Collect$$rtentry$$00000009)
    __rt_entry_main                          0x08000143   Thumb Code     0  __rtentry2.o(.ARM.Collect$$rtentry$$0000000D)
    __rt_entry_postli_1                      0x08000143   Thumb Code     0  __rtentry2.o(.ARM.Collect$$rtentry$$0000000C)
    __rt_exit                                0x0800014b   Thumb Code     0  rtexit.o(.ARM.Collect$$rtexit$$00000000)
    __rt_exit_ls                             0x0800014d   Thumb Code     0  rtexit2.o(.ARM.Collect$$rtexit$$00000003)
    __rt_exit_prels_1                        0x0800014d   Thumb Code     0  rtexit2.o(.ARM.Collect$$rtexit$$00000002)
    __rt_exit_exit                           0x08000151   Thumb Code     0  rtexit2.o(.ARM.Collect$$rtexit$$00000004)
    __aeabi_memcpy4                          0x08000159   Thumb Code    56  rt_memcpy.o(.emb_text)
    __aeabi_memcpy8                          0x08000159   Thumb Code     0  rt_memcpy.o(.emb_text)
    Reset_Handler                            0x08000191   Thumb Code    38  startup_stm32f030.o(.text)
    ADC1_IRQHandler                          0x080001c1   Thumb Code     0  startup_stm32f030.o(.text)
    DMA1_Channel1_IRQHandler                 0x080001c1   Thumb Code     0  startup_stm32f030.o(.text)
    DMA1_Channel2_3_IRQHandler               0x080001c1   Thumb Code     0  startup_stm32f030.o(.text)
    DMA1_Channel4_5_IRQHandler               0x080001c1   Thumb Code     0  startup_stm32f030.o(.text)
    EXTI0_1_IRQHandler                       0x080001c1   Thumb Code     0  startup_stm32f030.o(.text)
    EXTI2_3_IRQHandler                       0x080001c1   Thumb Code     0  startup_stm32f030.o(.text)
    EXTI4_15_IRQHandler                      0x080001c1   Thumb Code     0  startup_stm32f030.o(.text)
    FLASH_IRQHandler                         0x080001c1   Thumb Code     0  startup_stm32f030.o(.text)
    I2C1_IRQHandler                          0x080001c1   Thumb Code     0  startup_stm32f030.o(.text)
    I2C2_IRQHandler                          0x080001c1   Thumb Code     0  startup_stm32f030.o(.text)
    RCC_IRQHandler                           0x080001c1   Thumb Code     0  startup_stm32f030.o(.text)
    RTC_IRQHandler                           0x080001c1   Thumb Code     0  startup_stm32f030.o(.text)
    SPI1_IRQHandler                          0x080001c1   Thumb Code     0  startup_stm32f030.o(.text)
    SPI2_IRQHandler                          0x080001c1   Thumb Code     0  startup_stm32f030.o(.text)
    TIM14_IRQHandler                         0x080001c1   Thumb Code     0  startup_stm32f030.o(.text)
    TIM15_IRQHandler                         0x080001c1   Thumb Code     0  startup_stm32f030.o(.text)
    TIM16_IRQHandler                         0x080001c1   Thumb Code     0  startup_stm32f030.o(.text)
    TIM17_IRQHandler                         0x080001c1   Thumb Code     0  startup_stm32f030.o(.text)
    TIM1_BRK_UP_TRG_COM_IRQHandler           0x080001c1   Thumb Code     0  startup_stm32f030.o(.text)
    TIM1_CC_IRQHandler                       0x080001c1   Thumb Code     0  startup_stm32f030.o(.text)
    USART1_IRQHandler                        0x080001c1   Thumb Code     0  startup_stm32f030.o(.text)
    USART2_IRQHandler                        0x080001c1   Thumb Code     0  startup_stm32f030.o(.text)
    WWDG_IRQHandler                          0x080001c1   Thumb Code     0  startup_stm32f030.o(.text)
    __user_initial_stackheap                 0x080001c5   Thumb Code     0  startup_stm32f030.o(.text)
    __aeabi_memcpy                           0x08000205   Thumb Code   130  rt_memcpy.o(.text)
    __rt_memcpy                              0x08000205   Thumb Code     0  rt_memcpy.o(.text)
    __aeabi_uidiv                            0x08000287   Thumb Code     0  aeabi_sdiv.o(.text)
    __aeabi_uidivmod                         0x08000287   Thumb Code    20  aeabi_sdiv.o(.text)
    __aeabi_idiv                             0x0800029b   Thumb Code     0  aeabi_sdiv.o(.text)
    __aeabi_idivmod                          0x0800029b   Thumb Code   326  aeabi_sdiv.o(.text)
    __use_two_region_memory                  0x080003e1   Thumb Code     2  heapauxi.o(.text)
    __rt_heap_escrow$2region                 0x080003e3   Thumb Code     2  heapauxi.o(.text)
    __rt_heap_expand$2region                 0x080003e5   Thumb Code     2  heapauxi.o(.text)
    __user_libspace                          0x080003e9   Thumb Code     8  libspace.o(.text)
    __user_perproc_libspace                  0x080003e9   Thumb Code     0  libspace.o(.text)
    __user_perthread_libspace                0x080003e9   Thumb Code     0  libspace.o(.text)
    __user_setup_stackheap                   0x080003f1   Thumb Code    62  sys_stackheap_outer.o(.text)
    exit                                     0x0800042f   Thumb Code    12  exit.o(.text)
    _sys_exit                                0x0800043d   Thumb Code     8  sys_exit.o(.text)
    __I$use$semihosting                      0x08000449   Thumb Code     0  use_no_semi.o(.text)
    __use_no_semihosting_swi                 0x08000449   Thumb Code     2  use_no_semi.o(.text)
    __semihosting_library_function           0x0800044b   Thumb Code     0  indicate_semi.o(.text)
    GPIO_Init                                0x080004f9   Thumb Code   144  stm32f0xx_gpio.o(i.GPIO_Init)
    GPIO_ResetBits                           0x08000589   Thumb Code     4  stm32f0xx_gpio.o(i.GPIO_ResetBits)
    GPIO_SetBits                             0x0800058d   Thumb Code     4  stm32f0xx_gpio.o(i.GPIO_SetBits)
    GUIMONO_DispChar                         0x08000591   Thumb Code   392  guicharm.o(i.GUIMONO_DispChar)
    GUIMONO_GetCharDistX                     0x0800071d   Thumb Code    14  guicharm.o(i.GUIMONO_GetCharDistX)
    GUIMONO_GetFontInfo                      0x08000731   Thumb Code     8  guicharm.o(i.GUIMONO_GetFontInfo)
    GUIMONO_IsInFont                         0x08000739   Thumb Code    50  guicharm.o(i.GUIMONO_IsInFont)
    GUI_ALLOC_h2p                            0x0800076d   Thumb Code    22  guialloc.o(i.GUI_ALLOC_h2p)
    GUI_Init                                 0x0800078d   Thumb Code    28  guicore.o(i.GUI_Init)
    GUI_MEMDEV__Color2Index                  0x080007b1   Thumb Code    24  guidev.o(i.GUI_MEMDEV__Color2Index)
    GUI_MEMDEV__GetIndexMask                 0x080007cd   Thumb Code    20  guidev.o(i.GUI_MEMDEV__GetIndexMask)
    GUI_MEMDEV__GetRect                      0x080007e5   Thumb Code    50  guidev.o(i.GUI_MEMDEV__GetRect)
    GUI_MEMDEV__Index2Color                  0x0800081d   Thumb Code    24  guidev.o(i.GUI_MEMDEV__Index2Color)
    GUI_USAGE_AddRect                        0x08000839   Thumb Code    38  guidev_usage.o(i.GUI_USAGE_AddRect)
    GUI_X_Init                               0x0800085f   Thumb Code     2  gui_x.o(i.GUI_X_Init)
    GUI__memset16                            0x08000861   Thumb Code    84  gui__memset16.o(i.GUI__memset16)
    HardFault_Handler                        0x080008b5   Thumb Code     4  stm32f0xx_it.o(i.HardFault_Handler)
    LCD_Color2Index                          0x080008b9   Thumb Code    16  lcd.o(i.LCD_Color2Index)
    LCD_Color2Index_M565                     0x080008cd   Thumb Code    26  lcdpm565.o(i.LCD_Color2Index_M565)
    LCD_DrawBitmap                           0x080008e9   Thumb Code   564  lcd.o(i.LCD_DrawBitmap)
    LCD_Fast_DrawPoint                       0x08000b25   Thumb Code    30  ili7735r.o(i.LCD_Fast_DrawPoint)
    LCD_Fill                                 0x08000b43   Thumb Code    72  ili7735r.o(i.LCD_Fill)
    LCD_FillRect                             0x08000b8d   Thumb Code   110  lcd.o(i.LCD_FillRect)
    LCD_GPIO_Init                            0x08000c01   Thumb Code    58  ili7735r.o(i.LCD_GPIO_Init)
    LCD_GetIndexMask_M565                    0x08000c45   Thumb Code     4  lcdpm565.o(i.LCD_GetIndexMask_M565)
    LCD_Index2Color_M565                     0x08000c4d   Thumb Code    62  lcdpm565_index2color.o(i.LCD_Index2Color_M565)
    LCD_Init                                 0x08000c8d   Thumb Code    50  lcd.o(i.LCD_Init)
    LCD_InitLUT                              0x08000cc5   Thumb Code     2  lcdcolor.o(i.LCD_InitLUT)
    LCD_L0_Color2Index                       0x08000cc7   Thumb Code    16  lcd_l0_generic.o(i.LCD_L0_Color2Index)
    LCD_L0_DrawBitmap                        0x08000cd7   Thumb Code   150  lcddummy.o(i.LCD_L0_DrawBitmap)
    LCD_L0_DrawHLine                         0x08000d6d   Thumb Code    60  lcddummy.o(i.LCD_L0_DrawHLine)
    LCD_L0_DrawVLine                         0x08000dad   Thumb Code    60  lcddummy.o(i.LCD_L0_DrawVLine)
    LCD_L0_FillRect                          0x08000ded   Thumb Code    32  lcddummy.o(i.LCD_L0_FillRect)
    LCD_L0_GetIndexMask                      0x08000e11   Thumb Code     8  lcd_l0_generic.o(i.LCD_L0_GetIndexMask)
    LCD_L0_GetPixelIndex                     0x08000e19   Thumb Code     6  lcddummy.o(i.LCD_L0_GetPixelIndex)
    LCD_L0_GetRect                           0x08000e1f   Thumb Code    16  lcd_l0_generic.o(i.LCD_L0_GetRect)
    LCD_L0_Index2Color                       0x08000e2f   Thumb Code    12  lcd_l0_generic.o(i.LCD_L0_Index2Color)
    LCD_L0_Init                              0x08000e3b   Thumb Code    10  lcddummy.o(i.LCD_L0_Init)
    LCD_L0_On                                0x08000e45   Thumb Code     2  lcddummy.o(i.LCD_L0_On)
    LCD_L0_SetLUTEntry                       0x08000e47   Thumb Code     6  lcddummy.o(i.LCD_L0_SetLUTEntry)
    LCD_L0_SetPixelIndex                     0x08000e4d   Thumb Code    20  lcddummy.o(i.LCD_L0_SetPixelIndex)
    LCD_L0_XorPixel                          0x08000e61   Thumb Code    36  lcddummy.o(i.LCD_L0_XorPixel)
    LCD_SetBkColor                           0x08000e85   Thumb Code    30  lcd.o(i.LCD_SetBkColor)
    LCD_SetBkColorIndex                      0x08000ea9   Thumb Code    18  lcd.o(i.LCD_SetBkColorIndex)
    LCD_SetClipRectMax                       0x08000ec1   Thumb Code    16  lcd.o(i.LCD_SetClipRectMax)
    LCD_SetColor                             0x08000ed5   Thumb Code    30  lcd.o(i.LCD_SetColor)
    LCD_SetColorIndex                        0x08000ef9   Thumb Code    18  lcd.o(i.LCD_SetColorIndex)
    LCD_SetDrawMode                          0x08000f11   Thumb Code    42  lcd.o(i.LCD_SetDrawMode)
    LCD_WR_command                           0x08000f41   Thumb Code   112  ili7735r.o(i.LCD_WR_command)
    LCD_WR_data                              0x08000fb5   Thumb Code   226  ili7735r.o(i.LCD_WR_data)
    LCD_WR_para                              0x0800109d   Thumb Code   112  ili7735r.o(i.LCD_WR_para)
    LCD_qu                                   0x08001111   Thumb Code    86  ili7735r.o(i.LCD_qu)
    MainTask                                 0x08001167   Thumb Code     4  gui_yan.o(i.MainTask)
    NMI_Handler                              0x0800116b   Thumb Code     2  stm32f0xx_it.o(i.NMI_Handler)
    NVIC_Init                                0x0800116d   Thumb Code   106  stm32f0xx_misc.o(i.NVIC_Init)
    PendSV_Handler                           0x08001255   Thumb Code     2  stm32f0xx_it.o(i.PendSV_Handler)
    RCC_AHBPeriphClockCmd                    0x08001259   Thumb Code    28  stm32f0xx_rcc.o(i.RCC_AHBPeriphClockCmd)
    RCC_APB1PeriphClockCmd                   0x08001279   Thumb Code    28  stm32f0xx_rcc.o(i.RCC_APB1PeriphClockCmd)
    SVC_Handler                              0x08001299   Thumb Code     2  stm32f0xx_it.o(i.SVC_Handler)
    SysTick_CLKSourceConfig                  0x080013ed   Thumb Code    32  stm32f0xx_misc.o(i.SysTick_CLKSourceConfig)
    SysTick_Handler                          0x08001411   Thumb Code    16  stm32f0xx_it.o(i.SysTick_Handler)
    SystemInit                               0x08001421   Thumb Code   110  system_stm32f0xx.o(i.SystemInit)
    TFT_Init                                 0x0800149d   Thumb Code   514  ili7735r.o(i.TFT_Init)
    TIM3_IRQHandler                          0x080016a5   Thumb Code    38  timer.o(i.TIM3_IRQHandler)
    TIM3_Int_Init                            0x080016d5   Thumb Code    72  timer.o(i.TIM3_Int_Init)
    TIM_ClearITPendingBit                    0x08001721   Thumb Code     6  stm32f0xx_tim.o(i.TIM_ClearITPendingBit)
    TIM_Cmd                                  0x08001729   Thumb Code    24  stm32f0xx_tim.o(i.TIM_Cmd)
    TIM_GetITStatus                          0x08001745   Thumb Code    38  stm32f0xx_tim.o(i.TIM_GetITStatus)
    TIM_ITConfig                             0x0800176b   Thumb Code    20  stm32f0xx_tim.o(i.TIM_ITConfig)
    TIM_TimeBaseInit                         0x08001781   Thumb Code    90  stm32f0xx_tim.o(i.TIM_TimeBaseInit)
    delay_init                               0x08002685   Thumb Code    98  delay.o(i.delay_init)
    delay_ms                                 0x080026fd   Thumb Code    58  delay.o(i.delay_ms)
    delay_xms                                0x08002739   Thumb Code    74  delay.o(i.delay_xms)
    main                                     0x0800278d   Thumb Code    26  main.o(i.main)
    GUI_acFont6x8                            0x080027ac   Data        1304  f6x8.o(.constdata)
    GUI_F6x8_TL8859_1                        0x08002cc4   Data         448  f6x8.o(.constdata)
    GUI_F6x8_TI8859_1                        0x08002e84   Data           8  f6x8.o(.constdata)
    GUI_F6x8_Mono                            0x08002e8c   Data          20  f6x8.o(.constdata)
    GUI_Font6x8                              0x08002ea0   Data          32  f6x8.o(.constdata)
    GUI_Font6x9                              0x08002ec0   Data          32  f6x8.o(.constdata)
    GUI_MEMDEV__APIList16                    0x08002f00   Data          64  guidev_16.o(.constdata)
    GUI__API_TableNone                       0x08002f40   Data          16  gui_uc_encodenone.o(.constdata)
    LCD_L0_APIList                           0x08002f50   Data          64  lcd_api.o(.constdata)
    LCD_aMirror                              0x08002f90   Data         256  lcd_mirror.o(.constdata)
    Region$$Table$$Base                      0x08003090   Number         0  anon$$obj.o(Region$$Table)
    Region$$Table$$Limit                     0x080030b0   Number         0  anon$$obj.o(Region$$Table)
    SystemCoreClock                          0x20000000   Data           4  system_stm32f0xx.o(.data)
    AHBPrescTable                            0x20000004   Data          16  system_stm32f0xx.o(.data)
    OS_TimeMS                                0x20000018   Data           4  gui_x.o(.data)
    GUI_DecChar                              0x2000001c   Data           1  guicore.o(.data)
    GUI_pfTimerExec                          0x20000020   Data           4  guicore.o(.data)
    WM_pfHandlePID                           0x20000024   Data           4  guicore.o(.data)
    GUI_pfDispCharStyle                      0x20000028   Data           4  guicore.o(.data)
    GUI_pLCD_APIList                         0x2000002c   Data           4  guicore.o(.data)
    LCD_aAPI                                 0x20000030   Data           4  lcd_api.o(.data)
    GUI_Heap                                 0x20000034   Data        1000  guialloc.o(.bss)
    GUI_ALLOC                                0x200004e4   Data          20  guialloc.o(.bss)
    GUI_Context                              0x200004f8   Data          72  guicore.o(.bss)
    __libspace_start                         0x20000540   Data          96  libspace.o(.bss)
    __temporary_stack_top$libspace           0x200005a0   Data           0  libspace.o(.bss)



==============================================================================

Memory Map of the image

  Image Entry point : 0x080000b5

  Load Region LR_IROM1 (Base: 0x08000000, Size: 0x000030e4, Max: 0x00008000, ABSOLUTE)

    Execution Region ER_IROM1 (Base: 0x08000000, Size: 0x000030b0, Max: 0x00008000, ABSOLUTE)

    Base Addr    Size         Type   Attr      Idx    E Section Name        Object

    0x08000000   0x000000b4   Data   RO          261    RESET               startup_stm32f030.o
    0x080000b4   0x00000008   Code   RO        12090  * !!!main             c_p.l(__main.o)
    0x080000bc   0x0000003c   Code   RO        12390    !!!scatter          c_p.l(__scatter.o)
    0x080000f8   0x0000001a   Code   RO        12392    !!handler_copy      c_p.l(__scatter_copy.o)
    0x08000112   0x00000002   PAD
    0x08000114   0x0000001c   Code   RO        12394    !!handler_zi        c_p.l(__scatter_zi.o)
    0x08000130   0x00000002   Code   RO        12259    .ARM.Collect$$libinit$$00000000  c_p.l(libinit.o)
    0x08000132   0x00000000   Code   RO        12274    .ARM.Collect$$libinit$$00000002  c_p.l(libinit2.o)
    0x08000132   0x00000000   Code   RO        12276    .ARM.Collect$$libinit$$00000004  c_p.l(libinit2.o)
    0x08000132   0x00000000   Code   RO        12279    .ARM.Collect$$libinit$$0000000A  c_p.l(libinit2.o)
    0x08000132   0x00000000   Code   RO        12281    .ARM.Collect$$libinit$$0000000C  c_p.l(libinit2.o)
    0x08000132   0x00000000   Code   RO        12283    .ARM.Collect$$libinit$$0000000E  c_p.l(libinit2.o)
    0x08000132   0x00000000   Code   RO        12286    .ARM.Collect$$libinit$$00000011  c_p.l(libinit2.o)
    0x08000132   0x00000000   Code   RO        12288    .ARM.Collect$$libinit$$00000013  c_p.l(libinit2.o)
    0x08000132   0x00000000   Code   RO        12290    .ARM.Collect$$libinit$$00000015  c_p.l(libinit2.o)
    0x08000132   0x00000000   Code   RO        12292    .ARM.Collect$$libinit$$00000017  c_p.l(libinit2.o)
    0x08000132   0x00000000   Code   RO        12294    .ARM.Collect$$libinit$$00000019  c_p.l(libinit2.o)
    0x08000132   0x00000000   Code   RO        12296    .ARM.Collect$$libinit$$0000001B  c_p.l(libinit2.o)
    0x08000132   0x00000000   Code   RO        12298    .ARM.Collect$$libinit$$0000001D  c_p.l(libinit2.o)
    0x08000132   0x00000000   Code   RO        12300    .ARM.Collect$$libinit$$0000001F  c_p.l(libinit2.o)
    0x08000132   0x00000000   Code   RO        12302    .ARM.Collect$$libinit$$00000021  c_p.l(libinit2.o)
    0x08000132   0x00000000   Code   RO        12304    .ARM.Collect$$libinit$$00000023  c_p.l(libinit2.o)
    0x08000132   0x00000000   Code   RO        12306    .ARM.Collect$$libinit$$00000025  c_p.l(libinit2.o)
    0x08000132   0x00000000   Code   RO        12310    .ARM.Collect$$libinit$$0000002C  c_p.l(libinit2.o)
    0x08000132   0x00000000   Code   RO        12312    .ARM.Collect$$libinit$$0000002E  c_p.l(libinit2.o)
    0x08000132   0x00000000   Code   RO        12314    .ARM.Collect$$libinit$$00000030  c_p.l(libinit2.o)
    0x08000132   0x00000000   Code   RO        12316    .ARM.Collect$$libinit$$00000032  c_p.l(libinit2.o)
    0x08000132   0x00000002   Code   RO        12317    .ARM.Collect$$libinit$$00000033  c_p.l(libinit2.o)
    0x08000134   0x00000002   Code   RO        12348    .ARM.Collect$$libshutdown$$00000000  c_p.l(libshutdown.o)
    0x08000136   0x00000000   Code   RO        12375    .ARM.Collect$$libshutdown$$00000003  c_p.l(libshutdown2.o)
    0x08000136   0x00000000   Code   RO        12378    .ARM.Collect$$libshutdown$$00000006  c_p.l(libshutdown2.o)
    0x08000136   0x00000000   Code   RO        12381    .ARM.Collect$$libshutdown$$00000009  c_p.l(libshutdown2.o)
    0x08000136   0x00000000   Code   RO        12383    .ARM.Collect$$libshutdown$$0000000B  c_p.l(libshutdown2.o)
    0x08000136   0x00000000   Code   RO        12386    .ARM.Collect$$libshutdown$$0000000E  c_p.l(libshutdown2.o)
    0x08000136   0x00000002   Code   RO        12387    .ARM.Collect$$libshutdown$$0000000F  c_p.l(libshutdown2.o)
    0x08000138   0x00000000   Code   RO        12162    .ARM.Collect$$rtentry$$00000000  c_p.l(__rtentry.o)
    0x08000138   0x00000000   Code   RO        12209    .ARM.Collect$$rtentry$$00000002  c_p.l(__rtentry2.o)
    0x08000138   0x00000006   Code   RO        12221    .ARM.Collect$$rtentry$$00000004  c_p.l(__rtentry4.o)
    0x0800013e   0x00000000   Code   RO        12211    .ARM.Collect$$rtentry$$00000009  c_p.l(__rtentry2.o)
    0x0800013e   0x00000004   Code   RO        12212    .ARM.Collect$$rtentry$$0000000A  c_p.l(__rtentry2.o)
    0x08000142   0x00000000   Code   RO        12214    .ARM.Collect$$rtentry$$0000000C  c_p.l(__rtentry2.o)
    0x08000142   0x00000008   Code   RO        12215    .ARM.Collect$$rtentry$$0000000D  c_p.l(__rtentry2.o)
    0x0800014a   0x00000002   Code   RO        12265    .ARM.Collect$$rtexit$$00000000  c_p.l(rtexit.o)
    0x0800014c   0x00000000   Code   RO        12321    .ARM.Collect$$rtexit$$00000002  c_p.l(rtexit2.o)
    0x0800014c   0x00000004   Code   RO        12322    .ARM.Collect$$rtexit$$00000003  c_p.l(rtexit2.o)
    0x08000150   0x00000006   Code   RO        12323    .ARM.Collect$$rtexit$$00000004  c_p.l(rtexit2.o)
    0x08000156   0x00000002   PAD
    0x08000158   0x00000038   Code   RO        12074    .emb_text           c_p.l(rt_memcpy.o)
    0x08000190   0x00000074   Code   RO          262    .text               startup_stm32f030.o
    0x08000204   0x00000082   Code   RO        12075    .text               c_p.l(rt_memcpy.o)
    0x08000286   0x0000015a   Code   RO        12084    .text               c_p.l(aeabi_sdiv.o)
    0x080003e0   0x00000006   Code   RO        12088    .text               c_p.l(heapauxi.o)
    0x080003e6   0x00000002   PAD
    0x080003e8   0x00000008   Code   RO        12242    .text               c_p.l(libspace.o)
    0x080003f0   0x0000003e   Code   RO        12245    .text               c_p.l(sys_stackheap_outer.o)
    0x0800042e   0x0000000c   Code   RO        12248    .text               c_p.l(exit.o)
    0x0800043a   0x00000002   PAD
    0x0800043c   0x0000000c   Code   RO        12318    .text               c_p.l(sys_exit.o)
    0x08000448   0x00000002   Code   RO        12337    .text               c_p.l(use_no_semi.o)
    0x0800044a   0x00000000   Code   RO        12339    .text               c_p.l(indicate_semi.o)
    0x0800044a   0x00000002   PAD
    0x0800044c   0x000000ac   Code   RO         3031    i.DrawBitLine16BPP  lcddummy.o
    0x080004f8   0x00000090   Code   RO          269    i.GPIO_Init         stm32f0xx_gpio.o
    0x08000588   0x00000004   Code   RO          276    i.GPIO_ResetBits    stm32f0xx_gpio.o
    0x0800058c   0x00000004   Code   RO          277    i.GPIO_SetBits      stm32f0xx_gpio.o
    0x08000590   0x0000018c   Code   RO        10618    i.GUIMONO_DispChar  guicharm.o
    0x0800071c   0x00000014   Code   RO        10619    i.GUIMONO_GetCharDistX  guicharm.o
    0x08000730   0x00000008   Code   RO        10620    i.GUIMONO_GetFontInfo  guicharm.o
    0x08000738   0x00000032   Code   RO        10621    i.GUIMONO_IsInFont  guicharm.o
    0x0800076a   0x00000002   PAD
    0x0800076c   0x00000020   Code   RO        10429    i.GUI_ALLOC_h2p     guialloc.o
    0x0800078c   0x00000024   Code   RO        10756    i.GUI_Init          guicore.o
    0x080007b0   0x0000001c   Code   RO         3167    i.GUI_MEMDEV__Color2Index  guidev.o
    0x080007cc   0x00000018   Code   RO         3169    i.GUI_MEMDEV__GetIndexMask  guidev.o
    0x080007e4   0x00000038   Code   RO         3170    i.GUI_MEMDEV__GetRect  guidev.o
    0x0800081c   0x0000001c   Code   RO         3171    i.GUI_MEMDEV__Index2Color  guidev.o
    0x08000838   0x00000026   Code   RO         3829    i.GUI_USAGE_AddRect  guidev_usage.o
    0x0800085e   0x00000002   Code   RO         1433    i.GUI_X_Init        gui_x.o
    0x08000860   0x00000054   Code   RO         7918    i.GUI__memset16     gui__memset16.o
    0x080008b4   0x00000004   Code   RO          156    i.HardFault_Handler  stm32f0xx_it.o
    0x080008b8   0x00000014   Code   RO        11152    i.LCD_Color2Index   lcd.o
    0x080008cc   0x0000001a   Code   RO         2163    i.LCD_Color2Index_M565  lcdpm565.o
    0x080008e6   0x00000002   PAD
    0x080008e8   0x0000023c   Code   RO        11153    i.LCD_DrawBitmap    lcd.o
    0x08000b24   0x0000001e   Code   RO         1284    i.LCD_Fast_DrawPoint  ili7735r.o
    0x08000b42   0x00000048   Code   RO         1285    i.LCD_Fill          ili7735r.o
    0x08000b8a   0x00000002   PAD
    0x08000b8c   0x00000074   Code   RO        11156    i.LCD_FillRect      lcd.o
    0x08000c00   0x00000044   Code   RO         1286    i.LCD_GPIO_Init     ili7735r.o
    0x08000c44   0x00000008   Code   RO         2164    i.LCD_GetIndexMask_M565  lcdpm565.o
    0x08000c4c   0x0000003e   Code   RO        12009    i.LCD_Index2Color_M565  lcdpm565_index2color.o
    0x08000c8a   0x00000002   PAD
    0x08000c8c   0x00000038   Code   RO        11158    i.LCD_Init          lcd.o
    0x08000cc4   0x00000002   Code   RO        11763    i.LCD_InitLUT       lcdcolor.o
    0x08000cc6   0x00000010   Code   RO        11461    i.LCD_L0_Color2Index  lcd_l0_generic.o
    0x08000cd6   0x00000096   Code   RO         3032    i.LCD_L0_DrawBitmap  lcddummy.o
    0x08000d6c   0x00000040   Code   RO         3033    i.LCD_L0_DrawHLine  lcddummy.o
    0x08000dac   0x00000040   Code   RO         3034    i.LCD_L0_DrawVLine  lcddummy.o
    0x08000dec   0x00000024   Code   RO         3035    i.LCD_L0_FillRect   lcddummy.o
    0x08000e10   0x00000008   Code   RO        11462    i.LCD_L0_GetIndexMask  lcd_l0_generic.o
    0x08000e18   0x00000006   Code   RO         3036    i.LCD_L0_GetPixelIndex  lcddummy.o
    0x08000e1e   0x00000010   Code   RO        11463    i.LCD_L0_GetRect    lcd_l0_generic.o
    0x08000e2e   0x0000000c   Code   RO        11464    i.LCD_L0_Index2Color  lcd_l0_generic.o
    0x08000e3a   0x0000000a   Code   RO         3037    i.LCD_L0_Init       lcddummy.o
    0x08000e44   0x00000002   Code   RO         3039    i.LCD_L0_On         lcddummy.o
    0x08000e46   0x00000006   Code   RO         3040    i.LCD_L0_SetLUTEntry  lcddummy.o
    0x08000e4c   0x00000014   Code   RO         3042    i.LCD_L0_SetPixelIndex  lcddummy.o
    0x08000e60   0x00000024   Code   RO         3043    i.LCD_L0_XorPixel   lcddummy.o
    0x08000e84   0x00000024   Code   RO        11159    i.LCD_SetBkColor    lcd.o
    0x08000ea8   0x00000018   Code   RO        11160    i.LCD_SetBkColorIndex  lcd.o
    0x08000ec0   0x00000014   Code   RO        11161    i.LCD_SetClipRectMax  lcd.o
    0x08000ed4   0x00000024   Code   RO        11162    i.LCD_SetColor      lcd.o
    0x08000ef8   0x00000018   Code   RO        11163    i.LCD_SetColorIndex  lcd.o
    0x08000f10   0x00000030   Code   RO        11164    i.LCD_SetDrawMode   lcd.o
    0x08000f40   0x00000074   Code   RO         1287    i.LCD_WR_command    ili7735r.o
    0x08000fb4   0x000000e8   Code   RO         1288    i.LCD_WR_data       ili7735r.o
    0x0800109c   0x00000074   Code   RO         1289    i.LCD_WR_para       ili7735r.o
    0x08001110   0x00000056   Code   RO         1290    i.LCD_qu            ili7735r.o
    0x08001166   0x00000004   Code   RO         1379    i.MainTask          gui_yan.o
    0x0800116a   0x00000002   Code   RO          157    i.NMI_Handler       stm32f0xx_it.o
    0x0800116c   0x00000070   Code   RO         1190    i.NVIC_Init         stm32f0xx_misc.o
    0x080011dc   0x00000078   Code   RO         1222    i.NVIC_SetPriority  delay.o
    0x08001254   0x00000002   Code   RO          158    i.PendSV_Handler    stm32f0xx_it.o
    0x08001256   0x00000002   PAD
    0x08001258   0x00000020   Code   RO          361    i.RCC_AHBPeriphClockCmd  stm32f0xx_rcc.o
    0x08001278   0x00000020   Code   RO          363    i.RCC_APB1PeriphClockCmd  stm32f0xx_rcc.o
    0x08001298   0x00000002   Code   RO          159    i.SVC_Handler       stm32f0xx_it.o
    0x0800129a   0x00000002   PAD
    0x0800129c   0x00000150   Code   RO          203    i.SetSysClock       system_stm32f0xx.o
    0x080013ec   0x00000024   Code   RO         1192    i.SysTick_CLKSourceConfig  stm32f0xx_misc.o
    0x08001410   0x00000010   Code   RO          160    i.SysTick_Handler   stm32f0xx_it.o
    0x08001420   0x0000007c   Code   RO          205    i.SystemInit        system_stm32f0xx.o
    0x0800149c   0x00000208   Code   RO         1291    i.TFT_Init          ili7735r.o
    0x080016a4   0x00000030   Code   RO         1352    i.TIM3_IRQHandler   timer.o
    0x080016d4   0x0000004c   Code   RO         1353    i.TIM3_Int_Init     timer.o
    0x08001720   0x00000006   Code   RO          633    i.TIM_ClearITPendingBit  stm32f0xx_tim.o
    0x08001726   0x00000002   PAD
    0x08001728   0x0000001c   Code   RO          638    i.TIM_Cmd           stm32f0xx_tim.o
    0x08001744   0x00000026   Code   RO          659    i.TIM_GetITStatus   stm32f0xx_tim.o
    0x0800176a   0x00000014   Code   RO          663    i.TIM_ITConfig      stm32f0xx_tim.o
    0x0800177e   0x00000002   PAD
    0x08001780   0x0000007c   Code   RO          711    i.TIM_TimeBaseInit  stm32f0xx_tim.o
    0x080017fc   0x00000008   Code   RO        10130    i._CalcSizeOfChar   gui_uc_encodenone.o
    0x08001804   0x00000064   Code   RO         3438    i._DrawBitLine16BPP_DDB  guidev_16.o
    0x08001868   0x000000f4   Code   RO         3044    i._DrawBitLine1BPP  lcddummy.o
    0x0800195c   0x00000158   Code   RO         3439    i._DrawBitLine1BPP  guidev_16.o
    0x08001ab4   0x0000018c   Code   RO         3045    i._DrawBitLine2BPP  lcddummy.o
    0x08001c40   0x00000104   Code   RO         3440    i._DrawBitLine2BPP  guidev_16.o
    0x08001d44   0x0000018c   Code   RO         3046    i._DrawBitLine4BPP  lcddummy.o
    0x08001ed0   0x000001a4   Code   RO         3441    i._DrawBitLine4BPP  guidev_16.o
    0x08002074   0x000000b4   Code   RO         3047    i._DrawBitLine8BPP  lcddummy.o
    0x08002128   0x00000078   Code   RO         3442    i._DrawBitLine8BPP  guidev_16.o
    0x080021a0   0x00000064   Code   RO         3443    i._DrawBitLine8BPP_DDB  guidev_16.o
    0x08002204   0x00000178   Code   RO         3444    i._DrawBitmap       guidev_16.o
    0x0800237c   0x00000016   Code   RO         3445    i._DrawHLine        guidev_16.o
    0x08002392   0x00000002   PAD
    0x08002394   0x000000c4   Code   RO         3446    i._DrawVLine        guidev_16.o
    0x08002458   0x00000008   Code   RO        10131    i._Encode           gui_uc_encodenone.o
    0x08002460   0x000000a8   Code   RO         3447    i._FillRect         guidev_16.o
    0x08002508   0x00000006   Code   RO        10132    i._GetCharCode      gui_uc_encodenone.o
    0x0800250e   0x00000008   Code   RO        10133    i._GetCharSize      gui_uc_encodenone.o
    0x08002516   0x00000002   PAD
    0x08002518   0x0000001c   Code   RO        11165    i._GetColorIndex    lcd.o
    0x08002534   0x00000014   Code   RO         3448    i._GetPixelIndex    guidev_16.o
    0x08002548   0x00000050   Code   RO        10757    i._InitContext      guicore.o
    0x08002598   0x00000054   Code   RO         3449    i._SetPixelIndex    guidev_16.o
    0x080025ec   0x00000038   Code   RO         3450    i._XY2PTR           guidev_16.o
    0x08002624   0x00000060   Code   RO         3451    i._XorPixel         guidev_16.o
    0x08002684   0x00000078   Code   RO         1223    i.delay_init        delay.o
    0x080026fc   0x0000003a   Code   RO         1224    i.delay_ms          delay.o
    0x08002736   0x00000002   PAD
    0x08002738   0x00000054   Code   RO         1226    i.delay_xms         delay.o
    0x0800278c   0x00000020   Code   RO            3    i.main              main.o
    0x080027ac   0x00000734   Data   RO         2316    .constdata          f6x8.o
    0x08002ee0   0x00000060   Data   RO         3452    .constdata          guidev_16.o
    0x08002f40   0x00000010   Data   RO        10134    .constdata          gui_uc_encodenone.o
    0x08002f50   0x00000040   Data   RO        11241    .constdata          lcd_api.o
    0x08002f90   0x00000100   Data   RO        11491    .constdata          lcd_mirror.o
    0x08003090   0x00000020   Data   RO        12388    Region$$Table       anon$$obj.o


    Execution Region RW_IRAM1 (Base: 0x20000000, Size: 0x00000ba0, Max: 0x00001000, ABSOLUTE)

    Base Addr    Size         Type   Attr      Idx    E Section Name        Object

    0x20000000   0x00000014   Data   RW          206    .data               system_stm32f0xx.o
    0x20000014   0x00000004   Data   RW         1227    .data               delay.o
    0x20000018   0x00000004   Data   RW         1436    .data               gui_x.o
    0x2000001c   0x00000014   Data   RW        10759    .data               guicore.o
    0x20000030   0x00000004   Data   RW        11242    .data               lcd_api.o
    0x20000034   0x000004c4   Zero   RW        10438    .bss                guialloc.o
    0x200004f8   0x00000048   Zero   RW        10758    .bss                guicore.o
    0x20000540   0x00000060   Zero   RW        12243    .bss                c_p.l(libspace.o)
    0x200005a0   0x00000200   Zero   RW          260    HEAP                startup_stm32f030.o
    0x200007a0   0x00000400   Zero   RW          259    STACK               startup_stm32f030.o


==============================================================================

Image component sizes


      Code (inc. data)   RO Data    RW Data    ZI Data      Debug   Object Name

       382         42          0          4          0       7860   delay.o
         0          0       1844          0          0       2090   f6x8.o
        84          0          0          0          0        740   gui__memset16.o
        30          0         16          0          0       2405   gui_uc_encodenone.o
         2          0          0          4          0        577   gui_x.o
         4          0          0          0          0       3788   gui_yan.o
        32         10          0          0       1220       1781   guialloc.o
       474         10          0          0          0       2955   guicharm.o
       116         32          0         20         72       4858   guicore.o
       136         18          0          0          0       2441   guidev.o
      2362         66         96          0          0      39646   guidev_16.o
        38          0          0          0          0        656   guidev_usage.o
      1240         30          0          0          0       4965   ili7735r.o
       980         64          0          0          0       6662   lcd.o
         0          0         64          4          0        606   lcd_api.o
        52          0          0          0          0       1969   lcd_l0_generic.o
         0          0        256          0          0        518   lcd_mirror.o
         2          0          0          0          0        382   lcdcolor.o
      1782         40          0          0          0      10775   lcddummy.o
        34          4          0          0          0       1023   lcdpm565.o
        62          0          0          0          0        595   lcdpm565_index2color.o
        32          6          0          0          0     212134   main.o
       116         56        180          0       1536        616   startup_stm32f030.o
       152          0          0          0          0       1920   stm32f0xx_gpio.o
        26          0          0          0          0       1887   stm32f0xx_it.o
       148         10          0          0          0       1282   stm32f0xx_misc.o
        64          8          0          0          0       1025   stm32f0xx_rcc.o
       216         38          0          0          0       3174   stm32f0xx_tim.o
       460         28          0         20          0       1529   system_stm32f0xx.o
       124         14          0          0          0       1038   timer.o

    ----------------------------------------------------------------------
      9172        476       2488         52       2828     321897   Object Totals
         0          0         32          0          0          0   (incl. Generated)
        22          0          0          0          0          0   (incl. Padding)

    ----------------------------------------------------------------------

      Code (inc. data)   RO Data    RW Data    ZI Data      Debug   Library Member Name

         8          0          0          0          0         68   __main.o
         0          0          0          0          0          0   __rtentry.o
        12          0          0          0          0          0   __rtentry2.o
         6          0          0          0          0          0   __rtentry4.o
        60          8          0          0          0          0   __scatter.o
        26          0          0          0          0          0   __scatter_copy.o
        28          0          0          0          0          0   __scatter_zi.o
       346          0          0          0          0         92   aeabi_sdiv.o
        12          0          0          0          0         64   exit.o
         6          0          0          0          0        136   heapauxi.o
         0          0          0          0          0          0   indicate_semi.o
         2          0          0          0          0          0   libinit.o
         2          0          0          0          0          0   libinit2.o
         2          0          0          0          0          0   libshutdown.o
         2          0          0          0          0          0   libshutdown2.o
         8          4          0          0         96         68   libspace.o
       186          0          0          0          0        144   rt_memcpy.o
         2          0          0          0          0          0   rtexit.o
        10          0          0          0          0          0   rtexit2.o
        12          4          0          0          0         60   sys_exit.o
        62          0          0          0          0         80   sys_stackheap_outer.o
         2          0          0          0          0         68   use_no_semi.o

    ----------------------------------------------------------------------
       804         16          0          0         96        780   Library Totals
        10          0          0          0          0          0   (incl. Padding)

    ----------------------------------------------------------------------

      Code (inc. data)   RO Data    RW Data    ZI Data      Debug   Library Name

       794         16          0          0         96        780   c_p.l

    ----------------------------------------------------------------------
       804         16          0          0         96        780   Library Totals

    ----------------------------------------------------------------------

==============================================================================


      Code (inc. data)   RO Data    RW Data    ZI Data      Debug   

      9976        492       2488         52       2924     318169   Grand Totals
      9976        492       2488         52       2924     318169   ELF Image Totals
      9976        492       2488         52          0          0   ROM Totals

==============================================================================

    Total RO  Size (Code + RO Data)                12464 (  12.17kB)
    Total RW  Size (RW Data + ZI Data)              2976 (   2.91kB)
    Total ROM Size (Code + RO Data + RW Data)      12516 (  12.22kB)

==============================================================================

