Component: ARM Compiler 5.05 update 2 (build 169) Tool: armlink [4d0f33]

==============================================================================

Section Cross References

    main.o(i.check_usart) refers to stm32f10x_usart.o(i.USART_ITConfig) for USART_ITConfig
    main.o(i.check_usart) refers to usart.o(.data) for g_usart_curstate
    main.o(i.check_usart) refers to usart.o(.bss) for USART_RX_BUF
    main.o(i.key_state_tration) refers to main.o(.bss) for Key_State
    main.o(i.key_state_tration) refers to main.o(.data) for KEY_STATE
    main.o(i.key_state_tration) refers to usart.o(.bss) for USART_RX_BUF
    main.o(i.main) refers to delay.o(i.delay_init) for delay_init
    main.o(i.main) refers to misc.o(i.NVIC_PriorityGroupConfig) for NVIC_PriorityGroupConfig
    main.o(i.main) refers to usart.o(i.uart_init) for uart_init
    main.o(i.main) refers to dma.o(i.MYDMA_Config) for MYDMA_Config
    main.o(i.main) refers to led.o(i.LED_Def) for LED_Def
    main.o(i.main) refers to myiic.o(i.dac_iic_init) for dac_iic_init
    main.o(i.main) refers to delay.o(i.delay_ms) for delay_ms
    main.o(i.main) refers to myiic.o(i.write_dac_data0) for write_dac_data0
    main.o(i.main) refers to myiic.o(i.read_dac_data0) for read_dac_data0
    main.o(i.main) refers to spiflash.o(i.SPI_DSP_CODE_Init) for SPI_DSP_CODE_Init
    main.o(i.main) refers to spiflash.o(i.DelayUs) for DelayUs
    main.o(i.main) refers to spiflash.o(i.DSP_Reset_Init) for DSP_Reset_Init
    main.o(i.main) refers to led.o(i.LED_Init) for LED_Init
    main.o(i.main) refers to adc.o(i.Adc_Init) for Adc_Init
    main.o(i.main) refers to key.o(i.KEY_Init) for KEY_Init
    main.o(i.main) refers to main.o(i.check_usart) for check_usart
    main.o(i.main) refers to key.o(i.KEY_Scan) for KEY_Scan
    main.o(i.main) refers to stm32f10x_usart.o(i.USART_ITConfig) for USART_ITConfig
    main.o(i.main) refers to main.o(i.key_state_tration) for key_state_tration
    main.o(i.main) refers to control.o(i.SendBuff_Init) for SendBuff_Init
    main.o(i.main) refers to stm32f10x_usart.o(i.USART_DMACmd) for USART_DMACmd
    main.o(i.main) refers to dma.o(i.MYDMA_Enable) for MYDMA_Enable
    main.o(i.main) refers to control.o(i.USART_Light) for USART_Light
    main.o(i.main) refers to control.o(.bss) for SendBuff
    main.o(i.main) refers to main.o(.data) for debug_value_4
    main.o(i.main) refers to usart.o(.data) for USART_RX_BUF_STATE
    main.o(i.main) refers to control.o(.data) for KeyValue
    system_stm32f10x.o(i.SetSysClock) refers to system_stm32f10x.o(i.SetSysClockTo72) for SetSysClockTo72
    system_stm32f10x.o(i.SystemCoreClockUpdate) refers to system_stm32f10x.o(.data) for SystemCoreClock
    system_stm32f10x.o(i.SystemInit) refers to system_stm32f10x.o(i.SetSysClock) for SetSysClock
    led.o(i.LED_Init) refers to stm32f10x_rcc.o(i.RCC_APB2PeriphClockCmd) for RCC_APB2PeriphClockCmd
    led.o(i.LED_Init) refers to stm32f10x_gpio.o(i.GPIO_PinRemapConfig) for GPIO_PinRemapConfig
    led.o(i.LED_Init) refers to stm32f10x_gpio.o(i.GPIO_Init) for GPIO_Init
    adc.o(i.Adc_Init) refers to stm32f10x_rcc.o(i.RCC_APB2PeriphClockCmd) for RCC_APB2PeriphClockCmd
    adc.o(i.Adc_Init) refers to stm32f10x_rcc.o(i.RCC_ADCCLKConfig) for RCC_ADCCLKConfig
    adc.o(i.Adc_Init) refers to stm32f10x_gpio.o(i.GPIO_Init) for GPIO_Init
    adc.o(i.Adc_Init) refers to stm32f10x_adc.o(i.ADC_DeInit) for ADC_DeInit
    adc.o(i.Adc_Init) refers to stm32f10x_adc.o(i.ADC_Init) for ADC_Init
    adc.o(i.Adc_Init) refers to stm32f10x_adc.o(i.ADC_Cmd) for ADC_Cmd
    adc.o(i.Adc_Init) refers to stm32f10x_adc.o(i.ADC_ResetCalibration) for ADC_ResetCalibration
    adc.o(i.Adc_Init) refers to stm32f10x_adc.o(i.ADC_GetResetCalibrationStatus) for ADC_GetResetCalibrationStatus
    adc.o(i.Adc_Init) refers to stm32f10x_adc.o(i.ADC_StartCalibration) for ADC_StartCalibration
    adc.o(i.Adc_Init) refers to stm32f10x_adc.o(i.ADC_GetCalibrationStatus) for ADC_GetCalibrationStatus
    adc.o(i.Get_Adc) refers to stm32f10x_adc.o(i.ADC_RegularChannelConfig) for ADC_RegularChannelConfig
    adc.o(i.Get_Adc) refers to stm32f10x_adc.o(i.ADC_SoftwareStartConvCmd) for ADC_SoftwareStartConvCmd
    adc.o(i.Get_Adc) refers to stm32f10x_adc.o(i.ADC_GetFlagStatus) for ADC_GetFlagStatus
    adc.o(i.Get_Adc) refers to stm32f10x_adc.o(i.ADC_GetConversionValue) for ADC_GetConversionValue
    adc.o(i.Get_Adc_Average) refers to adc.o(i.Get_Adc) for Get_Adc
    adc.o(i.Get_Adc_Average) refers to delay.o(i.delay_us) for delay_us
    key.o(i.KEY_Init) refers to stm32f10x_rcc.o(i.RCC_APB2PeriphClockCmd) for RCC_APB2PeriphClockCmd
    key.o(i.KEY_Init) refers to stm32f10x_gpio.o(i.GPIO_Init) for GPIO_Init
    key.o(i.KEY_Init) refers to stm32f10x_pwr.o(i.PWR_BackupAccessCmd) for PWR_BackupAccessCmd
    key.o(i.KEY_Init) refers to stm32f10x_rcc.o(i.RCC_LSEConfig) for RCC_LSEConfig
    key.o(i.KEY_Scan) refers to delay.o(i.delay_ms) for delay_ms
    key.o(i.KEY_Scan) refers to key.o(.data) for key_up
[...]
    rtexit.o(.ARM.exidx) refers (Special) to rtexit2.o(.ARM.Collect$$rtexit$$00000002) for __rt_exit_prels_1
    rtexit.o(.ARM.exidx) refers to rtexit.o(.ARM.Collect$$rtexit$$00000000) for .ARM.Collect$$rtexit$$00000000
    libinit2.o(.ARM.Collect$$libinit$$00000010) refers to libinit2.o(.ARM.Collect$$libinit$$0000000F) for .ARM.Collect$$libinit$$0000000F
    libinit2.o(.ARM.Collect$$libinit$$00000012) refers to libinit2.o(.ARM.Collect$$libinit$$0000000F) for .ARM.Collect$$libinit$$0000000F
    libinit2.o(.ARM.Collect$$libinit$$00000014) refers to libinit2.o(.ARM.Collect$$libinit$$0000000F) for .ARM.Collect$$libinit$$0000000F
    libinit2.o(.ARM.Collect$$libinit$$00000016) refers to libinit2.o(.ARM.Collect$$libinit$$0000000F) for .ARM.Collect$$libinit$$0000000F
    libinit2.o(.ARM.Collect$$libinit$$00000018) refers to libinit2.o(.ARM.Collect$$libinit$$0000000F) for .ARM.Collect$$libinit$$0000000F
    libinit2.o(.ARM.Collect$$libinit$$00000026) refers to argv_veneer.o(.emb_text) for __ARM_argv_veneer
    libinit2.o(.ARM.Collect$$libinit$$00000027) refers to argv_veneer.o(.emb_text) for __ARM_argv_veneer
    rtexit2.o(.ARM.Collect$$rtexit$$00000003) refers to libshutdown.o(.ARM.Collect$$libshutdown$$00000000) for __rt_lib_shutdown
    rtexit2.o(.ARM.Collect$$rtexit$$00000004) refers to usart.o(i._sys_exit) for _sys_exit
    rtexit2.o(.ARM.exidx) refers to rtexit2.o(.ARM.Collect$$rtexit$$00000001) for .ARM.Collect$$rtexit$$00000001
    rtexit2.o(.ARM.exidx) refers to rtexit2.o(.ARM.Collect$$rtexit$$00000003) for .ARM.Collect$$rtexit$$00000003
    rtexit2.o(.ARM.exidx) refers to rtexit2.o(.ARM.Collect$$rtexit$$00000004) for .ARM.Collect$$rtexit$$00000004
    argv_veneer.o(.emb_text) refers to no_argv.o(.text) for __ARM_get_argv
    _get_argv_nomalloc.o(.text) refers (Special) to hrguard.o(.text) for __heap_region$guard
    _get_argv_nomalloc.o(.text) refers to defsig_rtmem_outer.o(.text) for __rt_SIGRTMEM
    _get_argv_nomalloc.o(.text) refers to sys_command.o(.text) for _sys_command_string
    libshutdown.o(.ARM.Collect$$libshutdown$$00000000) refers (Special) to libshutdown2.o(.ARM.Collect$$libshutdown$$00000006) for __rt_lib_shutdown_fp_trap_1
    libshutdown.o(.ARM.Collect$$libshutdown$$00000000) refers (Special) to libshutdown2.o(.ARM.Collect$$libshutdown$$0000000E) for __rt_lib_shutdown_heap_1
    libshutdown.o(.ARM.Collect$$libshutdown$$00000000) refers (Special) to libshutdown2.o(.ARM.Collect$$libshutdown$$0000000F) for __rt_lib_shutdown_return
    libshutdown.o(.ARM.Collect$$libshutdown$$00000000) refers (Special) to libshutdown2.o(.ARM.Collect$$libshutdown$$00000009) for __rt_lib_shutdown_signal_1
    libshutdown.o(.ARM.Collect$$libshutdown$$00000000) refers (Special) to libshutdown2.o(.ARM.Collect$$libshutdown$$00000003) for __rt_lib_shutdown_stdio_1
    libshutdown.o(.ARM.Collect$$libshutdown$$00000000) refers (Special) to libshutdown2.o(.ARM.Collect$$libshutdown$$0000000B) for __rt_lib_shutdown_user_alloc_1
    sys_command.o(.text) refers (Special) to use_no_semi.o(.text) for __I$use$semihosting
    sys_command.o(.text) refers (Special) to indicate_semi.o(.text) for __semihosting_library_function
    defsig_rtmem_outer.o(.text) refers to defsig_rtmem_inner.o(.text) for __rt_SIGRTMEM_inner
    defsig_rtmem_outer.o(.text) refers to defsig_exit.o(.text) for __sig_exit
    defsig_rtmem_formal.o(.text) refers to rt_raise.o(.text) for __rt_raise
    rt_raise.o(.text) refers to __raise.o(.text) for __raise
    rt_raise.o(.text) refers to usart.o(i._sys_exit) for _sys_exit
    defsig_exit.o(.text) refers to usart.o(i._sys_exit) for _sys_exit
    defsig_rtmem_inner.o(.text) refers to defsig_general.o(.text) for __default_signal_display
    __raise.o(.text) refers to defsig.o(CL$$defsig) for __default_signal_handler
    defsig_general.o(.text) refers to sys_wrch.o(.text) for _ttywrch
    sys_wrch.o(.text) refers (Special) to use_no_semi.o(.text) for __I$use$semihosting
    sys_wrch.o(.text) refers (Special) to indicate_semi.o(.text) for __semihosting_library_function
    defsig.o(CL$$defsig) refers to defsig_rtmem_inner.o(.text) for __rt_SIGRTMEM_inner
    defsig_abrt_inner.o(.text) refers to defsig_general.o(.text) for __default_signal_display
    defsig_fpe_inner.o(.text) refers to defsig_general.o(.text) for __default_signal_display
    defsig_rtred_inner.o(.text) refers to defsig_general.o(.text) for __default_signal_display
    defsig_stak_inner.o(.text) refers to defsig_general.o(.text) for __default_signal_display
    defsig_pvfn_inner.o(.text) refers to defsig_general.o(.text) for __default_signal_display
    defsig_cppl_inner.o(.text) refers to defsig_general.o(.text) for __default_signal_display
    defsig_segv_inner.o(.text) refers to defsig_general.o(.text) for __default_signal_display
    defsig_other.o(.text) refers to defsig_general.o(.text) for __default_signal_display


==============================================================================

Removing Unused input sections from the image.

    Removing main.o(.constdata), (128000 bytes).
    Removing system_stm32f10x.o(i.SystemCoreClockUpdate), (164 bytes).
    Removing led.o(i.LED_bright), (96 bytes).
    Removing spiflash.o(i.CancelSelectDSP), (84 bytes).
    Removing spiflash.o(i.DisWriteEnableSPI), (44 bytes).
    Removing spiflash.o(i.EraseSector), (192 bytes).
    Removing spiflash.o(i.Erase_All), (184 bytes).
    Removing spiflash.o(i.M25P20_Rx_Str), (148 bytes).
    Removing spiflash.o(i.M25P20_Tx_Str), (168 bytes).
    Removing spiflash.o(i.ReadSectorDate), (176 bytes).
    Removing spiflash.o(i.ReadStatusReg), (60 bytes).
    Removing spiflash.o(i.SPI_Protect), (52 bytes).
    Removing spiflash.o(i.SPI_ReadByte), (168 bytes).
    Removing spiflash.o(i.SPI_SendByte), (88 bytes).
    Removing spiflash.o(i.SPI_unProtect), (52 bytes).
    Removing spiflash.o(i.SelectDeviceDSP), (80 bytes).
    Removing spiflash.o(i.WaitFlash), (32 bytes).
    Removing spiflash.o(i.WriteEnableSPI), (44 bytes).
    Removing spiflash.o(i.WriteSectorDate), (172 bytes).
    Removing myiic.o(i.dac_iic_wait_ack), (104 bytes).
    Removing sys.o(.emb_text), (6 bytes).
    Removing sys.o(i.INTX_DISABLE), (4 bytes).
    Removing sys.o(i.INTX_ENABLE), (4 bytes).
    Removing sys.o(i.WFI_SET), (4 bytes).
    Removing usart.o(i.fputc), (28 bytes).
    Removing core_cm3.o(.emb_text), (32 bytes).
    Removing misc.o(i.NVIC_SetVectorTable), (20 bytes).
    Removing misc.o(i.NVIC_SystemLPConfig), (32 bytes).
    Removing stm32f10x_gpio.o(i.GPIO_AFIODeInit), (20 bytes).
    Removing stm32f10x_gpio.o(i.GPIO_DeInit), (200 bytes).
    Removing stm32f10x_gpio.o(i.GPIO_ETH_MediaInterfaceConfig), (12 bytes).
    Removing stm32f10x_gpio.o(i.GPIO_EXTILineConfig), (64 bytes).
    Removing stm32f10x_gpio.o(i.GPIO_EventOutputCmd), (12 bytes).
    Removing stm32f10x_gpio.o(i.GPIO_EventOutputConfig), (32 bytes).
    Removing stm32f10x_gpio.o(i.GPIO_PinLockConfig), (18 bytes).
    Removing stm32f10x_gpio.o(i.GPIO_ReadInputData), (8 bytes).
    Removing stm32f10x_gpio.o(i.GPIO_ReadInputDataBit), (18 bytes).
    Removing stm32f10x_gpio.o(i.GPIO_ReadOutputData), (8 bytes).
    Removing stm32f10x_gpio.o(i.GPIO_ReadOutputDataBit), (18 bytes).
    Removing stm32f10x_gpio.o(i.GPIO_StructInit), (16 bytes).
    Removing stm32f10x_gpio.o(i.GPIO_Write), (4 bytes).
    Removing stm32f10x_gpio.o(i.GPIO_WriteBit), (10 bytes).
    Removing stm32f10x_dbgmcu.o(i.DBGMCU_Config), (32 bytes).
    Removing stm32f10x_dbgmcu.o(i.DBGMCU_GetDEVID), (16 bytes).
    Removing stm32f10x_dbgmcu.o(i.DBGMCU_GetREVID), (12 bytes).
    Removing stm32f10x_rcc.o(i.RCC_APB1PeriphClockCmd), (32 bytes).
    Removing stm32f10x_rcc.o(i.RCC_APB1PeriphResetCmd), (32 bytes).
    Removing stm32f10x_rcc.o(i.RCC_AdjustHSICalibrationValue), (24 bytes).
    Removing stm32f10x_rcc.o(i.RCC_BackupResetCmd), (12 bytes).
    Removing stm32f10x_rcc.o(i.RCC_ClearFlag), (20 bytes).
    Removing stm32f10x_rcc.o(i.RCC_ClearITPendingBit), (12 bytes).
    Removing stm32f10x_rcc.o(i.RCC_ClockSecuritySystemCmd), (12 bytes).
    Removing stm32f10x_rcc.o(i.RCC_DeInit), (76 bytes).
    Removing stm32f10x_rcc.o(i.RCC_GetFlagStatus), (60 bytes).
    Removing stm32f10x_rcc.o(i.RCC_GetITStatus), (24 bytes).
    Removing stm32f10x_rcc.o(i.RCC_GetSYSCLKSource), (16 bytes).
    Removing stm32f10x_rcc.o(i.RCC_HCLKConfig), (24 bytes).
    Removing stm32f10x_rcc.o(i.RCC_HSEConfig), (76 bytes).
    Removing stm32f10x_rcc.o(i.RCC_HSICmd), (12 bytes).
    Removing stm32f10x_rcc.o(i.RCC_ITConfig), (32 bytes).
    Removing stm32f10x_rcc.o(i.RCC_LSICmd), (12 bytes).
    Removing stm32f10x_rcc.o(i.RCC_MCOConfig), (12 bytes).
    Removing stm32f10x_rcc.o(i.RCC_PCLK1Config), (24 bytes).
    Removing stm32f10x_rcc.o(i.RCC_PCLK2Config), (24 bytes).
    Removing stm32f10x_rcc.o(i.RCC_PLLCmd), (12 bytes).
    Removing stm32f10x_rcc.o(i.RCC_PLLConfig), (28 bytes).
    Removing stm32f10x_rcc.o(i.RCC_RTCCLKCmd), (12 bytes).
    Removing stm32f10x_rcc.o(i.RCC_RTCCLKConfig), (16 bytes).
    Removing stm32f10x_rcc.o(i.RCC_SYSCLKConfig), (24 bytes).
    Removing stm32f10x_rcc.o(i.RCC_USBCLKConfig), (12 bytes).
    Removing stm32f10x_rcc.o(i.RCC_WaitForHSEStartUp), (56 bytes).
    Removing stm32f10x_usart.o(i.USART_ClearFlag), (18 bytes).
    Removing stm32f10x_usart.o(i.USART_ClearITPendingBit), (30 bytes).
    Removing stm32f10x_usart.o(i.USART_ClockInit), (34 bytes).
    Removing stm32f10x_usart.o(i.USART_ClockStructInit), (12 bytes).
    Removing stm32f10x_usart.o(i.USART_DeInit), (156 bytes).
    Removing stm32f10x_usart.o(i.USART_HalfDuplexCmd), (24 bytes).
    Removing stm32f10x_usart.o(i.USART_IrDACmd), (24 bytes).
    Removing stm32f10x_usart.o(i.USART_IrDAConfig), (18 bytes).
    Removing stm32f10x_usart.o(i.USART_LINBreakDetectLengthConfig), (18 bytes).
    Removing stm32f10x_usart.o(i.USART_LINCmd), (24 bytes).
    Removing stm32f10x_usart.o(i.USART_OneBitMethodCmd), (24 bytes).
    Removing stm32f10x_usart.o(i.USART_OverSampling8Cmd), (22 bytes).
    Removing stm32f10x_usart.o(i.USART_ReceiverWakeUpCmd), (24 bytes).
    Removing stm32f10x_usart.o(i.USART_SendBreak), (10 bytes).
    Removing stm32f10x_usart.o(i.USART_SendData), (8 bytes).
    Removing stm32f10x_usart.o(i.USART_SetAddress), (18 bytes).
    Removing stm32f10x_usart.o(i.USART_SetGuardTime), (16 bytes).
    Removing stm32f10x_usart.o(i.USART_SetPrescaler), (16 bytes).
    Removing stm32f10x_usart.o(i.USART_SmartCardCmd), (24 bytes).
    Removing stm32f10x_usart.o(i.USART_SmartCardNACKCmd), (24 bytes).
    Removing stm32f10x_usart.o(i.USART_StructInit), (24 bytes).
    Removing stm32f10x_usart.o(i.USART_WakeUpConfig), (18 bytes).
    Removing stm32f10x_adc.o(i.ADC_AnalogWatchdogCmd), (20 bytes).
    Removing stm32f10x_adc.o(i.ADC_AnalogWatchdogSingleChannelConfig), (16 bytes).
    Removing stm32f10x_adc.o(i.ADC_AnalogWatchdogThresholdsConfig), (6 bytes).
    Removing stm32f10x_adc.o(i.ADC_AutoInjectedConvCmd), (22 bytes).
    Removing stm32f10x_adc.o(i.ADC_ClearFlag), (6 bytes).
    Removing stm32f10x_adc.o(i.ADC_ClearITPendingBit), (10 bytes).
    Removing stm32f10x_adc.o(i.ADC_DMACmd), (22 bytes).
    Removing stm32f10x_adc.o(i.ADC_DiscModeChannelCountConfig), (24 bytes).
    Removing stm32f10x_adc.o(i.ADC_DiscModeCmd), (22 bytes).
    Removing stm32f10x_adc.o(i.ADC_ExternalTrigConvCmd), (22 bytes).
    Removing stm32f10x_adc.o(i.ADC_ExternalTrigInjectedConvCmd), (22 bytes).
    Removing stm32f10x_adc.o(i.ADC_ExternalTrigInjectedConvConfig), (16 bytes).
    Removing stm32f10x_adc.o(i.ADC_GetDualModeConversionValue), (12 bytes).
    Removing stm32f10x_adc.o(i.ADC_GetITStatus), (36 bytes).
    Removing stm32f10x_adc.o(i.ADC_GetInjectedConversionValue), (28 bytes).
    Removing stm32f10x_adc.o(i.ADC_GetSoftwareStartConvStatus), (20 bytes).
    Removing stm32f10x_adc.o(i.ADC_GetSoftwareStartInjectedConvCmdStatus), (20 bytes).
    Removing stm32f10x_adc.o(i.ADC_ITConfig), (24 bytes).
    Removing stm32f10x_adc.o(i.ADC_InjectedChannelConfig), (130 bytes).
    Removing stm32f10x_adc.o(i.ADC_InjectedDiscModeCmd), (22 bytes).
    Removing stm32f10x_adc.o(i.ADC_InjectedSequencerLengthConfig), (24 bytes).
    Removing stm32f10x_adc.o(i.ADC_SetInjectedOffset), (20 bytes).
    Removing stm32f10x_adc.o(i.ADC_SoftwareStartInjectedConvCmd), (22 bytes).
    Removing stm32f10x_adc.o(i.ADC_StructInit), (18 bytes).
    Removing stm32f10x_adc.o(i.ADC_TempSensorVrefintCmd), (36 bytes).
    Removing stm32f10x_pwr.o(i.PWR_ClearFlag), (20 bytes).
    Removing stm32f10x_pwr.o(i.PWR_DeInit), (22 bytes).
    Removing stm32f10x_pwr.o(i.PWR_EnterSTANDBYMode), (52 bytes).
    Removing stm32f10x_pwr.o(i.PWR_EnterSTOPMode), (64 bytes).
    Removing stm32f10x_pwr.o(i.PWR_GetFlagStatus), (24 bytes).
    Removing stm32f10x_pwr.o(i.PWR_PVDCmd), (12 bytes).
    Removing stm32f10x_pwr.o(i.PWR_PVDLevelConfig), (24 bytes).
    Removing stm32f10x_pwr.o(i.PWR_WakeUpPinCmd), (12 bytes).
    Removing stm32f10x_dma.o(i.DMA_ClearFlag), (28 bytes).
    Removing stm32f10x_dma.o(i.DMA_GetCurrDataCounter), (8 bytes).
    Removing stm32f10x_dma.o(i.DMA_GetFlagStatus), (44 bytes).
    Removing stm32f10x_dma.o(i.DMA_StructInit), (26 bytes).

130 unused section(s) (total 132976 bytes) removed from the image.

==============================================================================

Image Symbol Table

    Local Symbols

    Symbol Name                              Value     Ov Type        Size  Object(Section)

    ../clib/angel/boardlib.s                 0x00000000   Number         0  boardinit2.o ABSOLUTE
    ../clib/angel/boardlib.s                 0x00000000   Number         0  boardshut.o ABSOLUTE
    ../clib/angel/boardlib.s                 0x00000000   Number         0  boardinit3.o ABSOLUTE
    ../clib/angel/boardlib.s                 0x00000000   Number         0  boardinit1.o ABSOLUTE
    ../clib/angel/dczerorl2.s                0x00000000   Number         0  __dczerorl2.o ABSOLUTE
    ../clib/angel/handlers.s                 0x00000000   Number         0  __scatter_zi.o ABSOLUTE
    ../clib/angel/kernel.s                   0x00000000   Number         0  rtexit2.o ABSOLUTE
    ../clib/angel/kernel.s                   0x00000000   Number         0  __rtentry4.o ABSOLUTE
    ../clib/angel/kernel.s                   0x00000000   Number         0  __rtentry2.o ABSOLUTE
    ../clib/angel/kernel.s                   0x00000000   Number         0  rtexit.o ABSOLUTE
    ../clib/angel/kernel.s                   0x00000000   Number         0  __rtentry.o ABSOLUTE
    ../clib/angel/rt.s                       0x00000000   Number         0  rt_raise.o ABSOLUTE
    ../clib/angel/scatter.s                  0x00000000   Number         0  __scatter.o ABSOLUTE
    ../clib/angel/startup.s                  0x00000000   Number         0  __main.o ABSOLUTE
    ../clib/angel/sys.s                      0x00000000   Number         0  libspace.o ABSOLUTE
    ../clib/angel/sys.s                      0x00000000   Number         0  use_no_semi_2.o ABSOLUTE
    ../clib/angel/sys.s                      0x00000000   Number         0  use_no_semi.o ABSOLUTE
    ../clib/angel/sys.s                      0x00000000   Number         0  indicate_semi.o ABSOLUTE
    ../clib/angel/sys.s                      0x00000000   Number         0  sys_stackheap_outer.o ABSOLUTE
    ../clib/angel/sysapp.c                   0x00000000   Number         0  sys_wrch.o ABSOLUTE
    ../clib/angel/sysapp.c                   0x00000000   Number         0  sys_command.o ABSOLUTE
    ../clib/armsys.c                         0x00000000   Number         0  no_argv.o ABSOLUTE
    ../clib/armsys.c                         0x00000000   Number         0  _get_argv_nomalloc.o ABSOLUTE
    ../clib/armsys.c                         0x00000000   Number         0  argv_veneer.o ABSOLUTE
    ../clib/armsys.c                         0x00000000   Number         0  argv_veneer.o ABSOLUTE
    ../clib/heapalloc.c                      0x00000000   Number         0  hrguard.o ABSOLUTE
    ../clib/heapaux.c                        0x00000000   Number         0  heapauxi.o ABSOLUTE
    ../clib/libinit.s                        0x00000000   Number         0  libshutdown.o ABSOLUTE
    ../clib/libinit.s                        0x00000000   Number         0  libinit.o ABSOLUTE
    ../clib/libinit.s                        0x00000000   Number         0  libinit2.o ABSOLUTE
    ../clib/libinit.s                        0x00000000   Number         0  libshutdown2.o ABSOLUTE
    ../clib/signal.c                         0x00000000   Number         0  defsig_stak_inner.o ABSOLUTE
    ../clib/signal.c                         0x00000000   Number         0  defsig_rtred_inner.o ABSOLUTE
    ../clib/signal.c                         0x00000000   Number         0  defsig_fpe_inner.o ABSOLUTE
    ../clib/signal.c                         0x00000000   Number         0  defsig_abrt_inner.o ABSOLUTE
    ../clib/signal.c                         0x00000000   Number         0  defsig_general.o ABSOLUTE
    ../clib/signal.c                         0x00000000   Number         0  __raise.o ABSOLUTE
    ../clib/signal.c                         0x00000000   Number         0  defsig_rtmem_inner.o ABSOLUTE
    ../clib/signal.c                         0x00000000   Number         0  defsig_rtmem_formal.o ABSOLUTE
    ../clib/signal.c                         0x00000000   Number         0  defsig_rtmem_outer.o ABSOLUTE
    ../clib/signal.c                         0x00000000   Number         0  defsig_exit.o ABSOLUTE
    ../clib/signal.c                         0x00000000   Number         0  defsig_other.o ABSOLUTE
    ../clib/signal.c                         0x00000000   Number         0  defsig_segv_inner.o ABSOLUTE
    ../clib/signal.c                         0x00000000   Number         0  defsig_cppl_inner.o ABSOLUTE
    ../clib/signal.c                         0x00000000   Number         0  defsig_pvfn_inner.o ABSOLUTE
    ../clib/signal.s                         0x00000000   Number         0  defsig.o ABSOLUTE
    ../clib/stdlib.c                         0x00000000   Number         0  exit.o ABSOLUTE
    ../fplib/fpinit.s                        0x00000000   Number         0  fpinit.o ABSOLUTE
    ..\CORE\core_cm3.c                       0x00000000   Number         0  core_cm3.o ABSOLUTE
    ..\CORE\startup_stm32f10x_hd.s           0x00000000   Number         0  startup_stm32f10x_hd.o ABSOLUTE
    ..\HARDWARE\ADC\adc.c                    0x00000000   Number         0  adc.o ABSOLUTE
    ..\HARDWARE\CONTORL\control.c            0x00000000   Number         0  control.o ABSOLUTE
    ..\HARDWARE\DMA\dma.c                    0x00000000   Number         0  dma.o ABSOLUTE
    ..\HARDWARE\FLASH\SpiFlash.c             0x00000000   Number         0  spiflash.o ABSOLUTE
    ..\HARDWARE\IIC\myiic.c                  0x00000000   Number         0  myiic.o ABSOLUTE
    ..\HARDWARE\KEY\key.c                    0x00000000   Number         0  key.o ABSOLUTE
    ..\HARDWARE\LED\led.c                    0x00000000   Number         0  led.o ABSOLUTE
    ..\STM32F10x_FWLib\src\misc.c            0x00000000   Number         0  misc.o ABSOLUTE
    ..\STM32F10x_FWLib\src\stm32f10x_adc.c   0x00000000   Number         0  stm32f10x_adc.o ABSOLUTE
    ..\STM32F10x_FWLib\src\stm32f10x_dbgmcu.c 0x00000000   Number         0  stm32f10x_dbgmcu.o ABSOLUTE
    ..\STM32F10x_FWLib\src\stm32f10x_dma.c   0x00000000   Number         0  stm32f10x_dma.o ABSOLUTE
    ..\STM32F10x_FWLib\src\stm32f10x_gpio.c  0x00000000   Number         0  stm32f10x_gpio.o ABSOLUTE
    ..\STM32F10x_FWLib\src\stm32f10x_pwr.c   0x00000000   Number         0  stm32f10x_pwr.o ABSOLUTE
    ..\STM32F10x_FWLib\src\stm32f10x_rcc.c   0x00000000   Number         0  stm32f10x_rcc.o ABSOLUTE
    ..\STM32F10x_FWLib\src\stm32f10x_usart.c 0x00000000   Number         0  stm32f10x_usart.o ABSOLUTE
    ..\SYSTEM\delay\delay.c                  0x00000000   Number         0  delay.o ABSOLUTE
    ..\SYSTEM\sys\sys.c                      0x00000000   Number         0  sys.o ABSOLUTE
    ..\SYSTEM\usart\usart.c                  0x00000000   Number         0  usart.o ABSOLUTE
    ..\\CORE\\core_cm3.c                     0x00000000   Number         0  core_cm3.o ABSOLUTE
    ..\\SYSTEM\\sys\\sys.c                   0x00000000   Number         0  sys.o ABSOLUTE
    dc.s                                     0x00000000   Number         0  dc.o ABSOLUTE
    main.c                                   0x00000000   Number         0  main.o ABSOLUTE
    stm32f10x_it.c                           0x00000000   Number         0  stm32f10x_it.o ABSOLUTE
    system_stm32f10x.c                       0x00000000   Number         0  system_stm32f10x.o ABSOLUTE
    RESET                                    0x08000000   Section      304  startup_stm32f10x_hd.o(RESET)
    !!!main                                  0x08000130   Section        8  __main.o(!!!main)
    !!!scatter                               0x08000138   Section       52  __scatter.o(!!!scatter)
    !!dczerorl2                              0x0800016c   Section       90  __dczerorl2.o(!!dczerorl2)
    !!handler_zi                             0x080001c8   Section       28  __scatter_zi.o(!!handler_zi)
    .ARM.Collect$$libinit$$00000000          0x080001e4   Section        2  libinit.o(.ARM.Collect$$libinit$$00000000)
    .ARM.Collect$$libinit$$00000002          0x080001e6   Section        0  libinit2.o(.ARM.Collect$$libinit$$00000002)
    .ARM.Collect$$libinit$$00000004          0x080001e6   Section        0  libinit2.o(.ARM.Collect$$libinit$$00000004)
    .ARM.Collect$$libinit$$0000000A          0x080001e6   Section        0  libinit2.o(.ARM.Collect$$libinit$$0000000A)
    .ARM.Collect$$libinit$$0000000C          0x080001e6   Section        0  libinit2.o(.ARM.Collect$$libinit$$0000000C)
    .ARM.Collect$$libinit$$0000000E          0x080001e6   Section        0  libinit2.o(.ARM.Collect$$libinit$$0000000E)
    .ARM.Collect$$libinit$$00000011          0x080001e6   Section        0  libinit2.o(.ARM.Collect$$libinit$$00000011)
    .ARM.Collect$$libinit$$00000013          0x080001e6   Section        0  libinit2.o(.ARM.Collect$$libinit$$00000013)
    .ARM.Collect$$libinit$$00000015          0x080001e6   Section        0  libinit2.o(.ARM.Collect$$libinit$$00000015)
    .ARM.Collect$$libinit$$00000017          0x080001e6   Section        0  libinit2.o(.ARM.Collect$$libinit$$00000017)
    .ARM.Collect$$libinit$$00000019          0x080001e6   Section        0  libinit2.o(.ARM.Collect$$libinit$$00000019)
    .ARM.Collect$$libinit$$0000001B          0x080001e6   Section        0  libinit2.o(.ARM.Collect$$libinit$$0000001B)
    .ARM.Collect$$libinit$$0000001D          0x080001e6   Section        0  libinit2.o(.ARM.Collect$$libinit$$0000001D)
    .ARM.Collect$$libinit$$0000001F          0x080001e6   Section        0  libinit2.o(.ARM.Collect$$libinit$$0000001F)
    .ARM.Collect$$libinit$$00000021          0x080001e6   Section        0  libinit2.o(.ARM.Collect$$libinit$$00000021)
    .ARM.Collect$$libinit$$00000023          0x080001e6   Section        0  libinit2.o(.ARM.Collect$$libinit$$00000023)
    .ARM.Collect$$libinit$$00000025          0x080001e6   Section        0  libinit2.o(.ARM.Collect$$libinit$$00000025)
    .ARM.Collect$$libinit$$0000002C          0x080001e6   Section        0  libinit2.o(.ARM.Collect$$libinit$$0000002C)
    .ARM.Collect$$libinit$$0000002E          0x080001e6   Section        0  libinit2.o(.ARM.Collect$$libinit$$0000002E)
    .ARM.Collect$$libinit$$00000030          0x080001e6   Section        0  libinit2.o(.ARM.Collect$$libinit$$00000030)
    .ARM.Collect$$libinit$$00000032          0x080001e6   Section        0  libinit2.o(.ARM.Collect$$libinit$$00000032)
    .ARM.Collect$$libinit$$00000033          0x080001e6   Section        2  libinit2.o(.ARM.Collect$$libinit$$00000033)
    .ARM.Collect$$libshutdown$$00000000      0x080001e8   Section        2  libshutdown.o(.ARM.Collect$$libshutdown$$00000000)
    .ARM.Collect$$libshutdown$$00000003      0x080001ea   Section        0  libshutdown2.o(.ARM.Collect$$libshutdown$$00000003)
    .ARM.Collect$$libshutdown$$00000006      0x080001ea   Section        0  libshutdown2.o(.ARM.Collect$$libshutdown$$00000006)
    .ARM.Collect$$libshutdown$$00000009      0x080001ea   Section        0  libshutdown2.o(.ARM.Collect$$libshutdown$$00000009)
    .ARM.Collect$$libshutdown$$0000000B      0x080001ea   Section        0  libshutdown2.o(.ARM.Collect$$libshutdown$$0000000B)
    .ARM.Collect$$libshutdown$$0000000E      0x080001ea   Section        0  libshutdown2.o(.ARM.Collect$$libshutdown$$0000000E)
    .ARM.Collect$$libshutdown$$0000000F      0x080001ea   Section        2  libshutdown2.o(.ARM.Collect$$libshutdown$$0000000F)
    .ARM.Collect$$rtentry$$00000000          0x080001ec   Section        0  __rtentry.o(.ARM.Collect$$rtentry$$00000000)
    .ARM.Collect$$rtentry$$00000002          0x080001ec   Section        0  __rtentry2.o(.ARM.Collect$$rtentry$$00000002)
    .ARM.Collect$$rtentry$$00000004          0x080001ec   Section        6  __rtentry4.o(.ARM.Collect$$rtentry$$00000004)
    .ARM.Collect$$rtentry$$00000009          0x080001f2   Section        0  __rtentry2.o(.ARM.Collect$$rtentry$$00000009)
    .ARM.Collect$$rtentry$$0000000A          0x080001f2   Section        4  __rtentry2.o(.ARM.Collect$$rtentry$$0000000A)
    .ARM.Collect$$rtentry$$0000000C          0x080001f6   Section        0  __rtentry2.o(.ARM.Collect$$rtentry$$0000000C)
    .ARM.Collect$$rtentry$$0000000D          0x080001f6   Section        8  __rtentry2.o(.ARM.Collect$$rtentry$$0000000D)
    .ARM.Collect$$rtexit$$00000000           0x080001fe   Section        2  rtexit.o(.ARM.Collect$$rtexit$$00000000)
    .ARM.Collect$$rtexit$$00000002           0x08000200   Section        0  rtexit2.o(.ARM.Collect$$rtexit$$00000002)
    .ARM.Collect$$rtexit$$00000003           0x08000200   Section        4  rtexit2.o(.ARM.Collect$$rtexit$$00000003)
    .ARM.Collect$$rtexit$$00000004           0x08000204   Section        6  rtexit2.o(.ARM.Collect$$rtexit$$00000004)
    .text                                    0x0800020c   Section       64  startup_stm32f10x_hd.o(.text)
    .text                                    0x0800024c   Section        2  use_no_semi_2.o(.text)
    .text                                    0x0800024e   Section        0  heapauxi.o(.text)
    .text                                    0x08000254   Section        2  use_no_semi.o(.text)
    .text                                    0x08000256   Section       74  sys_stackheap_outer.o(.text)
    .text                                    0x080002a0   Section        0  exit.o(.text)
    .text                                    0x080002ac   Section        8  libspace.o(.text)
    i.ADC_Cmd                                0x080002b4   Section        0  stm32f10x_adc.o(i.ADC_Cmd)
    i.ADC_DeInit                             0x080002cc   Section        0  stm32f10x_adc.o(i.ADC_DeInit)
    i.ADC_GetCalibrationStatus               0x08000328   Section        0  stm32f10x_adc.o(i.ADC_GetCalibrationStatus)
    i.ADC_GetConversionValue                 0x0800033c   Section        0  stm32f10x_adc.o(i.ADC_GetConversionValue)
    i.ADC_GetFlagStatus                      0x08000344   Section        0  stm32f10x_adc.o(i.ADC_GetFlagStatus)
    i.ADC_GetResetCalibrationStatus          0x08000356   Section        0  stm32f10x_adc.o(i.ADC_GetResetCalibrationStatus)
    i.ADC_Init                               0x0800036c   Section        0  stm32f10x_adc.o(i.ADC_Init)
    i.ADC_RegularChannelConfig               0x080003bc   Section        0  stm32f10x_adc.o(i.ADC_RegularChannelConfig)
    i.ADC_ResetCalibration                   0x08000474   Section        0  stm32f10x_adc.o(i.ADC_ResetCalibration)
    i.ADC_SoftwareStartConvCmd               0x0800047e   Section        0  stm32f10x_adc.o(i.ADC_SoftwareStartConvCmd)
    i.ADC_StartCalibration                   0x08000494   Section        0  stm32f10x_adc.o(i.ADC_StartCalibration)
    i.Adc_Init                               0x080004a0   Section        0  adc.o(i.Adc_Init)
    i.BusFault_Handler                       0x080005ec   Section        0  stm32f10x_it.o(i.BusFault_Handler)
    i.DMA1_Channel4_IRQHandler               0x080005f0   Section        0  dma.o(i.DMA1_Channel4_IRQHandler)
    i.DMA_ClearITPendingBit                  0x08000610   Section        0  stm32f10x_dma.o(i.DMA_ClearITPendingBit)
    i.DMA_Cmd                                0x0800062c   Section        0  stm32f10x_dma.o(i.DMA_Cmd)
    i.DMA_DeInit                             0x08000644   Section        0  stm32f10x_dma.o(i.DMA_DeInit)
    i.DMA_GetITStatus                        0x08000790   Section        0  stm32f10x_dma.o(i.DMA_GetITStatus)
    i.DMA_ITConfig                           0x080007bc   Section        0  stm32f10x_dma.o(i.DMA_ITConfig)
    i.DMA_Init                               0x080007ce   Section        0  stm32f10x_dma.o(i.DMA_Init)
    i.DMA_SetCurrDataCounter                 0x0800080a   Section        0  stm32f10x_dma.o(i.DMA_SetCurrDataCounter)
    i.DSP_Reset_Init                         0x08000810   Section        0  spiflash.o(i.DSP_Reset_Init)
    i.DebugMon_Handler                       0x08000860   Section        0  stm32f10x_it.o(i.DebugMon_Handler)
    i.DelayUs                                0x08000862   Section        0  spiflash.o(i.DelayUs)
    i.ENCODER_SW_1                           0x08000870   Section        0  control.o(i.ENCODER_SW_1)
    i.ENCODER_SW_2                           0x0800095c   Section        0  control.o(i.ENCODER_SW_2)
    i.ENCODER_SW_3                           0x08000a48   Section        0  control.o(i.ENCODER_SW_3)
    i.ENCODER_SW_4                           0x08000b34   Section        0  control.o(i.ENCODER_SW_4)
    i.GPIO_Init                              0x08000c24   Section        0  stm32f10x_gpio.o(i.GPIO_Init)
    i.GPIO_PinRemapConfig                    0x08000d3c   Section        0  stm32f10x_gpio.o(i.GPIO_PinRemapConfig)
    i.GPIO_ResetBits                         0x08000dcc   Section        0  stm32f10x_gpio.o(i.GPIO_ResetBits)
    i.GPIO_SetBits                           0x08000dd0   Section        0  stm32f10x_gpio.o(i.GPIO_SetBits)
    i.Get_Adc                                0x08000dd4   Section        0  adc.o(i.Get_Adc)
    i.Get_Adc_Average                        0x08000e10   Section        0  adc.o(i.Get_Adc_Average)
    i.HardFault_Handler                      0x08000e42   Section        0  stm32f10x_it.o(i.HardFault_Handler)
    i.KEY_Init                               0x08000e48   Section        0  key.o(i.KEY_Init)
    i.KEY_Scan                               0x08000ef4   Section        0  key.o(i.KEY_Scan)
    i.KOGNZHI_1                              0x08001188   Section        0  control.o(i.KOGNZHI_1)
    i.LED_Def                                0x08001440   Section        0  led.o(i.LED_Def)
    i.LED_Init                               0x080014a0   Section        0  led.o(i.LED_Init)
    i.LED_bright_one                         0x080014fc   Section        0  led.o(i.LED_bright_one)
    i.MYDMA_Config                           0x08001568   Section        0  dma.o(i.MYDMA_Config)
    i.MYDMA_Enable                           0x080015ec   Section        0  dma.o(i.MYDMA_Enable)
    i.MemManage_Handler                      0x08001620   Section        0  stm32f10x_it.o(i.MemManage_Handler)
    i.NMI_Handler                            0x08001624   Section        0  stm32f10x_it.o(i.NMI_Handler)
    i.NVIC_Init                              0x08001628   Section        0  misc.o(i.NVIC_Init)
    i.NVIC_PriorityGroupConfig               0x08001698   Section        0  misc.o(i.NVIC_PriorityGroupConfig)
    i.PWR_BackupAccessCmd                    0x080016ac   Section        0  stm32f10x_pwr.o(i.PWR_BackupAccessCmd)
    i.PendSV_Handler                         0x080016b8   Section        0  stm32f10x_it.o(i.PendSV_Handler)
    i.RCC_ADCCLKConfig                       0x080016bc   Section        0  stm32f10x_rcc.o(i.RCC_ADCCLKConfig)
    i.RCC_AHBPeriphClockCmd                  0x080016d4   Section        0  stm32f10x_rcc.o(i.RCC_AHBPeriphClockCmd)
    i.RCC_APB2PeriphClockCmd                 0x080016f4   Section        0  stm32f10x_rcc.o(i.RCC_APB2PeriphClockCmd)
    i.RCC_APB2PeriphResetCmd                 0x08001714   Section        0  stm32f10x_rcc.o(i.RCC_APB2PeriphResetCmd)
    i.RCC_GetClocksFreq                      0x08001734   Section        0  stm32f10x_rcc.o(i.RCC_GetClocksFreq)
    i.RCC_LSEConfig                          0x08001808   Section        0  stm32f10x_rcc.o(i.RCC_LSEConfig)
    i.SPI_DSP_CODE_Init                      0x0800183c   Section        0  spiflash.o(i.SPI_DSP_CODE_Init)
    i.SVC_Handler                            0x08001918   Section        0  stm32f10x_it.o(i.SVC_Handler)
    i.SendBuff_Init                          0x0800191c   Section        0  control.o(i.SendBuff_Init)
    i.SetSysClock                            0x08001b2c   Section        0  system_stm32f10x.o(i.SetSysClock)
    SetSysClock                              0x08001b2d   Thumb Code     8  system_stm32f10x.o(i.SetSysClock)
    i.SetSysClockTo72                        0x08001b34   Section        0  system_stm32f10x.o(i.SetSysClockTo72)
    SetSysClockTo72                          0x08001b35   Thumb Code   214  system_stm32f10x.o(i.SetSysClockTo72)
    i.SysTick_CLKSourceConfig                0x08001c14   Section        0  misc.o(i.SysTick_CLKSourceConfig)
    i.SysTick_Handler                        0x08001c3c   Section        0  stm32f10x_it.o(i.SysTick_Handler)
    i.SystemInit                             0x08001c40   Section        0  system_stm32f10x.o(i.SystemInit)
    i.USART1_IRQHandler                      0x08001ca0   Section        0  usart.o(i.USART1_IRQHandler)
    i.USART_Cmd                              0x08001da4   Section        0  stm32f10x_usart.o(i.USART_Cmd)
    i.USART_DMACmd                           0x08001dbc   Section        0  stm32f10x_usart.o(i.USART_DMACmd)
    i.USART_GetFlagStatus                    0x08001dce   Section        0  stm32f10x_usart.o(i.USART_GetFlagStatus)
    i.USART_GetITStatus                      0x08001de8   Section        0  stm32f10x_usart.o(i.USART_GetITStatus)
    i.USART_ITConfig                         0x08001e3c   Section        0  stm32f10x_usart.o(i.USART_ITConfig)
    i.USART_Init                             0x08001e88   Section        0  stm32f10x_usart.o(i.USART_Init)
    i.USART_Light                            0x08001f60   Section        0  control.o(i.USART_Light)
    i.USART_ReceiveData                      0x08002258   Section        0  stm32f10x_usart.o(i.USART_ReceiveData)
    i.USART_check                            0x08002264   Section        0  control.o(i.USART_check)
    i.UsageFault_Handler                     0x08002280   Section        0  stm32f10x_it.o(i.UsageFault_Handler)
    i._sys_exit                              0x08002284   Section        0  usart.o(i._sys_exit)
    i.check_usart                            0x0800228c   Section        0  main.o(i.check_usart)
    check_usart                              0x0800228d   Thumb Code   134  main.o(i.check_usart)
    i.dac_iic_ack                            0x08002330   Section        0  myiic.o(i.dac_iic_ack)
    i.dac_iic_init                           0x08002384   Section        0  myiic.o(i.dac_iic_init)
    i.dac_iic_nack                           0x080023d8   Section        0  myiic.o(i.dac_iic_nack)
    i.dac_iic_read_byte                      0x0800242c   Section        0  myiic.o(i.dac_iic_read_byte)
    i.dac_iic_send_byte                      0x080024a0   Section        0  myiic.o(i.dac_iic_send_byte)
    i.dac_iic_start                          0x0800255c   Section        0  myiic.o(i.dac_iic_start)
    i.dac_iic_stop                           0x080025ac   Section        0  myiic.o(i.dac_iic_stop)
    i.delay_init                             0x080025fc   Section        0  delay.o(i.delay_init)
    i.delay_ms                               0x08002640   Section        0  delay.o(i.delay_ms)
    i.delay_us                               0x0800268c   Section        0  delay.o(i.delay_us)
    i.key_state_tration                      0x080026d8   Section        0  main.o(i.key_state_tration)
    key_state_tration                        0x080026d9   Thumb Code    80  main.o(i.key_state_tration)
    i.main                                   0x08002738   Section        0  main.o(i.main)
    i.myabs                                  0x08002924   Section        0  control.o(i.myabs)
    i.read_dac_data0                         0x08002934   Section        0  myiic.o(i.read_dac_data0)
    i.uart_init                              0x08002978   Section        0  usart.o(i.uart_init)
    i.write_dac_data0                        0x08002a1c   Section        0  myiic.o(i.write_dac_data0)
    .data                                    0x20000000   Section       89  main.o(.data)
    .data                                    0x2000005c   Section       20  system_stm32f10x.o(.data)
    .data                                    0x20000070   Section      101  key.o(.data)
    key_up                                   0x200000d4   Data           1  key.o(.data)
    .data                                    0x200000d6   Section       82  control.o(.data)
    curr_encoder_b                           0x2000011c   Data           1  control.o(.data)
    Last_encoder_b                           0x2000011d   Data           1  control.o(.data)
    updata                                   0x2000011e   Data           1  control.o(.data)
    curr_encoder_2b                          0x2000011f   Data           1  control.o(.data)
    Last_encoder_2b                          0x20000120   Data           1  control.o(.data)
    updata2                                  0x20000121   Data           1  control.o(.data)
    curr_encoder_3b                          0x20000122   Data           1  control.o(.data)
    Last_encoder_3b                          0x20000123   Data           1  control.o(.data)
    updata3                                  0x20000124   Data           1  control.o(.data)
    curr_encoder_4b                          0x20000125   Data           1  control.o(.data)
    Last_encoder_4b                          0x20000126   Data           1  control.o(.data)
    updata4                                  0x20000127   Data           1  control.o(.data)
    .data                                    0x20000128   Section        4  dma.o(.data)
    .data                                    0x2000012c   Section        1  spiflash.o(.data)
    .data                                    0x2000012e   Section        4  delay.o(.data)
    fac_us                                   0x2000012e   Data           1  delay.o(.data)
    fac_ms                                   0x20000130   Data           2  delay.o(.data)
    .data                                    0x20000134   Section       14  usart.o(.data)
    .data                                    0x20000142   Section       20  stm32f10x_rcc.o(.data)
    APBAHBPrescTable                         0x20000142   Data          16  stm32f10x_rcc.o(.data)
    ADCPrescTable                            0x20000152   Data           4  stm32f10x_rcc.o(.data)
    .bss                                     0x20000158   Section       85  main.o(.bss)
    .bss                                     0x200001ae   Section      110  control.o(.bss)
    .bss                                     0x2000021c   Section       83  usart.o(.bss)
    .bss                                     0x20000270   Section       96  libspace.o(.bss)
    HEAP                                     0x200002d0   Section      512  startup_stm32f10x_hd.o(HEAP)
    Heap_Mem                                 0x200002d0   Data         512  startup_stm32f10x_hd.o(HEAP)
    STACK                                    0x200004d0   Section     1024  startup_stm32f10x_hd.o(STACK)
    Stack_Mem                                0x200004d0   Data        1024  startup_stm32f10x_hd.o(STACK)
    __initial_sp                             0x200008d0   Data           0  startup_stm32f10x_hd.o(STACK)

    Global Symbols

    Symbol Name                              Value     Ov Type        Size  Object(Section)

    BuildAttributes$$THM_ISAv4$P$D$K$B$S$PE$A:L22UL41UL21$X:L11$S22US41US21$IEEE1$IW$USESV6$~STKCKD$USESV7$~SHL$OSPACE$ROPI$EBA8$UX$STANDARDLIB$REQ8$PRES8$EABIv2 0x00000000   Number         0  anon$$obj.o ABSOLUTE
    __ARM_use_no_argv                        0x00000000   Number         0  main.o ABSOLUTE
    __ARM_exceptions_init                     - Undefined Weak Reference
    __alloca_initialize                       - Undefined Weak Reference
    __arm_preinit_                            - Undefined Weak Reference
    __cpp_initialize__aeabi_                  - Undefined Weak Reference
    __cxa_finalize                            - Undefined Weak Reference
    __rt_locale                               - Undefined Weak Reference
    __sigvec_lookup                           - Undefined Weak Reference
    _atexit_init                              - Undefined Weak Reference
    _call_atexit_fns                          - Undefined Weak Reference
    _clock_init                               - Undefined Weak Reference
    _fp_trap_init                             - Undefined Weak Reference
    _fp_trap_shutdown                         - Undefined Weak Reference
    _get_lc_collate                           - Undefined Weak Reference
    _get_lc_ctype                             - Undefined Weak Reference
    _get_lc_monetary                          - Undefined Weak Reference
    _get_lc_numeric                           - Undefined Weak Reference
    _get_lc_time                              - Undefined Weak Reference
    _getenv_init                              - Undefined Weak Reference
    _handle_redirection                       - Undefined Weak Reference
    _init_alloc                               - Undefined Weak Reference
    _init_user_alloc                          - Undefined Weak Reference
    _initio                                   - Undefined Weak Reference
    _rand_init                                - Undefined Weak Reference
    _signal_finish                            - Undefined Weak Reference
    _signal_init                              - Undefined Weak Reference
    _terminate_alloc                          - Undefined Weak Reference
    _terminate_user_alloc                     - Undefined Weak Reference
    _terminateio                              - Undefined Weak Reference
    __Vectors_Size                           0x00000130   Number         0  startup_stm32f10x_hd.o ABSOLUTE
    __Vectors                                0x08000000   Data           4  startup_stm32f10x_hd.o(RESET)
    __Vectors_End                            0x08000130   Data           0  startup_stm32f10x_hd.o(RESET)
    __main                                   0x08000131   Thumb Code     8  __main.o(!!!main)
    __scatterload                            0x08000139   Thumb Code     0  __scatter.o(!!!scatter)
    __scatterload_rt2                        0x08000139   Thumb Code    44  __scatter.o(!!!scatter)
    __scatterload_rt2_thumb_only             0x08000139   Thumb Code     0  __scatter.o(!!!scatter)
    __scatterload_null                       0x08000147   Thumb Code     0  __scatter.o(!!!scatter)
    __decompress                             0x0800016d   Thumb Code    90  __dczerorl2.o(!!dczerorl2)
    __decompress1                            0x0800016d   Thumb Code     0  __dczerorl2.o(!!dczerorl2)
    __scatterload_zeroinit                   0x080001c9   Thumb Code    28  __scatter_zi.o(!!handler_zi)
    __rt_lib_init                            0x080001e5   Thumb Code     0  libinit.o(.ARM.Collect$$libinit$$00000000)
    __rt_lib_init_alloca_1                   0x080001e7   Thumb Code     0  libinit2.o(.ARM.Collect$$libinit$$0000002E)
    __rt_lib_init_argv_1                     0x080001e7   Thumb Code     0  libinit2.o(.ARM.Collect$$libinit$$0000002C)
    __rt_lib_init_atexit_1                   0x080001e7   Thumb Code     0  libinit2.o(.ARM.Collect$$libinit$$0000001B)
    __rt_lib_init_clock_1                    0x080001e7   Thumb Code     0  libinit2.o(.ARM.Collect$$libinit$$00000021)
    __rt_lib_init_cpp_1                      0x080001e7   Thumb Code     0  libinit2.o(.ARM.Collect$$libinit$$00000032)
    __rt_lib_init_exceptions_1               0x080001e7   Thumb Code     0  libinit2.o(.ARM.Collect$$libinit$$00000030)
    __rt_lib_init_fp_1                       0x080001e7   Thumb Code     0  libinit2.o(.ARM.Collect$$libinit$$00000002)
    __rt_lib_init_fp_trap_1                  0x080001e7   Thumb Code     0  libinit2.o(.ARM.Collect$$libinit$$0000001F)
    __rt_lib_init_getenv_1                   0x080001e7   Thumb Code     0  libinit2.o(.ARM.Collect$$libinit$$00000023)
    __rt_lib_init_heap_1                     0x080001e7   Thumb Code     0  libinit2.o(.ARM.Collect$$libinit$$0000000A)
    __rt_lib_init_lc_collate_1               0x080001e7   Thumb Code     0  libinit2.o(.ARM.Collect$$libinit$$00000011)
    __rt_lib_init_lc_ctype_1                 0x080001e7   Thumb Code     0  libinit2.o(.ARM.Collect$$libinit$$00000013)
    __rt_lib_init_lc_monetary_1              0x080001e7   Thumb Code     0  libinit2.o(.ARM.Collect$$libinit$$00000015)
    __rt_lib_init_lc_numeric_1               0x080001e7   Thumb Code     0  libinit2.o(.ARM.Collect$$libinit$$00000017)
    __rt_lib_init_lc_time_1                  0x080001e7   Thumb Code     0  libinit2.o(.ARM.Collect$$libinit$$00000019)
    __rt_lib_init_preinit_1                  0x080001e7   Thumb Code     0  libinit2.o(.ARM.Collect$$libinit$$00000004)
    __rt_lib_init_rand_1                     0x080001e7   Thumb Code     0  libinit2.o(.ARM.Collect$$libinit$$0000000E)
    __rt_lib_init_return                     0x080001e7   Thumb Code     0  libinit2.o(.ARM.Collect$$libinit$$00000033)
    __rt_lib_init_signal_1                   0x080001e7   Thumb Code     0  libinit2.o(.ARM.Collect$$libinit$$0000001D)
    __rt_lib_init_stdio_1                    0x080001e7   Thumb Code     0  libinit2.o(.ARM.Collect$$libinit$$00000025)
    __rt_lib_init_user_alloc_1               0x080001e7   Thumb Code     0  libinit2.o(.ARM.Collect$$libinit$$0000000C)
    __rt_lib_shutdown                        0x080001e9   Thumb Code     0  libshutdown.o(.ARM.Collect$$libshutdown$$00000000)
    __rt_lib_shutdown_fp_trap_1              0x080001eb   Thumb Code     0  libshutdown2.o(.ARM.Collect$$libshutdown$$00000006)
    __rt_lib_shutdown_heap_1                 0x080001eb   Thumb Code     0  libshutdown2.o(.ARM.Collect$$libshutdown$$0000000E)
    __rt_lib_shutdown_return                 0x080001eb   Thumb Code     0  libshutdown2.o(.ARM.Collect$$libshutdown$$0000000F)
    __rt_lib_shutdown_signal_1               0x080001eb   Thumb Code     0  libshutdown2.o(.ARM.Collect$$libshutdown$$00000009)
    __rt_lib_shutdown_stdio_1                0x080001eb   Thumb Code     0  libshutdown2.o(.ARM.Collect$$libshutdown$$00000003)
    __rt_lib_shutdown_user_alloc_1           0x080001eb   Thumb Code     0  libshutdown2.o(.ARM.Collect$$libshutdown$$0000000B)
    __rt_entry                               0x080001ed   Thumb Code     0  __rtentry.o(.ARM.Collect$$rtentry$$00000000)
    __rt_entry_presh_1                       0x080001ed   Thumb Code     0  __rtentry2.o(.ARM.Collect$$rtentry$$00000002)
    __rt_entry_sh                            0x080001ed   Thumb Code     0  __rtentry4.o(.ARM.Collect$$rtentry$$00000004)
    __rt_entry_li                            0x080001f3   Thumb Code     0  __rtentry2.o(.ARM.Collect$$rtentry$$0000000A)
    __rt_entry_postsh_1                      0x080001f3   Thumb Code     0  __rtentry2.o(.ARM.Collect$$rtentry$$00000009)
    __rt_entry_main                          0x080001f7   Thumb Code     0  __rtentry2.o(.ARM.Collect$$rtentry$$0000000D)
    __rt_entry_postli_1                      0x080001f7   Thumb Code     0  __rtentry2.o(.ARM.Collect$$rtentry$$0000000C)
    __rt_exit                                0x080001ff   Thumb Code     0  rtexit.o(.ARM.Collect$$rtexit$$00000000)
    __rt_exit_ls                             0x08000201   Thumb Code     0  rtexit2.o(.ARM.Collect$$rtexit$$00000003)
    __rt_exit_prels_1                        0x08000201   Thumb Code     0  rtexit2.o(.ARM.Collect$$rtexit$$00000002)
    __rt_exit_exit                           0x08000205   Thumb Code     0  rtexit2.o(.ARM.Collect$$rtexit$$00000004)
    Reset_Handler                            0x0800020d   Thumb Code     8  startup_stm32f10x_hd.o(.text)
    ADC1_2_IRQHandler                        0x08000227   Thumb Code     0  startup_stm32f10x_hd.o(.text)
    ADC3_IRQHandler                          0x08000227   Thumb Code     0  startup_stm32f10x_hd.o(.text)
    CAN1_RX1_IRQHandler                      0x08000227   Thumb Code     0  startup_stm32f10x_hd.o(.text)
    CAN1_SCE_IRQHandler                      0x08000227   Thumb Code     0  startup_stm32f10x_hd.o(.text)
    DMA1_Channel1_IRQHandler                 0x08000227   Thumb Code     0  startup_stm32f10x_hd.o(.text)
    DMA1_Channel2_IRQHandler                 0x08000227   Thumb Code     0  startup_stm32f10x_hd.o(.text)
    DMA1_Channel3_IRQHandler                 0x08000227   Thumb Code     0  startup_stm32f10x_hd.o(.text)
    DMA1_Channel5_IRQHandler                 0x08000227   Thumb Code     0  startup_stm32f10x_hd.o(.text)
    DMA1_Channel6_IRQHandler                 0x08000227   Thumb Code     0  startup_stm32f10x_hd.o(.text)
    DMA1_Channel7_IRQHandler                 0x08000227   Thumb Code     0  startup_stm32f10x_hd.o(.text)
    DMA2_Channel1_IRQHandler                 0x08000227   Thumb Code     0  startup_stm32f10x_hd.o(.text)
    DMA2_Channel2_IRQHandler                 0x08000227   Thumb Code     0  startup_stm32f10x_hd.o(.text)
    DMA2_Channel3_IRQHandler                 0x08000227   Thumb Code     0  startup_stm32f10x_hd.o(.text)
    DMA2_Channel4_5_IRQHandler               0x08000227   Thumb Code     0  startup_stm32f10x_hd.o(.text)
    EXTI0_IRQHandler                         0x08000227   Thumb Code     0  startup_stm32f10x_hd.o(.text)
    EXTI15_10_IRQHandler                     0x08000227   Thumb Code     0  startup_stm32f10x_hd.o(.text)
    EXTI1_IRQHandler                         0x08000227   Thumb Code     0  startup_stm32f10x_hd.o(.text)
    EXTI2_IRQHandler                         0x08000227   Thumb Code     0  startup_stm32f10x_hd.o(.text)
    EXTI3_IRQHandler                         0x08000227   Thumb Code     0  startup_stm32f10x_hd.o(.text)
    EXTI4_IRQHandler                         0x08000227   Thumb Code     0  startup_stm32f10x_hd.o(.text)
    EXTI9_5_IRQHandler                       0x08000227   Thumb Code     0  startup_stm32f10x_hd.o(.text)
    FLASH_IRQHandler                         0x08000227   Thumb Code     0  startup_stm32f10x_hd.o(.text)
    FSMC_IRQHandler                          0x08000227   Thumb Code     0  startup_stm32f10x_hd.o(.text)
    I2C1_ER_IRQHandler                       0x08000227   Thumb Code     0  startup_stm32f10x_hd.o(.text)
    I2C1_EV_IRQHandler                       0x08000227   Thumb Code     0  startup_stm32f10x_hd.o(.text)
    I2C2_ER_IRQHandler                       0x08000227   Thumb Code     0  startup_stm32f10x_hd.o(.text)
    I2C2_EV_IRQHandler                       0x08000227   Thumb Code     0  startup_stm32f10x_hd.o(.text)
    PVD_IRQHandler                           0x08000227   Thumb Code     0  startup_stm32f10x_hd.o(.text)
    RCC_IRQHandler                           0x08000227   Thumb Code     0  startup_stm32f10x_hd.o(.text)
    RTCAlarm_IRQHandler                      0x08000227   Thumb Code     0  startup_stm32f10x_hd.o(.text)
    RTC_IRQHandler                           0x08000227   Thumb Code     0  startup_stm32f10x_hd.o(.text)
    SDIO_IRQHandler                          0x08000227   Thumb Code     0  startup_stm32f10x_hd.o(.text)
    SPI1_IRQHandler                          0x08000227   Thumb Code     0  startup_stm32f10x_hd.o(.text)
    SPI2_IRQHandler                          0x08000227   Thumb Code     0  startup_stm32f10x_hd.o(.text)
    SPI3_IRQHandler                          0x08000227   Thumb Code     0  startup_stm32f10x_hd.o(.text)
    TAMPER_IRQHandler                        0x08000227   Thumb Code     0  startup_stm32f10x_hd.o(.text)
    TIM1_BRK_IRQHandler                      0x08000227   Thumb Code     0  startup_stm32f10x_hd.o(.text)
    TIM1_CC_IRQHandler                       0x08000227   Thumb Code     0  startup_stm32f10x_hd.o(.text)
    TIM1_TRG_COM_IRQHandler                  0x08000227   Thumb Code     0  startup_stm32f10x_hd.o(.text)
    TIM1_UP_IRQHandler                       0x08000227   Thumb Code     0  startup_stm32f10x_hd.o(.text)
    TIM2_IRQHandler                          0x08000227   Thumb Code     0  startup_stm32f10x_hd.o(.text)
    TIM3_IRQHandler                          0x08000227   Thumb Code     0  startup_stm32f10x_hd.o(.text)
    TIM4_IRQHandler                          0x08000227   Thumb Code     0  startup_stm32f10x_hd.o(.text)
    TIM5_IRQHandler                          0x08000227   Thumb Code     0  startup_stm32f10x_hd.o(.text)
    TIM6_IRQHandler                          0x08000227   Thumb Code     0  startup_stm32f10x_hd.o(.text)
    TIM7_IRQHandler                          0x08000227   Thumb Code     0  startup_stm32f10x_hd.o(.text)
    TIM8_BRK_IRQHandler                      0x08000227   Thumb Code     0  startup_stm32f10x_hd.o(.text)
    TIM8_CC_IRQHandler                       0x08000227   Thumb Code     0  startup_stm32f10x_hd.o(.text)
    TIM8_TRG_COM_IRQHandler                  0x08000227   Thumb Code     0  startup_stm32f10x_hd.o(.text)
    TIM8_UP_IRQHandler                       0x08000227   Thumb Code     0  startup_stm32f10x_hd.o(.text)
    UART4_IRQHandler                         0x08000227   Thumb Code     0  startup_stm32f10x_hd.o(.text)
    UART5_IRQHandler                         0x08000227   Thumb Code     0  startup_stm32f10x_hd.o(.text)
    USART2_IRQHandler                        0x08000227   Thumb Code     0  startup_stm32f10x_hd.o(.text)
    USART3_IRQHandler                        0x08000227   Thumb Code     0  startup_stm32f10x_hd.o(.text)
    USBWakeUp_IRQHandler                     0x08000227   Thumb Code     0  startup_stm32f10x_hd.o(.text)
    USB_HP_CAN1_TX_IRQHandler                0x08000227   Thumb Code     0  startup_stm32f10x_hd.o(.text)
    USB_LP_CAN1_RX0_IRQHandler               0x08000227   Thumb Code     0  startup_stm32f10x_hd.o(.text)
    WWDG_IRQHandler                          0x08000227   Thumb Code     0  startup_stm32f10x_hd.o(.text)
    __user_initial_stackheap                 0x08000229   Thumb Code     0  startup_stm32f10x_hd.o(.text)
    __use_no_semihosting                     0x0800024d   Thumb Code     2  use_no_semi_2.o(.text)
    __use_two_region_memory                  0x0800024f   Thumb Code     2  heapauxi.o(.text)
    __rt_heap_escrow$2region                 0x08000251   Thumb Code     2  heapauxi.o(.text)
    __rt_heap_expand$2region                 0x08000253   Thumb Code     2  heapauxi.o(.text)
    __I$use$semihosting                      0x08000255   Thumb Code     0  use_no_semi.o(.text)
    __use_no_semihosting_swi                 0x08000255   Thumb Code     2  use_no_semi.o(.text)
    __user_setup_stackheap                   0x08000257   Thumb Code    74  sys_stackheap_outer.o(.text)
    exit                                     0x080002a1   Thumb Code    12  exit.o(.text)
    __user_libspace                          0x080002ad   Thumb Code     8  libspace.o(.text)
    __user_perproc_libspace                  0x080002ad   Thumb Code     0  libspace.o(.text)
    __user_perthread_libspace                0x080002ad   Thumb Code     0  libspace.o(.text)
    ADC_Cmd                                  0x080002b5   Thumb Code    22  stm32f10x_adc.o(i.ADC_Cmd)
    ADC_DeInit                               0x080002cd   Thumb Code    78  stm32f10x_adc.o(i.ADC_DeInit)
    ADC_GetCalibrationStatus                 0x08000329   Thumb Code    20  stm32f10x_adc.o(i.ADC_GetCalibrationStatus)
    ADC_GetConversionValue                   0x0800033d   Thumb Code     8  stm32f10x_adc.o(i.ADC_GetConversionValue)
    ADC_GetFlagStatus                        0x08000345   Thumb Code    18  stm32f10x_adc.o(i.ADC_GetFlagStatus)
    ADC_GetResetCalibrationStatus            0x08000357   Thumb Code    20  stm32f10x_adc.o(i.ADC_GetResetCalibrationStatus)
    ADC_Init                                 0x0800036d   Thumb Code    70  stm32f10x_adc.o(i.ADC_Init)
    ADC_RegularChannelConfig                 0x080003bd   Thumb Code   184  stm32f10x_adc.o(i.ADC_RegularChannelConfig)
    ADC_ResetCalibration                     0x08000475   Thumb Code    10  stm32f10x_adc.o(i.ADC_ResetCalibration)
    ADC_SoftwareStartConvCmd                 0x0800047f   Thumb Code    22  stm32f10x_adc.o(i.ADC_SoftwareStartConvCmd)
    ADC_StartCalibration                     0x08000495   Thumb Code    10  stm32f10x_adc.o(i.ADC_StartCalibration)
    Adc_Init                                 0x080004a1   Thumb Code   308  adc.o(i.Adc_Init)
    BusFault_Handler                         0x080005ed   Thumb Code     4  stm32f10x_it.o(i.BusFault_Handler)
    DMA1_Channel4_IRQHandler                 0x080005f1   Thumb Code    26  dma.o(i.DMA1_Channel4_IRQHandler)
    DMA_ClearITPendingBit                    0x08000611   Thumb Code    18  stm32f10x_dma.o(i.DMA_ClearITPendingBit)
    DMA_Cmd                                  0x0800062d   Thumb Code    24  stm32f10x_dma.o(i.DMA_Cmd)
    DMA_DeInit                               0x08000645   Thumb Code   324  stm32f10x_dma.o(i.DMA_DeInit)
    DMA_GetITStatus                          0x08000791   Thumb Code    36  stm32f10x_dma.o(i.DMA_GetITStatus)
    DMA_ITConfig                             0x080007bd   Thumb Code    18  stm32f10x_dma.o(i.DMA_ITConfig)
    DMA_Init                                 0x080007cf   Thumb Code    60  stm32f10x_dma.o(i.DMA_Init)
    DMA_SetCurrDataCounter                   0x0800080b   Thumb Code     4  stm32f10x_dma.o(i.DMA_SetCurrDataCounter)
    DSP_Reset_Init                           0x08000811   Thumb Code    76  spiflash.o(i.DSP_Reset_Init)
    DebugMon_Handler                         0x08000861   Thumb Code     2  stm32f10x_it.o(i.DebugMon_Handler)
    DelayUs                                  0x08000863   Thumb Code    12  spiflash.o(i.DelayUs)
    ENCODER_SW_1                             0x08000871   Thumb Code   208  control.o(i.ENCODER_SW_1)
    ENCODER_SW_2                             0x0800095d   Thumb Code   208  control.o(i.ENCODER_SW_2)
    ENCODER_SW_3                             0x08000a49   Thumb Code   208  control.o(i.ENCODER_SW_3)
    ENCODER_SW_4                             0x08000b35   Thumb Code   208  control.o(i.ENCODER_SW_4)
    GPIO_Init                                0x08000c25   Thumb Code   278  stm32f10x_gpio.o(i.GPIO_Init)
    GPIO_PinRemapConfig                      0x08000d3d   Thumb Code   138  stm32f10x_gpio.o(i.GPIO_PinRemapConfig)
    GPIO_ResetBits                           0x08000dcd   Thumb Code     4  stm32f10x_gpio.o(i.GPIO_ResetBits)
    GPIO_SetBits                             0x08000dd1   Thumb Code     4  stm32f10x_gpio.o(i.GPIO_SetBits)
    Get_Adc                                  0x08000dd5   Thumb Code    60  adc.o(i.Get_Adc)
    Get_Adc_Average                          0x08000e11   Thumb Code    50  adc.o(i.Get_Adc_Average)
    HardFault_Handler                        0x08000e43   Thumb Code     4  stm32f10x_it.o(i.HardFault_Handler)
    KEY_Init                                 0x08000e49   Thumb Code   148  key.o(i.KEY_Init)
    KEY_Scan                                 0x08000ef5   Thumb Code   628  key.o(i.KEY_Scan)
    KOGNZHI_1                                0x08001189   Thumb Code   586  control.o(i.KOGNZHI_1)
    LED_Def                                  0x08001441   Thumb Code    88  led.o(i.LED_Def)
    LED_Init                                 0x080014a1   Thumb Code    78  led.o(i.LED_Init)
    LED_bright_one                           0x080014fd   Thumb Code   100  led.o(i.LED_bright_one)
    MYDMA_Config                             0x08001569   Thumb Code   126  dma.o(i.MYDMA_Config)
    MYDMA_Enable                             0x080015ed   Thumb Code    44  dma.o(i.MYDMA_Enable)
    MemManage_Handler                        0x08001621   Thumb Code     4  stm32f10x_it.o(i.MemManage_Handler)
    NMI_Handler                              0x08001625   Thumb Code     2  stm32f10x_it.o(i.NMI_Handler)
    NVIC_Init                                0x08001629   Thumb Code   100  misc.o(i.NVIC_Init)
    NVIC_PriorityGroupConfig                 0x08001699   Thumb Code    10  misc.o(i.NVIC_PriorityGroupConfig)
    PWR_BackupAccessCmd                      0x080016ad   Thumb Code     6  stm32f10x_pwr.o(i.PWR_BackupAccessCmd)
    PendSV_Handler                           0x080016b9   Thumb Code     2  stm32f10x_it.o(i.PendSV_Handler)
    RCC_ADCCLKConfig                         0x080016bd   Thumb Code    18  stm32f10x_rcc.o(i.RCC_ADCCLKConfig)
    RCC_AHBPeriphClockCmd                    0x080016d5   Thumb Code    26  stm32f10x_rcc.o(i.RCC_AHBPeriphClockCmd)
    RCC_APB2PeriphClockCmd                   0x080016f5   Thumb Code    26  stm32f10x_rcc.o(i.RCC_APB2PeriphClockCmd)
    RCC_APB2PeriphResetCmd                   0x08001715   Thumb Code    26  stm32f10x_rcc.o(i.RCC_APB2PeriphResetCmd)
    RCC_GetClocksFreq                        0x08001735   Thumb Code   192  stm32f10x_rcc.o(i.RCC_GetClocksFreq)
    RCC_LSEConfig                            0x08001809   Thumb Code    46  stm32f10x_rcc.o(i.RCC_LSEConfig)
    SPI_DSP_CODE_Init                        0x0800183d   Thumb Code   208  spiflash.o(i.SPI_DSP_CODE_Init)
    SVC_Handler                              0x08001919   Thumb Code     2  stm32f10x_it.o(i.SVC_Handler)
    SendBuff_Init                            0x0800191d   Thumb Code   412  control.o(i.SendBuff_Init)
    SysTick_CLKSourceConfig                  0x08001c15   Thumb Code    40  misc.o(i.SysTick_CLKSourceConfig)
    SysTick_Handler                          0x08001c3d   Thumb Code     2  stm32f10x_it.o(i.SysTick_Handler)
    SystemInit                               0x08001c41   Thumb Code    78  system_stm32f10x.o(i.SystemInit)
    USART1_IRQHandler                        0x08001ca1   Thumb Code   240  usart.o(i.USART1_IRQHandler)
    USART_Cmd                                0x08001da5   Thumb Code    24  stm32f10x_usart.o(i.USART_Cmd)
    USART_DMACmd                             0x08001dbd   Thumb Code    18  stm32f10x_usart.o(i.USART_DMACmd)
    USART_GetFlagStatus                      0x08001dcf   Thumb Code    26  stm32f10x_usart.o(i.USART_GetFlagStatus)
    USART_GetITStatus                        0x08001de9   Thumb Code    84  stm32f10x_usart.o(i.USART_GetITStatus)
    USART_ITConfig                           0x08001e3d   Thumb Code    74  stm32f10x_usart.o(i.USART_ITConfig)
    USART_Init                               0x08001e89   Thumb Code   210  stm32f10x_usart.o(i.USART_Init)
    USART_Light                              0x08001f61   Thumb Code   750  control.o(i.USART_Light)
    USART_ReceiveData                        0x08002259   Thumb Code    10  stm32f10x_usart.o(i.USART_ReceiveData)
    USART_check                              0x08002265   Thumb Code    24  control.o(i.USART_check)
    UsageFault_Handler                       0x08002281   Thumb Code     4  stm32f10x_it.o(i.UsageFault_Handler)
    _sys_exit                                0x08002285   Thumb Code     6  usart.o(i._sys_exit)
    dac_iic_ack                              0x08002331   Thumb Code    66  myiic.o(i.dac_iic_ack)
    dac_iic_init                             0x08002385   Thumb Code    66  myiic.o(i.dac_iic_init)
    dac_iic_nack                             0x080023d9   Thumb Code    66  myiic.o(i.dac_iic_nack)
    dac_iic_read_byte                        0x0800242d   Thumb Code    98  myiic.o(i.dac_iic_read_byte)
    dac_iic_send_byte                        0x080024a1   Thumb Code   172  myiic.o(i.dac_iic_send_byte)
    dac_iic_start                            0x0800255d   Thumb Code    64  myiic.o(i.dac_iic_start)
    dac_iic_stop                             0x080025ad   Thumb Code    62  myiic.o(i.dac_iic_stop)
    delay_init                               0x080025fd   Thumb Code    50  delay.o(i.delay_init)
    delay_ms                                 0x08002641   Thumb Code    72  delay.o(i.delay_ms)
    delay_us                                 0x0800268d   Thumb Code    72  delay.o(i.delay_us)
    main                                     0x08002739   Thumb Code   434  main.o(i.main)
    myabs                                    0x08002925   Thumb Code    16  control.o(i.myabs)
    read_dac_data0                           0x08002935   Thumb Code    66  myiic.o(i.read_dac_data0)
    uart_init                                0x08002979   Thumb Code   154  usart.o(i.uart_init)
    write_dac_data0                          0x08002a1d   Thumb Code    68  myiic.o(i.write_dac_data0)
    Region$$Table$$Base                      0x08002a60   Number         0  anon$$obj.o(Region$$Table)
    Region$$Table$$Limit                     0x08002a80   Number         0  anon$$obj.o(Region$$Table)
    Key_Led                                  0x20000000   Data          81  main.o(.data)
    debug_value_1                            0x20000051   Data           1  main.o(.data)
    debug_value_2                            0x20000052   Data           1  main.o(.data)
    debug_value_3                            0x20000053   Data           1  main.o(.data)
    debug_value_4                            0x20000054   Data           1  main.o(.data)
    debug_value_5                            0x20000055   Data           1  main.o(.data)
    debug_value_6                            0x20000056   Data           1  main.o(.data)
    debug_value_7                            0x20000057   Data           1  main.o(.data)
    KEY_STATE                                0x20000058   Data           1  main.o(.data)
    SystemCoreClock                          0x2000005c   Data           4  system_stm32f10x.o(.data)
    AHBPrescTable                            0x20000060   Data          16  system_stm32f10x.o(.data)
    anjian                                   0x20000070   Data         100  key.o(.data)
    KeyValue                                 0x200000d6   Data           1  control.o(.data)
    Fader_ADC_Value_1                        0x200000d8   Data           2  control.o(.data)
    Fader_ADC_Value_2                        0x200000da   Data           2  control.o(.data)
    Fader_ADC_Value_3                        0x200000dc   Data           2  control.o(.data)
    Fader_ADC_Value_4                        0x200000de   Data           2  control.o(.data)
    Fader_ADC_Value_5                        0x200000e0   Data           2  control.o(.data)
    Fader_ADC_Value_6                        0x200000e2   Data           2  control.o(.data)
    Fader_ADC_Value_7                        0x200000e4   Data           2  control.o(.data)
    Fader_ADC_Value_8                        0x200000e6   Data           2  control.o(.data)
    Fader_ADC_Value_9                        0x200000e8   Data           2  control.o(.data)
    Fader_ADC_Value_10                       0x200000ea   Data           2  control.o(.data)
    Fader_ADC_Value_11                       0x200000ec   Data           2  control.o(.data)
    Fader_ADC_Value_12                       0x200000ee   Data           2  control.o(.data)
    Fader_ADC_Value_13                       0x200000f0   Data           2  control.o(.data)
    Fader_ADC_Value_14                       0x200000f2   Data           2  control.o(.data)
    Fader_ADC_Value_15                       0x200000f4   Data           2  control.o(.data)
    Fader_ADC_Value_16                       0x200000f6   Data           2  control.o(.data)
    Fader_ADC_Value_17                       0x200000f8   Data           2  control.o(.data)
    Fader_ADC_Value_18                       0x200000fa   Data           2  control.o(.data)
    Fader_ADC_Value_19                       0x200000fc   Data           2  control.o(.data)
    Fader_ADC_Value_20                       0x200000fe   Data           2  control.o(.data)
    Fader_ADC_Value_21                       0x20000100   Data           2  control.o(.data)
    Fader_ADC_Value_22                       0x20000102   Data           2  control.o(.data)
    ES1_A_Old                                0x20000104   Data           1  control.o(.data)
    ES2_A_Old                                0x20000105   Data           1  control.o(.data)
    ES3_A_Old                                0x20000106   Data           1  control.o(.data)
    ES4_A_Old                                0x20000107   Data           1  control.o(.data)
    ES1_B_Old                                0x20000108   Data           1  control.o(.data)
    ES2_B_Old                                0x20000109   Data           1  control.o(.data)
    ES3_B_Old                                0x2000010a   Data           1  control.o(.data)
    ES4_B_Old                                0x2000010b   Data           1  control.o(.data)
    ES1_Flag                                 0x2000010c   Data           1  control.o(.data)
    ES2_Flag                                 0x2000010d   Data           1  control.o(.data)
    ES3_Flag                                 0x2000010e   Data           1  control.o(.data)
    ES4_Flag                                 0x2000010f   Data           1  control.o(.data)
    ES1_Flag_zuo                             0x20000110   Data           1  control.o(.data)
    ES1_Flag_you                             0x20000111   Data           1  control.o(.data)
    ES2_Flag_zuo                             0x20000112   Data           1  control.o(.data)
    ES2_Flag_you                             0x20000113   Data           1  control.o(.data)
    ES3_Flag_zuo                             0x20000114   Data           1  control.o(.data)
    ES3_Flag_you                             0x20000115   Data           1  control.o(.data)
    ES4_Flag_zuo                             0x20000116   Data           1  control.o(.data)
    ES4_Flag_you                             0x20000117   Data           1  control.o(.data)
    ENCODER_Value_1                          0x20000118   Data           1  control.o(.data)
    ENCODER_Value_2                          0x20000119   Data           1  control.o(.data)
    ENCODER_Value_3                          0x2000011a   Data           1  control.o(.data)
    ENCODER_Value_4                          0x2000011b   Data           1  control.o(.data)
    DMA1_MEM_LEN                             0x20000128   Data           2  dma.o(.data)
    biaozhi                                  0x2000012a   Data           1  dma.o(.data)
    biaozhi1                                 0x2000012b   Data           1  dma.o(.data)
    Select_DSP                               0x2000012c   Data           1  spiflash.o(.data)
    check                                    0x20000134   Data           1  usart.o(.data)
    check_sum                                0x20000135   Data           1  usart.o(.data)
    USART_jiaoyan                            0x20000136   Data           1  usart.o(.data)
    g_usart_curstate                         0x20000137   Data           1  usart.o(.data)
    USART_RX_BUF_STATE                       0x20000138   Data           1  usart.o(.data)
    __stdout                                 0x2000013c   Data           4  usart.o(.data)
    USART_RX_STA                             0x20000140   Data           2  usart.o(.data)
    Key_State                                0x20000158   Data          85  main.o(.bss)
    HC595                                    0x200001ae   Data          10  control.o(.bss)
    SendBuff                                 0x200001b8   Data          53  control.o(.bss)
    Fader_ADC_Value_last                     0x200001ee   Data          46  control.o(.bss)
    USART_RX_BUF                             0x2000021c   Data          83  usart.o(.bss)
    __libspace_start                         0x20000270   Data          96  libspace.o(.bss)
    __temporary_stack_top$libspace           0x200002d0   Data           0  libspace.o(.bss)



==============================================================================

Memory Map of the image

  Image Entry point : 0x0800020d

  Load Region LR_1 (Base: 0x08000000, Size: 0x00002bd8, Max: 0xffffffff, ABSOLUTE, COMPRESSED[0x00002b14])

    Execution Region ER_RO (Base: 0x08000000, Size: 0x00002a80, Max: 0xffffffff, ABSOLUTE)

    Base Addr    Size         Type   Attr      Idx    E Section Name        Object

    0x08000000   0x00000130   Data   RO          751    RESET               startup_stm32f10x_hd.o
    0x08000130   0x00000008   Code   RO         1670  * !!!main             c_w.l(__main.o)
    0x08000138   0x00000034   Code   RO         1826    !!!scatter          c_w.l(__scatter.o)
    0x0800016c   0x0000005a   Code   RO         1824    !!dczerorl2         c_w.l(__dczerorl2.o)
    0x080001c6   0x00000002   PAD
    0x080001c8   0x0000001c   Code   RO         1828    !!handler_zi        c_w.l(__scatter_zi.o)
    0x080001e4   0x00000002   Code   RO         1699    .ARM.Collect$$libinit$$00000000  c_w.l(libinit.o)
    0x080001e6   0x00000000   Code   RO         1706    .ARM.Collect$$libinit$$00000002  c_w.l(libinit2.o)
    0x080001e6   0x00000000   Code   RO         1708    .ARM.Collect$$libinit$$00000004  c_w.l(libinit2.o)
    0x080001e6   0x00000000   Code   RO         1711    .ARM.Collect$$libinit$$0000000A  c_w.l(libinit2.o)
    0x080001e6   0x00000000   Code   RO         1713    .ARM.Collect$$libinit$$0000000C  c_w.l(libinit2.o)
    0x080001e6   0x00000000   Code   RO         1715    .ARM.Collect$$libinit$$0000000E  c_w.l(libinit2.o)
    0x080001e6   0x00000000   Code   RO         1718    .ARM.Collect$$libinit$$00000011  c_w.l(libinit2.o)
    0x080001e6   0x00000000   Code   RO         1720    .ARM.Collect$$libinit$$00000013  c_w.l(libinit2.o)
    0x080001e6   0x00000000   Code   RO         1722    .ARM.Collect$$libinit$$00000015  c_w.l(libinit2.o)
    0x080001e6   0x00000000   Code   RO         1724    .ARM.Collect$$libinit$$00000017  c_w.l(libinit2.o)
    0x080001e6   0x00000000   Code   RO         1726    .ARM.Collect$$libinit$$00000019  c_w.l(libinit2.o)
    0x080001e6   0x00000000   Code   RO         1728    .ARM.Collect$$libinit$$0000001B  c_w.l(libinit2.o)
    0x080001e6   0x00000000   Code   RO         1730    .ARM.Collect$$libinit$$0000001D  c_w.l(libinit2.o)
    0x080001e6   0x00000000   Code   RO         1732    .ARM.Collect$$libinit$$0000001F  c_w.l(libinit2.o)
    0x080001e6   0x00000000   Code   RO         1734    .ARM.Collect$$libinit$$00000021  c_w.l(libinit2.o)
    0x080001e6   0x00000000   Code   RO         1736    .ARM.Collect$$libinit$$00000023  c_w.l(libinit2.o)
    0x080001e6   0x00000000   Code   RO         1738    .ARM.Collect$$libinit$$00000025  c_w.l(libinit2.o)
    0x080001e6   0x00000000   Code   RO         1742    .ARM.Collect$$libinit$$0000002C  c_w.l(libinit2.o)
    0x080001e6   0x00000000   Code   RO         1744    .ARM.Collect$$libinit$$0000002E  c_w.l(libinit2.o)
    0x080001e6   0x00000000   Code   RO         1746    .ARM.Collect$$libinit$$00000030  c_w.l(libinit2.o)
    0x080001e6   0x00000000   Code   RO         1748    .ARM.Collect$$libinit$$00000032  c_w.l(libinit2.o)
    0x080001e6   0x00000002   Code   RO         1749    .ARM.Collect$$libinit$$00000033  c_w.l(libinit2.o)
    0x080001e8   0x00000002   Code   RO         1767    .ARM.Collect$$libshutdown$$00000000  c_w.l(libshutdown.o)
    0x080001ea   0x00000000   Code   RO         1778    .ARM.Collect$$libshutdown$$00000003  c_w.l(libshutdown2.o)
    0x080001ea   0x00000000   Code   RO         1781    .ARM.Collect$$libshutdown$$00000006  c_w.l(libshutdown2.o)
    0x080001ea   0x00000000   Code   RO         1784    .ARM.Collect$$libshutdown$$00000009  c_w.l(libshutdown2.o)
    0x080001ea   0x00000000   Code   RO         1786    .ARM.Collect$$libshutdown$$0000000B  c_w.l(libshutdown2.o)
    0x080001ea   0x00000000   Code   RO         1789    .ARM.Collect$$libshutdown$$0000000E  c_w.l(libshutdown2.o)
    0x080001ea   0x00000002   Code   RO         1790    .ARM.Collect$$libshutdown$$0000000F  c_w.l(libshutdown2.o)
    0x080001ec   0x00000000   Code   RO         1674    .ARM.Collect$$rtentry$$00000000  c_w.l(__rtentry.o)
    0x080001ec   0x00000000   Code   RO         1676    .ARM.Collect$$rtentry$$00000002  c_w.l(__rtentry2.o)
    0x080001ec   0x00000006   Code   RO         1688    .ARM.Collect$$rtentry$$00000004  c_w.l(__rtentry4.o)
    0x080001f2   0x00000000   Code   RO         1678    .ARM.Collect$$rtentry$$00000009  c_w.l(__rtentry2.o)
    0x080001f2   0x00000004   Code   RO         1679    .ARM.Collect$$rtentry$$0000000A  c_w.l(__rtentry2.o)
    0x080001f6   0x00000000   Code   RO         1681    .ARM.Collect$$rtentry$$0000000C  c_w.l(__rtentry2.o)
    0x080001f6   0x00000008   Code   RO         1682    .ARM.Collect$$rtentry$$0000000D  c_w.l(__rtentry2.o)
    0x080001fe   0x00000002   Code   RO         1703    .ARM.Collect$$rtexit$$00000000  c_w.l(rtexit.o)
    0x08000200   0x00000000   Code   RO         1751    .ARM.Collect$$rtexit$$00000002  c_w.l(rtexit2.o)
    0x08000200   0x00000004   Code   RO         1752    .ARM.Collect$$rtexit$$00000003  c_w.l(rtexit2.o)
    0x08000204   0x00000006   Code   RO         1753    .ARM.Collect$$rtexit$$00000004  c_w.l(rtexit2.o)
    0x0800020a   0x00000002   PAD
    0x0800020c   0x00000040   Code   RO          752  * .text               startup_stm32f10x_hd.o
    0x0800024c   0x00000002   Code   RO         1666    .text               c_w.l(use_no_semi_2.o)
    0x0800024e   0x00000006   Code   RO         1668    .text               c_w.l(heapauxi.o)
    0x08000254   0x00000002   Code   RO         1672    .text               c_w.l(use_no_semi.o)
    0x08000256   0x0000004a   Code   RO         1690    .text               c_w.l(sys_stackheap_outer.o)
    0x080002a0   0x0000000c   Code   RO         1692    .text               c_w.l(exit.o)
    0x080002ac   0x00000008   Code   RO         1700    .text               c_w.l(libspace.o)
    0x080002b4   0x00000016   Code   RO         1316    i.ADC_Cmd           stm32f10x_adc.o
    0x080002ca   0x00000002   PAD
    0x080002cc   0x0000005c   Code   RO         1318    i.ADC_DeInit        stm32f10x_adc.o
    0x08000328   0x00000014   Code   RO         1324    i.ADC_GetCalibrationStatus  stm32f10x_adc.o
    0x0800033c   0x00000008   Code   RO         1325    i.ADC_GetConversionValue  stm32f10x_adc.o
    0x08000344   0x00000012   Code   RO         1327    i.ADC_GetFlagStatus  stm32f10x_adc.o
    0x08000356   0x00000014   Code   RO         1330    i.ADC_GetResetCalibrationStatus  stm32f10x_adc.o
    0x0800036a   0x00000002   PAD
    0x0800036c   0x00000050   Code   RO         1334    i.ADC_Init          stm32f10x_adc.o
    0x080003bc   0x000000b8   Code   RO         1338    i.ADC_RegularChannelConfig  stm32f10x_adc.o
    0x08000474   0x0000000a   Code   RO         1339    i.ADC_ResetCalibration  stm32f10x_adc.o
    0x0800047e   0x00000016   Code   RO         1341    i.ADC_SoftwareStartConvCmd  stm32f10x_adc.o
    0x08000494   0x0000000a   Code   RO         1343    i.ADC_StartCalibration  stm32f10x_adc.o
    0x0800049e   0x00000002   PAD
    0x080004a0   0x0000014c   Code   RO          311    i.Adc_Init          adc.o
    0x080005ec   0x00000004   Code   RO          158    i.BusFault_Handler  stm32f10x_it.o
    0x080005f0   0x00000020   Code   RO          424    i.DMA1_Channel4_IRQHandler  dma.o
    0x08000610   0x0000001c   Code   RO         1593    i.DMA_ClearITPendingBit  stm32f10x_dma.o
    0x0800062c   0x00000018   Code   RO         1594    i.DMA_Cmd           stm32f10x_dma.o
    0x08000644   0x0000014c   Code   RO         1595    i.DMA_DeInit        stm32f10x_dma.o
    0x08000790   0x0000002c   Code   RO         1598    i.DMA_GetITStatus   stm32f10x_dma.o
    0x080007bc   0x00000012   Code   RO         1599    i.DMA_ITConfig      stm32f10x_dma.o
    0x080007ce   0x0000003c   Code   RO         1600    i.DMA_Init          stm32f10x_dma.o
    0x0800080a   0x00000004   Code   RO         1601    i.DMA_SetCurrDataCounter  stm32f10x_dma.o
    0x0800080e   0x00000002   PAD
    0x08000810   0x00000050   Code   RO          452    i.DSP_Reset_Init    spiflash.o
    0x08000860   0x00000002   Code   RO          159    i.DebugMon_Handler  stm32f10x_it.o
    0x08000862   0x0000000c   Code   RO          453    i.DelayUs           spiflash.o
    0x0800086e   0x00000002   PAD
    0x08000870   0x000000ec   Code   RO          356    i.ENCODER_SW_1      control.o
    0x0800095c   0x000000ec   Code   RO          357    i.ENCODER_SW_2      control.o
    0x08000a48   0x000000ec   Code   RO          358    i.ENCODER_SW_3      control.o
    0x08000b34   0x000000f0   Code   RO          359    i.ENCODER_SW_4      control.o
    0x08000c24   0x00000116   Code   RO          798    i.GPIO_Init         stm32f10x_gpio.o
    0x08000d3a   0x00000002   PAD
    0x08000d3c   0x00000090   Code   RO          800    i.GPIO_PinRemapConfig  stm32f10x_gpio.o
    0x08000dcc   0x00000004   Code   RO          805    i.GPIO_ResetBits    stm32f10x_gpio.o
    0x08000dd0   0x00000004   Code   RO          806    i.GPIO_SetBits      stm32f10x_gpio.o
    0x08000dd4   0x0000003c   Code   RO          312    i.Get_Adc           adc.o
    0x08000e10   0x00000032   Code   RO          313    i.Get_Adc_Average   adc.o
    0x08000e42   0x00000004   Code   RO          160    i.HardFault_Handler  stm32f10x_it.o
    0x08000e46   0x00000002   PAD
    0x08000e48   0x000000ac   Code   RO          335    i.KEY_Init          key.o
    0x08000ef4   0x00000294   Code   RO          336    i.KEY_Scan          key.o
    0x08001188   0x000002b8   Code   RO          360    i.KOGNZHI_1         control.o
    0x08001440   0x00000060   Code   RO          281    i.LED_Def           led.o
    0x080014a0   0x0000005c   Code   RO          282    i.LED_Init          led.o
    0x080014fc   0x0000006c   Code   RO          284    i.LED_bright_one    led.o
    0x08001568   0x00000084   Code   RO          425    i.MYDMA_Config      dma.o
    0x080015ec   0x00000034   Code   RO          426    i.MYDMA_Enable      dma.o
    0x08001620   0x00000004   Code   RO          161    i.MemManage_Handler  stm32f10x_it.o
    0x08001624   0x00000002   Code   RO          162    i.NMI_Handler       stm32f10x_it.o
    0x08001626   0x00000002   PAD
    0x08001628   0x00000070   Code   RO          756    i.NVIC_Init         misc.o
    0x08001698   0x00000014   Code   RO          757    i.NVIC_PriorityGroupConfig  misc.o
    0x080016ac   0x0000000c   Code   RO         1532    i.PWR_BackupAccessCmd  stm32f10x_pwr.o
    0x080016b8   0x00000002   Code   RO          163    i.PendSV_Handler    stm32f10x_it.o
    0x080016ba   0x00000002   PAD
    0x080016bc   0x00000018   Code   RO          930    i.RCC_ADCCLKConfig  stm32f10x_rcc.o
    0x080016d4   0x00000020   Code   RO          931    i.RCC_AHBPeriphClockCmd  stm32f10x_rcc.o
    0x080016f4   0x00000020   Code   RO          934    i.RCC_APB2PeriphClockCmd  stm32f10x_rcc.o
    0x08001714   0x00000020   Code   RO          935    i.RCC_APB2PeriphResetCmd  stm32f10x_rcc.o
    0x08001734   0x000000d4   Code   RO          942    i.RCC_GetClocksFreq  stm32f10x_rcc.o
    0x08001808   0x00000034   Code   RO          950    i.RCC_LSEConfig     stm32f10x_rcc.o
    0x0800183c   0x000000dc   Code   RO          461    i.SPI_DSP_CODE_Init  spiflash.o
    0x08001918   0x00000002   Code   RO          164    i.SVC_Handler       stm32f10x_it.o
    0x0800191a   0x00000002   PAD
    0x0800191c   0x00000210   Code   RO          361    i.SendBuff_Init     control.o
    0x08001b2c   0x00000008   Code   RO          247    i.SetSysClock       system_stm32f10x.o
    0x08001b34   0x000000e0   Code   RO          248    i.SetSysClockTo72   system_stm32f10x.o
    0x08001c14   0x00000028   Code   RO          760    i.SysTick_CLKSourceConfig  misc.o
    0x08001c3c   0x00000002   Code   RO          165    i.SysTick_Handler   stm32f10x_it.o
    0x08001c3e   0x00000002   PAD
    0x08001c40   0x00000060   Code   RO          250    i.SystemInit        system_stm32f10x.o
    0x08001ca0   0x00000104   Code   RO          698    i.USART1_IRQHandler  usart.o
    0x08001da4   0x00000018   Code   RO         1134    i.USART_Cmd         stm32f10x_usart.o
    0x08001dbc   0x00000012   Code   RO         1135    i.USART_DMACmd      stm32f10x_usart.o
    0x08001dce   0x0000001a   Code   RO         1137    i.USART_GetFlagStatus  stm32f10x_usart.o
    0x08001de8   0x00000054   Code   RO         1138    i.USART_GetITStatus  stm32f10x_usart.o
    0x08001e3c   0x0000004a   Code   RO         1140    i.USART_ITConfig    stm32f10x_usart.o
    0x08001e86   0x00000002   PAD
    0x08001e88   0x000000d8   Code   RO         1141    i.USART_Init        stm32f10x_usart.o
    0x08001f60   0x000002f8   Code   RO          362    i.USART_Light       control.o
    0x08002258   0x0000000a   Code   RO         1148    i.USART_ReceiveData  stm32f10x_usart.o
    0x08002262   0x00000002   PAD
    0x08002264   0x0000001c   Code   RO          363    i.USART_check       control.o
    0x08002280   0x00000004   Code   RO          166    i.UsageFault_Handler  stm32f10x_it.o
    0x08002284   0x00000006   Code   RO          699    i._sys_exit         usart.o
    0x0800228a   0x00000002   PAD
    0x0800228c   0x000000a4   Code   RO            1    i.check_usart       main.o
    0x08002330   0x00000054   Code   RO          577    i.dac_iic_ack       myiic.o
    0x08002384   0x00000054   Code   RO          578    i.dac_iic_init      myiic.o
    0x080023d8   0x00000054   Code   RO          579    i.dac_iic_nack      myiic.o
    0x0800242c   0x00000074   Code   RO          580    i.dac_iic_read_byte  myiic.o
    0x080024a0   0x000000bc   Code   RO          581    i.dac_iic_send_byte  myiic.o
    0x0800255c   0x00000050   Code   RO          582    i.dac_iic_start     myiic.o
    0x080025ac   0x00000050   Code   RO          583    i.dac_iic_stop      myiic.o
    0x080025fc   0x00000044   Code   RO          643    i.delay_init        delay.o
    0x08002640   0x0000004c   Code   RO          644    i.delay_ms          delay.o
    0x0800268c   0x0000004c   Code   RO          645    i.delay_us          delay.o
    0x080026d8   0x00000060   Code   RO            2    i.key_state_tration  main.o
    0x08002738   0x000001ec   Code   RO            3    i.main              main.o
    0x08002924   0x00000010   Code   RO          364    i.myabs             control.o
    0x08002934   0x00000042   Code   RO          585    i.read_dac_data0    myiic.o
    0x08002976   0x00000002   PAD
    0x08002978   0x000000a4   Code   RO          701    i.uart_init         usart.o
    0x08002a1c   0x00000044   Code   RO          586    i.write_dac_data0   myiic.o
    0x08002a60   0x00000020   Data   RO         1822    Region$$Table       anon$$obj.o


    Execution Region ER_RW (Base: 0x20000000, Size: 0x00000158, Max: 0xffffffff, ABSOLUTE, COMPRESSED[0x00000094])

    Base Addr    Size         Type   Attr      Idx    E Section Name        Object

    0x20000000   0x00000059   Data   RW            6    .data               main.o
    0x20000059   0x00000003   PAD
    0x2000005c   0x00000014   Data   RW          251    .data               system_stm32f10x.o
    0x20000070   0x00000065   Data   RW          337    .data               key.o
    0x200000d5   0x00000001   PAD
    0x200000d6   0x00000052   Data   RW          366    .data               control.o
    0x20000128   0x00000004   Data   RW          427    .data               dma.o
    0x2000012c   0x00000001   Data   RW          470    .data               spiflash.o
    0x2000012d   0x00000001   PAD
    0x2000012e   0x00000004   Data   RW          646    .data               delay.o
    0x20000132   0x00000002   PAD
    0x20000134   0x0000000e   Data   RW          703    .data               usart.o
    0x20000142   0x00000014   Data   RW          962    .data               stm32f10x_rcc.o


    Execution Region ER_ZI (Base: 0x20000158, Size: 0x00000778, Max: 0xffffffff, ABSOLUTE)

    Base Addr    Size         Type   Attr      Idx    E Section Name        Object

    0x20000158   0x00000055   Zero   RW            4    .bss                main.o
    0x200001ad   0x00000001   PAD
    0x200001ae   0x0000006e   Zero   RW          365    .bss                control.o
    0x2000021c   0x00000053   Zero   RW          702    .bss                usart.o
    0x2000026f   0x00000001   PAD
    0x20000270   0x00000060   Zero   RW         1701    .bss                c_w.l(libspace.o)
    0x200002d0   0x00000200   Zero   RW          750    HEAP                startup_stm32f10x_hd.o
    0x200004d0   0x00000400   Zero   RW          749    STACK               startup_stm32f10x_hd.o


==============================================================================

Image component sizes


      Code (inc. data)   RO Data    RW Data    ZI Data      Debug   Object Name

       442         24          0          0          0       2191   adc.o
      2976        356          0         82        110       8528   control.o
       220         26          0          4          0       1619   delay.o
       216         20          0          4          0       2277   dma.o
       832         66          0        101          0       2095   key.o
       296         30          0          0          0       1874   led.o
       752        104          0         89         85     254673   main.o
       172         22          0          0          0       1981   misc.o
       850        122          0          0          0       4954   myiic.o
       312         16          0          1          0       1816   spiflash.o
        64         26        304          0       1536        780   startup_stm32f10x_hd.o
       486         24          0          0          0       8282   stm32f10x_adc.o
       510         26          0          0          0       5540   stm32f10x_dma.o
       430          6          0          0          0       3754   stm32f10x_gpio.o
        26          0          0          0          0       3534   stm32f10x_it.o
        12          6          0          0          0        490   stm32f10x_pwr.o
       384         50          0         20          0       5917   stm32f10x_rcc.o
       452          6          0          0          0       6007   stm32f10x_usart.o
         0          0          0          0          0         32   sys.o
       328         28          0         20          0       1997   system_stm32f10x.o
       430         30          0         14         83       3846   usart.o

    ----------------------------------------------------------------------
     10220        988        336        344       1816     322187   Object Totals
         0          0         32          0          0          0   (incl. Generated)
        30          0          0          9          2          0   (incl. Padding)

    ----------------------------------------------------------------------

      Code (inc. data)   RO Data    RW Data    ZI Data      Debug   Library Member Name

        90          0          0          0          0          0   __dczerorl2.o
         8          0          0          0          0         68   __main.o
         0          0          0          0          0          0   __rtentry.o
        12          0          0          0          0          0   __rtentry2.o
         6          0          0          0          0          0   __rtentry4.o
        52          8          0          0          0          0   __scatter.o
        28          0          0          0          0          0   __scatter_zi.o
        12          0          0          0          0         72   exit.o
         6          0          0          0          0        152   heapauxi.o
         2          0          0          0          0          0   libinit.o
         2          0          0          0          0          0   libinit2.o
         2          0          0          0          0          0   libshutdown.o
         2          0          0          0          0          0   libshutdown2.o
         8          4          0          0         96         68   libspace.o
         2          0          0          0          0          0   rtexit.o
        10          0          0          0          0          0   rtexit2.o
        74          0          0          0          0         80   sys_stackheap_outer.o
         2          0          0          0          0         68   use_no_semi.o
         2          0          0          0          0         68   use_no_semi_2.o

    ----------------------------------------------------------------------
       324         12          0          0         96        576   Library Totals
         4          0          0          0          0          0   (incl. Padding)

    ----------------------------------------------------------------------

      Code (inc. data)   RO Data    RW Data    ZI Data      Debug   Library Name

       320         12          0          0         96        576   c_w.l

    ----------------------------------------------------------------------
       324         12          0          0         96        576   Library Totals

    ----------------------------------------------------------------------

==============================================================================


      Code (inc. data)   RO Data    RW Data    ZI Data      Debug   

     10544       1000        336        344       1912     318027   Grand Totals
     10544       1000        336        148       1912     318027   ELF Image Totals (compressed)
     10544       1000        336        148          0          0   ROM Totals

==============================================================================

    Total RO  Size (Code + RO Data)                10880 (  10.63kB)
    Total RW  Size (RW Data + ZI Data)              2256 (   2.20kB)
    Total ROM Size (Code + RO Data + RW Data)      11028 (  10.77kB)

==============================================================================

