<html>
<body>
<pre>
<h1>礦ision Build Log</h1>
<h2>Tool Versions:</h2>
IDE-Version: μVision V5.14.0.0
Copyright (C) 2015 ARM Ltd and ARM Germany GmbH. All rights reserved.
License Information: huangjie18 Microsoft, Microsoft, LIC=FQQBS-L8JIL-04LSQ-NRN9R-0BQKG-HDE7P
 
Tool Versions:
Toolchain:       MDK-ARM Professional  Version: 5.14.0.0
Toolchain Path:  C:\Keil_v5\ARM\ARMCC\Bin
C Compiler:      Armcc.exe V5.05 update 1 (build 106)
Assembler:       Armasm.exe V5.05 update 1 (build 106)
Linker/Locator:  ArmLink.exe V5.05 update 1 (build 106)
Library Manager: ArmAr.exe V5.05 update 1 (build 106)
Hex Converter:   FromElf.exe V5.05 update 1 (build 106)
CPU DLL:         SARMCM3.DLL V5.14.0.0
Dialog DLL:      DARMSTM.DLL V1.65.0.0
Target DLL:      STLink\ST-LINKIII-KEIL_SWO.dll V2.0.14.0_KEIL
Dialog DLL:      TARMSTM.DLL V1.64.0.0
 
<h2>Project:</h2>
F:\公司\程序\F1ili9225程序2.2寸\USER\LED.uvprojx
Project File Date:  08/15/2017

<h2>Output:</h2>
Build target 'LED'
compiling main.c...
main.c(14): warning:  #177-D: variable "j" was declared but never referenced
         int j;
main.c: 1 warning, 0 errors
compiling led.c...
..\HARDWARE\LED\led.c(355): warning:  #1-D: last line of file ends without a newline
  }
..\HARDWARE\LED\led.c(348): warning:  #177-D: variable "i" was declared but never referenced
        u8 i=0,j=0,temp=0;
..\HARDWARE\LED\led.c(348): warning:  #177-D: variable "temp" was declared but never referenced
        u8 i=0,j=0,temp=0;
..\HARDWARE\LED\led.c: 3 warnings, 0 errors
linking...
Program Size: Code=2640 RO-data=1856 RW-data=32 ZI-data=1832  
FromELF: creating hex file...
"..\OBJ\LED.axf" - 0 Error(s), 4 Warning(s).

<h2>Collection of Component include folders:</h2>
  F:\公司\程序\F1ili9225程序2.2寸\USER\RTE
  C:\Keil_v5\ARM\PACK\Keil\STM32F1xx_DFP\1.0.5\Device\Include

<h2>Collection of Component Files used:</h2>
</pre>
</body>
</html>
