<html>
<body>
<pre>
<h1>礦ision Build Log</h1>
<h2>Tool Versions:</h2>
IDE-Version: μVision V5.15
Copyright (C) 2015 ARM Ltd and ARM Germany GmbH. All rights reserved.
License Information: huangjie18 Microsoft, Microsoft, LIC=GE72Z-J1B51-HP4ZN-YB5S8-LD2AH-93K8B
 
Tool Versions:
Toolchain:       MDK-ARM Professional  Version: 5.15.0
Toolchain Path:  C:\Keil_v5\ARM\ARMCC\Bin
C Compiler:      Armcc.exe V5.05 update 2 (build 169)
Assembler:       Armasm.exe V5.05 update 2 (build 169)
Linker/Locator:  ArmLink.exe V5.05 update 2 (build 169)
Library Manager: ArmAr.exe V5.05 update 2 (build 169)
Hex Converter:   FromElf.exe V5.05 update 2 (build 169)
CPU DLL:         SARMCM3.DLL V5.15.0
Dialog DLL:      DARMSTM.DLL V1.65.0.0
Target DLL:      STLink\ST-LINKIII-KEIL_SWO.dll V2.0.15.0_KEIL
Dialog DLL:      TARMSTM.DLL V1.64.0.0
 
<h2>Project:</h2>
D:\GitHub\LCD_Drive\F1系列\F1ili9326程序2.6寸\USER\LED.uvprojx
Project File Date:  01/26/2018

<h2>Output:</h2>
*** Using Compiler 'V5.05 update 2 (build 169)', folder: 'C:\Keil_v5\ARM\ARMCC\Bin'
Build target 'LED'
compiling main.c...
main.c(46): warning:  #177-D: variable "i" was declared but never referenced
        u8 i=0,x=0,y=0;
main.c(46): warning:  #177-D: variable "x" was declared but never referenced
        u8 i=0,x=0,y=0;
main.c(46): warning:  #177-D: variable "y" was declared but never referenced
        u8 i=0,x=0,y=0;
main.c: 3 warnings, 0 errors
compiling exti.c...
..\HARDWARE\EXTI\exti.c(225): warning:  #1-D: last line of file ends without a newline
  }
..\HARDWARE\EXTI\exti.c: 1 warning, 0 errors
linking...
Program Size: Code=4336 RO-data=336 RW-data=40 ZI-data=1832  
FromELF: creating hex file...
"..\OBJ\LED.axf" - 0 Error(s), 4 Warning(s).

<h2>Collection of Component include folders:</h2>
  D:\GitHub\LCD_Drive\F1系列\F1ili9326程序2.6寸\USER\RTE
  C:\Keil_v5\ARM\PACK\Keil\STM32F1xx_DFP\2.2.0\Device\Include

<h2>Collection of Component Files used:</h2>
</pre>
</body>
</html>
